
> vite_react_shadcn_ts@0.0.0 test
> vitest run --reporter=verbose


 RUN  v3.2.4 /Users/juanmunoz/Documents/GitHub/archery-club-hub

 ✓ src/test/example.test.ts > example > should pass 1ms
stdout | src/pages/__tests__/InvitationRegisterPage.test.tsx > InvitationRegisterPage > debe mostrar 'Enlace Expirado' si la invitación no existe
Invitation invalid or expired: [1mnull[22m

stderr | src/pages/__tests__/InvitationRegisterPage.test.tsx > InvitationRegisterPage > debe mostrar 'Enlace Expirado' si la invitación no existe
⚠️ React Router Future Flag Warning: React Router will begin wrapping state updates in `React.startTransition` in v7. You can use the `v7_startTransition` future flag to opt-in early. For more information, see https://reactrouter.com/v6/upgrading/future#v7_starttransition.
⚠️ React Router Future Flag Warning: Relative route resolution within Splat routes is changing in v7. You can use the `v7_relativeSplatPath` future flag to opt-in early. For more information, see https://reactrouter.com/v6/upgrading/future#v7_relativesplatpath.

stderr | src/pages/__tests__/RegisterClubPage.test.tsx > RegisterClubPage > debe cargar los planes al iniciar
⚠️ React Router Future Flag Warning: React Router will begin wrapping state updates in `React.startTransition` in v7. You can use the `v7_startTransition` future flag to opt-in early. For more information, see https://reactrouter.com/v6/upgrading/future#v7_starttransition.
⚠️ React Router Future Flag Warning: Relative route resolution within Splat routes is changing in v7. You can use the `v7_relativeSplatPath` future flag to opt-in early. For more information, see https://reactrouter.com/v6/upgrading/future#v7_relativesplatpath.

stderr | src/pages/__tests__/InvitationRegisterPage.test.tsx > InvitationRegisterPage > debe cargar los datos del club e invitación si el token es válido
Error: Uncaught [ReferenceError: ResizeObserver is not defined]
    at reportException (/Users/juanmunoz/Documents/GitHub/archery-club-hub/node_modules/.pnpm/jsdom@20.0.3/node_modules/jsdom/lib/jsdom/living/helpers/runtime-script-errors.js:66:24)
    at innerInvokeEventListeners (/Users/juanmunoz/Documents/GitHub/archery-club-hub/node_modules/.pnpm/jsdom@20.0.3/node_modules/jsdom/lib/jsdom/living/events/EventTarget-impl.js:353:9)
    at invokeEventListeners (/Users/juanmunoz/Documents/GitHub/archery-club-hub/node_modules/.pnpm/jsdom@20.0.3/node_modules/jsdom/lib/jsdom/living/events/EventTarget-impl.js:286:3)
    at HTMLUnknownElementImpl._dispatch (/Users/juanmunoz/Documents/GitHub/archery-club-hub/node_modules/.pnpm/jsdom@20.0.3/node_modules/jsdom/lib/jsdom/living/events/EventTarget-impl.js:233:9)
    at HTMLUnknownElementImpl.dispatchEvent (/Users/juanmunoz/Documents/GitHub/archery-club-hub/node_modules/.pnpm/jsdom@20.0.3/node_modules/jsdom/lib/jsdom/living/events/EventTarget-impl.js:104:17)
    at HTMLUnknownElement.dispatchEvent (/Users/juanmunoz/Documents/GitHub/archery-club-hub/node_modules/.pnpm/jsdom@20.0.3/node_modules/jsdom/lib/jsdom/living/generated/EventTarget.js:241:34)
    at Object.invokeGuardedCallbackDev (/Users/juanmunoz/Documents/GitHub/archery-club-hub/node_modules/.pnpm/react-dom@18.3.1_react@18.3.1/node_modules/react-dom/cjs/react-dom.development.js:4213:16)
    at invokeGuardedCallback (/Users/juanmunoz/Documents/GitHub/archery-club-hub/node_modules/.pnpm/react-dom@18.3.1_react@18.3.1/node_modules/react-dom/cjs/react-dom.development.js:4277:31)
    at reportUncaughtErrorInDEV (/Users/juanmunoz/Documents/GitHub/archery-club-hub/node_modules/.pnpm/react-dom@18.3.1_react@18.3.1/node_modules/react-dom/cjs/react-dom.development.js:22877:5)
    at captureCommitPhaseError (/Users/juanmunoz/Documents/GitHub/archery-club-hub/node_modules/.pnpm/react-dom@18.3.1_react@18.3.1/node_modules/react-dom/cjs/react-dom.development.js:27165:5) ReferenceError: ResizeObserver is not defined
    at [90mfile:///Users/juanmunoz/Documents/GitHub/archery-club-hub/[39mnode_modules/[4m.pnpm[24m/@radix-ui+react-use-size@1.1.1_@types+react@18.3.28_react@18.3.1/node_modules/[4m@radix-ui[24m/react-use-size/src/use-size.tsx:14:30
    at commitHookEffectListMount [90m(/Users/juanmunoz/Documents/GitHub/archery-club-hub/[39mnode_modules/[4m.pnpm[24m/react-dom@18.3.1_react@18.3.1/node_modules/[4mreact-dom[24m/cjs/react-dom.development.js:23189:26[90m)[39m
    at commitLayoutEffectOnFiber [90m(/Users/juanmunoz/Documents/GitHub/archery-club-hub/[39mnode_modules/[4m.pnpm[24m/react-dom@18.3.1_react@18.3.1/node_modules/[4mreact-dom[24m/cjs/react-dom.development.js:23312:15[90m)[39m
    at commitLayoutMountEffects_complete [90m(/Users/juanmunoz/Documents/GitHub/archery-club-hub/[39mnode_modules/[4m.pnpm[24m/react-dom@18.3.1_react@18.3.1/node_modules/[4mreact-dom[24m/cjs/react-dom.development.js:24727:9[90m)[39m
    at commitLayoutEffects_begin [90m(/Users/juanmunoz/Documents/GitHub/archery-club-hub/[39mnode_modules/[4m.pnpm[24m/react-dom@18.3.1_react@18.3.1/node_modules/[4mreact-dom[24m/cjs/react-dom.development.js:24713:7[90m)[39m
    at commitLayoutEffects [90m(/Users/juanmunoz/Documents/GitHub/archery-club-hub/[39mnode_modules/[4m.pnpm[24m/react-dom@18.3.1_react@18.3.1/node_modules/[4mreact-dom[24m/cjs/react-dom.development.js:24651:3[90m)[39m
    at commitRootImpl [90m(/Users/juanmunoz/Documents/GitHub/archery-club-hub/[39mnode_modules/[4m.pnpm[24m/react-dom@18.3.1_react@18.3.1/node_modules/[4mreact-dom[24m/cjs/react-dom.development.js:26862:5[90m)[39m
    at commitRoot [90m(/Users/juanmunoz/Documents/GitHub/archery-club-hub/[39mnode_modules/[4m.pnpm[24m/react-dom@18.3.1_react@18.3.1/node_modules/[4mreact-dom[24m/cjs/react-dom.development.js:26721:5[90m)[39m
    at performSyncWorkOnRoot [90m(/Users/juanmunoz/Documents/GitHub/archery-club-hub/[39mnode_modules/[4m.pnpm[24m/react-dom@18.3.1_react@18.3.1/node_modules/[4mreact-dom[24m/cjs/react-dom.development.js:26156:3[90m)[39m
    at flushSyncCallbacks [90m(/Users/juanmunoz/Documents/GitHub/archery-club-hub/[39mnode_modules/[4m.pnpm[24m/react-dom@18.3.1_react@18.3.1/node_modules/[4mreact-dom[24m/cjs/react-dom.development.js:12042:22[90m)[39m
The above error occurred in the <CheckboxBubbleInput> component:

    at file:///Users/juanmunoz/Documents/GitHub/archery-club-hub/node_modules/.pnpm/@radix-ui+react-checkbox@1.3.3_@types+react-dom@18.3.7_@types+react@18.3.28__@types+rea_4fc6cdc92cef03c1a6fe7bff5e983d83/node_modules/@radix-ui/react-checkbox/dist/index.mjs:196:6
    at Provider (file:///Users/juanmunoz/Documents/GitHub/archery-club-hub/node_modules/.pnpm/@radix-ui+react-context@1.1.2_@types+react@18.3.28_react@18.3.1/node_modules/@radix-ui/react-context/dist/index.mjs:27:15)
    at CheckboxProvider (file:///Users/juanmunoz/Documents/GitHub/archery-club-hub/node_modules/.pnpm/@radix-ui+react-checkbox@1.3.3_@types+react-dom@18.3.7_@types+react@18.3.28__@types+rea_4fc6cdc92cef03c1a6fe7bff5e983d83/node_modules/@radix-ui/react-checkbox/dist/index.mjs:19:5)
    at file:///Users/juanmunoz/Documents/GitHub/archery-club-hub/node_modules/.pnpm/@radix-ui+react-checkbox@1.3.3_@types+react-dom@18.3.7_@types+react@18.3.28__@types+rea_4fc6cdc92cef03c1a6fe7bff5e983d83/node_modules/@radix-ui/react-checkbox/dist/index.mjs:126:7
    at /Users/juanmunoz/Documents/GitHub/archery-club-hub/src/components/ui/checkbox.tsx:11:68
    at div
    at div
    at form
    at div
    at MotionDOMComponent (file:///Users/juanmunoz/Documents/GitHub/archery-club-hub/node_modules/.pnpm/framer-motion@12.34.0_react-dom@18.3.1_react@18.3.1__react@18.3.1/node_modules/framer-motion/dist/es/motion/index.mjs:46:16)
    at div
    at InvitationRegisterPage (/Users/juanmunoz/Documents/GitHub/archery-club-hub/src/pages/InvitationRegisterPage.tsx:26:50)
    at Router (/Users/juanmunoz/Documents/GitHub/archery-club-hub/node_modules/.pnpm/react-router@6.30.3_react@18.3.1/node_modules/react-router/dist/umd/react-router.development.js:1207:17)
    at BrowserRouter (/Users/juanmunoz/Documents/GitHub/archery-club-hub/node_modules/.pnpm/react-router-dom@6.30.3_react-dom@18.3.1_react@18.3.1__react@18.3.1/node_modules/react-router-dom/dist/umd/react-router-dom.development.js:695:7)

Consider adding an error boundary to your tree to customize error handling behavior.
Visit https://reactjs.org/link/error-boundaries to learn more about error boundaries.

 ✓ src/pages/__tests__/InvitationRegisterPage.test.tsx > InvitationRegisterPage > debe mostrar 'Enlace Expirado' si la invitación no existe 56ms
stderr | src/pages/__tests__/RegisterClubPage.test.tsx > RegisterClubPage > no debe mostrar los campos de montos de inscripción y mensualidad
Warning: An update to RegisterClubPage inside a test was not wrapped in act(...).

When testing, code that causes React state updates should be wrapped into act(...):

act(() => {
  /* fire events that update state */
});
/* assert on the output */

This ensures that you're testing the behavior the user would see in the browser. Learn more at https://reactjs.org/link/wrap-tests-with-act
    at RegisterClubPage (/Users/juanmunoz/Documents/GitHub/archery-club-hub/src/pages/RegisterClubPage.tsx:26:59)
    at Router (/Users/juanmunoz/Documents/GitHub/archery-club-hub/node_modules/.pnpm/react-router@6.30.3_react@18.3.1/node_modules/react-router/dist/umd/react-router.development.js:1207:17)
    at BrowserRouter (/Users/juanmunoz/Documents/GitHub/archery-club-hub/node_modules/.pnpm/react-router-dom@6.30.3_react-dom@18.3.1_react@18.3.1__react@18.3.1/node_modules/react-router-dom/dist/umd/react-router-dom.development.js:695:7)
Warning: An update to RegisterClubPage inside a test was not wrapped in act(...).

When testing, code that causes React state updates should be wrapped into act(...):

act(() => {
  /* fire events that update state */
});
/* assert on the output */

This ensures that you're testing the behavior the user would see in the browser. Learn more at https://reactjs.org/link/wrap-tests-with-act
    at RegisterClubPage (/Users/juanmunoz/Documents/GitHub/archery-club-hub/src/pages/RegisterClubPage.tsx:26:59)
    at Router (/Users/juanmunoz/Documents/GitHub/archery-club-hub/node_modules/.pnpm/react-router@6.30.3_react@18.3.1/node_modules/react-router/dist/umd/react-router.development.js:1207:17)
    at BrowserRouter (/Users/juanmunoz/Documents/GitHub/archery-club-hub/node_modules/.pnpm/react-router-dom@6.30.3_react-dom@18.3.1_react@18.3.1__react@18.3.1/node_modules/react-router-dom/dist/umd/react-router-dom.development.js:695:7)
Warning: An update to Select inside a test was not wrapped in act(...).

When testing, code that causes React state updates should be wrapped into act(...):

act(() => {
  /* fire events that update state */
});
/* assert on the output */

This ensures that you're testing the behavior the user would see in the browser. Learn more at https://reactjs.org/link/wrap-tests-with-act
    at Select (file:///Users/juanmunoz/Documents/GitHub/archery-club-hub/node_modules/.pnpm/@radix-ui+react-select@2.2.6_@types+react-dom@18.3.7_@types+react@18.3.28__@types+react_f9b05e8db7247fc075715ae52301583d/node_modules/@radix-ui/react-select/dist/index.mjs:42:5)
    at div
    at form
    at div
    at div
    at MotionDOMComponent (file:///Users/juanmunoz/Documents/GitHub/archery-club-hub/node_modules/.pnpm/framer-motion@12.34.0_react-dom@18.3.1_react@18.3.1__react@18.3.1/node_modules/framer-motion/dist/es/motion/index.mjs:46:16)
    at div
    at RegisterClubPage (/Users/juanmunoz/Documents/GitHub/archery-club-hub/src/pages/RegisterClubPage.tsx:26:59)
    at Router (/Users/juanmunoz/Documents/GitHub/archery-club-hub/node_modules/.pnpm/react-router@6.30.3_react@18.3.1/node_modules/react-router/dist/umd/react-router.development.js:1207:17)
    at BrowserRouter (/Users/juanmunoz/Documents/GitHub/archery-club-hub/node_modules/.pnpm/react-router-dom@6.30.3_react-dom@18.3.1_react@18.3.1__react@18.3.1/node_modules/react-router-dom/dist/umd/react-router-dom.development.js:695:7)
Warning: An update to Select inside a test was not wrapped in act(...).

When testing, code that causes React state updates should be wrapped into act(...):

act(() => {
  /* fire events that update state */
});
/* assert on the output */

This ensures that you're testing the behavior the user would see in the browser. Learn more at https://reactjs.org/link/wrap-tests-with-act
    at Select (file:///Users/juanmunoz/Documents/GitHub/archery-club-hub/node_modules/.pnpm/@radix-ui+react-select@2.2.6_@types+react-dom@18.3.7_@types+react@18.3.28__@types+react_f9b05e8db7247fc075715ae52301583d/node_modules/@radix-ui/react-select/dist/index.mjs:42:5)
    at div
    at form
    at div
    at div
    at MotionDOMComponent (file:///Users/juanmunoz/Documents/GitHub/archery-club-hub/node_modules/.pnpm/framer-motion@12.34.0_react-dom@18.3.1_react@18.3.1__react@18.3.1/node_modules/framer-motion/dist/es/motion/index.mjs:46:16)
    at div
    at RegisterClubPage (/Users/juanmunoz/Documents/GitHub/archery-club-hub/src/pages/RegisterClubPage.tsx:26:59)
    at Router (/Users/juanmunoz/Documents/GitHub/archery-club-hub/node_modules/.pnpm/react-router@6.30.3_react@18.3.1/node_modules/react-router/dist/umd/react-router.development.js:1207:17)
    at BrowserRouter (/Users/juanmunoz/Documents/GitHub/archery-club-hub/node_modules/.pnpm/react-router-dom@6.30.3_react-dom@18.3.1_react@18.3.1__react@18.3.1/node_modules/react-router-dom/dist/umd/react-router-dom.development.js:695:7)
Warning: An update to SelectItemText inside a test was not wrapped in act(...).

When testing, code that causes React state updates should be wrapped into act(...):

act(() => {
  /* fire events that update state */
});
/* assert on the output */

This ensures that you're testing the behavior the user would see in the browser. Learn more at https://reactjs.org/link/wrap-tests-with-act
    at file:///Users/juanmunoz/Documents/GitHub/archery-club-hub/node_modules/.pnpm/@radix-ui+react-select@2.2.6_@types+react-dom@18.3.7_@types+react@18.3.28__@types+react_f9b05e8db7247fc075715ae52301583d/node_modules/@radix-ui/react-select/dist/index.mjs:901:13
    at div
    at file:///Users/juanmunoz/Documents/GitHub/archery-club-hub/node_modules/.pnpm/@radix-ui+react-primitive@2.1.3_@types+react-dom@18.3.7_@types+react@18.3.28__@types+re_8827551f88f8a44c5b480e0d8a5a4518/node_modules/@radix-ui/react-primitive/dist/index.mjs:28:13
    at file:///Users/juanmunoz/Documents/GitHub/archery-club-hub/node_modules/.pnpm/@radix-ui+react-slot@1.2.3_@types+react@18.3.28_react@18.3.1/node_modules/@radix-ui/react-slot/dist/index.mjs:33:13
    at file:///Users/juanmunoz/Documents/GitHub/archery-club-hub/node_modules/.pnpm/@radix-ui+react-slot@1.2.3_@types+react@18.3.28_react@18.3.1/node_modules/@radix-ui/react-slot/dist/index.mjs:9:13
    at file:///Users/juanmunoz/Documents/GitHub/archery-club-hub/node_modules/.pnpm/@radix-ui+react-collection@1.1.7_@types+react-dom@18.3.7_@types+react@18.3.28__@types+r_4e264787f1cadc3b39e6411b3bc7d186/node_modules/@radix-ui/react-collection/dist/index.mjs:39:15
    at Provider (file:///Users/juanmunoz/Documents/GitHub/archery-club-hub/node_modules/.pnpm/@radix-ui+react-context@1.1.2_@types+react@18.3.28_react@18.3.1/node_modules/@radix-ui/react-context/dist/index.mjs:27:15)
    at file:///Users/juanmunoz/Documents/GitHub/archery-club-hub/node_modules/.pnpm/@radix-ui+react-select@2.2.6_@types+react-dom@18.3.7_@types+react@18.3.28__@types+react_f9b05e8db7247fc075715ae52301583d/node_modules/@radix-ui/react-select/dist/index.mjs:800:7
    at /Users/juanmunoz/Documents/GitHub/archery-club-hub/src/components/ui/select.tsx:122:70
    at div
    at file:///Users/juanmunoz/Documents/GitHub/archery-club-hub/node_modules/.pnpm/@radix-ui+react-primitive@2.1.3_@types+react-dom@18.3.7_@types+react@18.3.28__@types+re_8827551f88f8a44c5b480e0d8a5a4518/node_modules/@radix-ui/react-primitive/dist/index.mjs:28:13
    at file:///Users/juanmunoz/Documents/GitHub/archery-club-hub/node_modules/.pnpm/@radix-ui+react-slot@1.2.3_@types+react@18.3.28_react@18.3.1/node_modules/@radix-ui/react-slot/dist/index.mjs:33:13
    at file:///Users/juanmunoz/Documents/GitHub/archery-club-hub/node_modules/.pnpm/@radix-ui+react-slot@1.2.3_@types+react@18.3.28_react@18.3.1/node_modules/@radix-ui/react-slot/dist/index.mjs:9:13
    at file:///Users/juanmunoz/Documents/GitHub/archery-club-hub/node_modules/.pnpm/@radix-ui+react-collection@1.1.7_@types+react-dom@18.3.7_@types+react@18.3.28__@types+r_4e264787f1cadc3b39e6411b3bc7d186/node_modules/@radix-ui/react-collection/dist/index.mjs:27:15
    at file:///Users/juanmunoz/Documents/GitHub/archery-club-hub/node_modules/.pnpm/@radix-ui+react-select@2.2.6_@types+react-dom@18.3.7_@types+react@18.3.28__@types+react_f9b05e8db7247fc075715ae52301583d/node_modules/@radix-ui/react-select/dist/index.mjs:711:13
    at div
    at file:///Users/juanmunoz/Documents/GitHub/archery-club-hub/node_modules/.pnpm/@radix-ui+react-slot@1.2.3_@types+react@18.3.28_react@18.3.1/node_modules/@radix-ui/react-slot/dist/index.mjs:33:13
    at file:///Users/juanmunoz/Documents/GitHub/archery-club-hub/node_modules/.pnpm/@radix-ui+react-slot@1.2.3_@types+react@18.3.28_react@18.3.1/node_modules/@radix-ui/react-slot/dist/index.mjs:9:13
    at file:///Users/juanmunoz/Documents/GitHub/archery-club-hub/node_modules/.pnpm/@radix-ui+react-collection@1.1.7_@types+react-dom@18.3.7_@types+react@18.3.28__@types+r_4e264787f1cadc3b39e6411b3bc7d186/node_modules/@radix-ui/react-collection/dist/index.mjs:27:15
    at Provider (file:///Users/juanmunoz/Documents/GitHub/archery-club-hub/node_modules/.pnpm/@radix-ui+react-context@1.1.2_@types+react@18.3.28_react@18.3.1/node_modules/@radix-ui/react-context/dist/index.mjs:27:15)
    at file:///Users/juanmunoz/Documents/GitHub/archery-club-hub/node_modules/.pnpm/@radix-ui+react-select@2.2.6_@types+react-dom@18.3.7_@types+react@18.3.28__@types+react_f9b05e8db7247fc075715ae52301583d/node_modules/@radix-ui/react-select/dist/index.mjs:256:58
    at file:///Users/juanmunoz/Documents/GitHub/archery-club-hub/node_modules/.pnpm/@radix-ui+react-slot@1.2.3_@types+react@18.3.28_react@18.3.1/node_modules/@radix-ui/react-slot/dist/index.mjs:33:13
    at file:///Users/juanmunoz/Documents/GitHub/archery-club-hub/node_modules/.pnpm/@radix-ui+react-slot@1.2.3_@types+react@18.3.28_react@18.3.1/node_modules/@radix-ui/react-slot/dist/index.mjs:9:13
    at file:///Users/juanmunoz/Documents/GitHub/archery-club-hub/node_modules/.pnpm/@radix-ui+react-primitive@2.1.3_@types+react-dom@18.3.7_@types+react@18.3.28__@types+re_8827551f88f8a44c5b480e0d8a5a4518/node_modules/@radix-ui/react-primitive/dist/index.mjs:28:13
    at file:///Users/juanmunoz/Documents/GitHub/archery-club-hub/node_modules/.pnpm/@radix-ui+react-portal@1.1.9_@types+react-dom@18.3.7_@types+react@18.3.28__@types+react_3d239322f44fd01c1fc3aece7e608026/node_modules/@radix-ui/react-portal/dist/index.mjs:11:22
    at SelectPortal
    at /Users/juanmunoz/Documents/GitHub/archery-club-hub/src/components/ui/select.tsx:75:73
    at Provider (file:///Users/juanmunoz/Documents/GitHub/archery-club-hub/node_modules/.pnpm/@radix-ui+react-context@1.1.2_@types+react@18.3.28_react@18.3.1/node_modules/@radix-ui/react-context/dist/index.mjs:27:15)
    at Provider (file:///Users/juanmunoz/Documents/GitHub/archery-club-hub/node_modules/.pnpm/@radix-ui+react-context@1.1.2_@types+react@18.3.28_react@18.3.1/node_modules/@radix-ui/react-context/dist/index.mjs:27:15)
    at CollectionProvider (file:///Users/juanmunoz/Documents/GitHub/archery-club-hub/node_modules/.pnpm/@radix-ui+react-collection@1.1.7_@types+react-dom@18.3.7_@types+react@18.3.28__@types+r_4e264787f1cadc3b39e6411b3bc7d186/node_modules/@radix-ui/react-collection/dist/index.mjs:17:13)
    at Provider (file:///Users/juanmunoz/Documents/GitHub/archery-club-hub/node_modules/.pnpm/@radix-ui+react-context@1.1.2_@types+react@18.3.28_react@18.3.1/node_modules/@radix-ui/react-context/dist/index.mjs:27:15)
    at Provider (file:///Users/juanmunoz/Documents/GitHub/archery-club-hub/node_modules/.pnpm/@radix-ui+react-context@1.1.2_@types+react@18.3.28_react@18.3.1/node_modules/@radix-ui/react-context/dist/index.mjs:27:15)
    at Popper (file:///Users/juanmunoz/Documents/GitHub/archery-club-hub/node_modules/.pnpm/@radix-ui+react-popper@1.2.8_@types+react-dom@18.3.7_@types+react@18.3.28__@types+react_670e32d9a64ee24e3a22b3ad7ddf00ff/node_modules/@radix-ui/react-popper/dist/index.mjs:30:11)
    at Select (file:///Users/juanmunoz/Documents/GitHub/archery-club-hub/node_modules/.pnpm/@radix-ui+react-select@2.2.6_@types+react-dom@18.3.7_@types+react@18.3.28__@types+react_f9b05e8db7247fc075715ae52301583d/node_modules/@radix-ui/react-select/dist/index.mjs:42:5)
    at div
    at form
    at div
    at div
    at MotionDOMComponent (file:///Users/juanmunoz/Documents/GitHub/archery-club-hub/node_modules/.pnpm/framer-motion@12.34.0_react-dom@18.3.1_react@18.3.1__react@18.3.1/node_modules/framer-motion/dist/es/motion/index.mjs:46:16)
    at div
    at RegisterClubPage (/Users/juanmunoz/Documents/GitHub/archery-club-hub/src/pages/RegisterClubPage.tsx:26:59)
    at Router (/Users/juanmunoz/Documents/GitHub/archery-club-hub/node_modules/.pnpm/react-router@6.30.3_react@18.3.1/node_modules/react-router/dist/umd/react-router.development.js:1207:17)
    at BrowserRouter (/Users/juanmunoz/Documents/GitHub/archery-club-hub/node_modules/.pnpm/react-router-dom@6.30.3_react-dom@18.3.1_react@18.3.1__react@18.3.1/node_modules/react-router-dom/dist/umd/react-router-dom.development.js:695:7)
Warning: An update to SelectItem inside a test was not wrapped in act(...).

When testing, code that causes React state updates should be wrapped into act(...):

act(() => {
  /* fire events that update state */
});
/* assert on the output */

This ensures that you're testing the behavior the user would see in the browser. Learn more at https://reactjs.org/link/wrap-tests-with-act
    at file:///Users/juanmunoz/Documents/GitHub/archery-club-hub/node_modules/.pnpm/@radix-ui+react-select@2.2.6_@types+react-dom@18.3.7_@types+react@18.3.28__@types+react_f9b05e8db7247fc075715ae52301583d/node_modules/@radix-ui/react-select/dist/index.mjs:800:7
    at /Users/juanmunoz/Documents/GitHub/archery-club-hub/src/components/ui/select.tsx:122:70
    at div
    at file:///Users/juanmunoz/Documents/GitHub/archery-club-hub/node_modules/.pnpm/@radix-ui+react-primitive@2.1.3_@types+react-dom@18.3.7_@types+react@18.3.28__@types+re_8827551f88f8a44c5b480e0d8a5a4518/node_modules/@radix-ui/react-primitive/dist/index.mjs:28:13
    at file:///Users/juanmunoz/Documents/GitHub/archery-club-hub/node_modules/.pnpm/@radix-ui+react-slot@1.2.3_@types+react@18.3.28_react@18.3.1/node_modules/@radix-ui/react-slot/dist/index.mjs:33:13
    at file:///Users/juanmunoz/Documents/GitHub/archery-club-hub/node_modules/.pnpm/@radix-ui+react-slot@1.2.3_@types+react@18.3.28_react@18.3.1/node_modules/@radix-ui/react-slot/dist/index.mjs:9:13
    at file:///Users/juanmunoz/Documents/GitHub/archery-club-hub/node_modules/.pnpm/@radix-ui+react-collection@1.1.7_@types+react-dom@18.3.7_@types+react@18.3.28__@types+r_4e264787f1cadc3b39e6411b3bc7d186/node_modules/@radix-ui/react-collection/dist/index.mjs:27:15
    at file:///Users/juanmunoz/Documents/GitHub/archery-club-hub/node_modules/.pnpm/@radix-ui+react-select@2.2.6_@types+react-dom@18.3.7_@types+react@18.3.28__@types+react_f9b05e8db7247fc075715ae52301583d/node_modules/@radix-ui/react-select/dist/index.mjs:711:13
    at div
    at file:///Users/juanmunoz/Documents/GitHub/archery-club-hub/node_modules/.pnpm/@radix-ui+react-slot@1.2.3_@types+react@18.3.28_react@18.3.1/node_modules/@radix-ui/react-slot/dist/index.mjs:33:13
    at file:///Users/juanmunoz/Documents/GitHub/archery-club-hub/node_modules/.pnpm/@radix-ui+react-slot@1.2.3_@types+react@18.3.28_react@18.3.1/node_modules/@radix-ui/react-slot/dist/index.mjs:9:13
    at file:///Users/juanmunoz/Documents/GitHub/archery-club-hub/node_modules/.pnpm/@radix-ui+react-collection@1.1.7_@types+react-dom@18.3.7_@types+react@18.3.28__@types+r_4e264787f1cadc3b39e6411b3bc7d186/node_modules/@radix-ui/react-collection/dist/index.mjs:27:15
    at Provider (file:///Users/juanmunoz/Documents/GitHub/archery-club-hub/node_modules/.pnpm/@radix-ui+react-context@1.1.2_@types+react@18.3.28_react@18.3.1/node_modules/@radix-ui/react-context/dist/index.mjs:27:15)
    at file:///Users/juanmunoz/Documents/GitHub/archery-club-hub/node_modules/.pnpm/@radix-ui+react-select@2.2.6_@types+react-dom@18.3.7_@types+react@18.3.28__@types+react_f9b05e8db7247fc075715ae52301583d/node_modules/@radix-ui/react-select/dist/index.mjs:256:58
    at file:///Users/juanmunoz/Documents/GitHub/archery-club-hub/node_modules/.pnpm/@radix-ui+react-slot@1.2.3_@types+react@18.3.28_react@18.3.1/node_modules/@radix-ui/react-slot/dist/index.mjs:33:13
    at file:///Users/juanmunoz/Documents/GitHub/archery-club-hub/node_modules/.pnpm/@radix-ui+react-slot@1.2.3_@types+react@18.3.28_react@18.3.1/node_modules/@radix-ui/react-slot/dist/index.mjs:9:13
    at file:///Users/juanmunoz/Documents/GitHub/archery-club-hub/node_modules/.pnpm/@radix-ui+react-primitive@2.1.3_@types+react-dom@18.3.7_@types+react@18.3.28__@types+re_8827551f88f8a44c5b480e0d8a5a4518/node_modules/@radix-ui/react-primitive/dist/index.mjs:28:13
    at file:///Users/juanmunoz/Documents/GitHub/archery-club-hub/node_modules/.pnpm/@radix-ui+react-portal@1.1.9_@types+react-dom@18.3.7_@types+react@18.3.28__@types+react_3d239322f44fd01c1fc3aece7e608026/node_modules/@radix-ui/react-portal/dist/index.mjs:11:22
    at SelectPortal
    at /Users/juanmunoz/Documents/GitHub/archery-club-hub/src/components/ui/select.tsx:75:73
    at Provider (file:///Users/juanmunoz/Documents/GitHub/archery-club-hub/node_modules/.pnpm/@radix-ui+react-context@1.1.2_@types+react@18.3.28_react@18.3.1/node_modules/@radix-ui/react-context/dist/index.mjs:27:15)
    at Provider (file:///Users/juanmunoz/Documents/GitHub/archery-club-hub/node_modules/.pnpm/@radix-ui+react-context@1.1.2_@types+react@18.3.28_react@18.3.1/node_modules/@radix-ui/react-context/dist/index.mjs:27:15)
    at CollectionProvider (file:///Users/juanmunoz/Documents/GitHub/archery-club-hub/node_modules/.pnpm/@radix-ui+react-collection@1.1.7_@types+react-dom@18.3.7_@types+react@18.3.28__@types+r_4e264787f1cadc3b39e6411b3bc7d186/node_modules/@radix-ui/react-collection/dist/index.mjs:17:13)
    at Provider (file:///Users/juanmunoz/Documents/GitHub/archery-club-hub/node_modules/.pnpm/@radix-ui+react-context@1.1.2_@types+react@18.3.28_react@18.3.1/node_modules/@radix-ui/react-context/dist/index.mjs:27:15)
    at Provider (file:///Users/juanmunoz/Documents/GitHub/archery-club-hub/node_modules/.pnpm/@radix-ui+react-context@1.1.2_@types+react@18.3.28_react@18.3.1/node_modules/@radix-ui/react-context/dist/index.mjs:27:15)
    at Popper (file:///Users/juanmunoz/Documents/GitHub/archery-club-hub/node_modules/.pnpm/@radix-ui+react-popper@1.2.8_@types+react-dom@18.3.7_@types+react@18.3.28__@types+react_670e32d9a64ee24e3a22b3ad7ddf00ff/node_modules/@radix-ui/react-popper/dist/index.mjs:30:11)
    at Select (file:///Users/juanmunoz/Documents/GitHub/archery-club-hub/node_modules/.pnpm/@radix-ui+react-select@2.2.6_@types+react-dom@18.3.7_@types+react@18.3.28__@types+react_f9b05e8db7247fc075715ae52301583d/node_modules/@radix-ui/react-select/dist/index.mjs:42:5)
    at div
    at form
    at div
    at div
    at MotionDOMComponent (file:///Users/juanmunoz/Documents/GitHub/archery-club-hub/node_modules/.pnpm/framer-motion@12.34.0_react-dom@18.3.1_react@18.3.1__react@18.3.1/node_modules/framer-motion/dist/es/motion/index.mjs:46:16)
    at div
    at RegisterClubPage (/Users/juanmunoz/Documents/GitHub/archery-club-hub/src/pages/RegisterClubPage.tsx:26:59)
    at Router (/Users/juanmunoz/Documents/GitHub/archery-club-hub/node_modules/.pnpm/react-router@6.30.3_react@18.3.1/node_modules/react-router/dist/umd/react-router.development.js:1207:17)
    at BrowserRouter (/Users/juanmunoz/Documents/GitHub/archery-club-hub/node_modules/.pnpm/react-router-dom@6.30.3_react-dom@18.3.1_react@18.3.1__react@18.3.1/node_modules/react-router-dom/dist/umd/react-router-dom.development.js:695:7)
Warning: An update to Select inside a test was not wrapped in act(...).

When testing, code that causes React state updates should be wrapped into act(...):

act(() => {
  /* fire events that update state */
});
/* assert on the output */

This ensures that you're testing the behavior the user would see in the browser. Learn more at https://reactjs.org/link/wrap-tests-with-act
    at Select (file:///Users/juanmunoz/Documents/GitHub/archery-club-hub/node_modules/.pnpm/@radix-ui+react-select@2.2.6_@types+react-dom@18.3.7_@types+react@18.3.28__@types+react_f9b05e8db7247fc075715ae52301583d/node_modules/@radix-ui/react-select/dist/index.mjs:42:5)
    at div
    at form
    at div
    at div
    at MotionDOMComponent (file:///Users/juanmunoz/Documents/GitHub/archery-club-hub/node_modules/.pnpm/framer-motion@12.34.0_react-dom@18.3.1_react@18.3.1__react@18.3.1/node_modules/framer-motion/dist/es/motion/index.mjs:46:16)
    at div
    at RegisterClubPage (/Users/juanmunoz/Documents/GitHub/archery-club-hub/src/pages/RegisterClubPage.tsx:26:59)
    at Router (/Users/juanmunoz/Documents/GitHub/archery-club-hub/node_modules/.pnpm/react-router@6.30.3_react@18.3.1/node_modules/react-router/dist/umd/react-router.development.js:1207:17)
    at BrowserRouter (/Users/juanmunoz/Documents/GitHub/archery-club-hub/node_modules/.pnpm/react-router-dom@6.30.3_react-dom@18.3.1_react@18.3.1__react@18.3.1/node_modules/react-router-dom/dist/umd/react-router-dom.development.js:695:7)
Warning: An update to SelectItem inside a test was not wrapped in act(...).

When testing, code that causes React state updates should be wrapped into act(...):

act(() => {
  /* fire events that update state */
});
/* assert on the output */

This ensures that you're testing the behavior the user would see in the browser. Learn more at https://reactjs.org/link/wrap-tests-with-act
    at file:///Users/juanmunoz/Documents/GitHub/archery-club-hub/node_modules/.pnpm/@radix-ui+react-select@2.2.6_@types+react-dom@18.3.7_@types+react@18.3.28__@types+react_f9b05e8db7247fc075715ae52301583d/node_modules/@radix-ui/react-select/dist/index.mjs:800:7
    at /Users/juanmunoz/Documents/GitHub/archery-club-hub/src/components/ui/select.tsx:122:70
    at div
    at file:///Users/juanmunoz/Documents/GitHub/archery-club-hub/node_modules/.pnpm/@radix-ui+react-primitive@2.1.3_@types+react-dom@18.3.7_@types+react@18.3.28__@types+re_8827551f88f8a44c5b480e0d8a5a4518/node_modules/@radix-ui/react-primitive/dist/index.mjs:28:13
    at file:///Users/juanmunoz/Documents/GitHub/archery-club-hub/node_modules/.pnpm/@radix-ui+react-slot@1.2.3_@types+react@18.3.28_react@18.3.1/node_modules/@radix-ui/react-slot/dist/index.mjs:33:13
    at file:///Users/juanmunoz/Documents/GitHub/archery-club-hub/node_modules/.pnpm/@radix-ui+react-slot@1.2.3_@types+react@18.3.28_react@18.3.1/node_modules/@radix-ui/react-slot/dist/index.mjs:9:13
    at file:///Users/juanmunoz/Documents/GitHub/archery-club-hub/node_modules/.pnpm/@radix-ui+react-collection@1.1.7_@types+react-dom@18.3.7_@types+react@18.3.28__@types+r_4e264787f1cadc3b39e6411b3bc7d186/node_modules/@radix-ui/react-collection/dist/index.mjs:27:15
    at file:///Users/juanmunoz/Documents/GitHub/archery-club-hub/node_modules/.pnpm/@radix-ui+react-select@2.2.6_@types+react-dom@18.3.7_@types+react@18.3.28__@types+react_f9b05e8db7247fc075715ae52301583d/node_modules/@radix-ui/react-select/dist/index.mjs:711:13
    at div
    at file:///Users/juanmunoz/Documents/GitHub/archery-club-hub/node_modules/.pnpm/@radix-ui+react-slot@1.2.3_@types+react@18.3.28_react@18.3.1/node_modules/@radix-ui/react-slot/dist/index.mjs:33:13
    at file:///Users/juanmunoz/Documents/GitHub/archery-club-hub/node_modules/.pnpm/@radix-ui+react-slot@1.2.3_@types+react@18.3.28_react@18.3.1/node_modules/@radix-ui/react-slot/dist/index.mjs:9:13
    at file:///Users/juanmunoz/Documents/GitHub/archery-club-hub/node_modules/.pnpm/@radix-ui+react-collection@1.1.7_@types+react-dom@18.3.7_@types+react@18.3.28__@types+r_4e264787f1cadc3b39e6411b3bc7d186/node_modules/@radix-ui/react-collection/dist/index.mjs:27:15
    at Provider (file:///Users/juanmunoz/Documents/GitHub/archery-club-hub/node_modules/.pnpm/@radix-ui+react-context@1.1.2_@types+react@18.3.28_react@18.3.1/node_modules/@radix-ui/react-context/dist/index.mjs:27:15)
    at file:///Users/juanmunoz/Documents/GitHub/archery-club-hub/node_modules/.pnpm/@radix-ui+react-select@2.2.6_@types+react-dom@18.3.7_@types+react@18.3.28__@types+react_f9b05e8db7247fc075715ae52301583d/node_modules/@radix-ui/react-select/dist/index.mjs:256:58
    at file:///Users/juanmunoz/Documents/GitHub/archery-club-hub/node_modules/.pnpm/@radix-ui+react-slot@1.2.3_@types+react@18.3.28_react@18.3.1/node_modules/@radix-ui/react-slot/dist/index.mjs:33:13
    at file:///Users/juanmunoz/Documents/GitHub/archery-club-hub/node_modules/.pnpm/@radix-ui+react-slot@1.2.3_@types+react@18.3.28_react@18.3.1/node_modules/@radix-ui/react-slot/dist/index.mjs:9:13
    at file:///Users/juanmunoz/Documents/GitHub/archery-club-hub/node_modules/.pnpm/@radix-ui+react-primitive@2.1.3_@types+react-dom@18.3.7_@types+react@18.3.28__@types+re_8827551f88f8a44c5b480e0d8a5a4518/node_modules/@radix-ui/react-primitive/dist/index.mjs:28:13
    at file:///Users/juanmunoz/Documents/GitHub/archery-club-hub/node_modules/.pnpm/@radix-ui+react-portal@1.1.9_@types+react-dom@18.3.7_@types+react@18.3.28__@types+react_3d239322f44fd01c1fc3aece7e608026/node_modules/@radix-ui/react-portal/dist/index.mjs:11:22
    at SelectPortal
    at /Users/juanmunoz/Documents/GitHub/archery-club-hub/src/components/ui/select.tsx:75:73
    at Provider (file:///Users/juanmunoz/Documents/GitHub/archery-club-hub/node_modules/.pnpm/@radix-ui+react-context@1.1.2_@types+react@18.3.28_react@18.3.1/node_modules/@radix-ui/react-context/dist/index.mjs:27:15)
    at Provider (file:///Users/juanmunoz/Documents/GitHub/archery-club-hub/node_modules/.pnpm/@radix-ui+react-context@1.1.2_@types+react@18.3.28_react@18.3.1/node_modules/@radix-ui/react-context/dist/index.mjs:27:15)
    at CollectionProvider (file:///Users/juanmunoz/Documents/GitHub/archery-club-hub/node_modules/.pnpm/@radix-ui+react-collection@1.1.7_@types+react-dom@18.3.7_@types+react@18.3.28__@types+r_4e264787f1cadc3b39e6411b3bc7d186/node_modules/@radix-ui/react-collection/dist/index.mjs:17:13)
    at Provider (file:///Users/juanmunoz/Documents/GitHub/archery-club-hub/node_modules/.pnpm/@radix-ui+react-context@1.1.2_@types+react@18.3.28_react@18.3.1/node_modules/@radix-ui/react-context/dist/index.mjs:27:15)
    at Provider (file:///Users/juanmunoz/Documents/GitHub/archery-club-hub/node_modules/.pnpm/@radix-ui+react-context@1.1.2_@types+react@18.3.28_react@18.3.1/node_modules/@radix-ui/react-context/dist/index.mjs:27:15)
    at Popper (file:///Users/juanmunoz/Documents/GitHub/archery-club-hub/node_modules/.pnpm/@radix-ui+react-popper@1.2.8_@types+react-dom@18.3.7_@types+react@18.3.28__@types+react_670e32d9a64ee24e3a22b3ad7ddf00ff/node_modules/@radix-ui/react-popper/dist/index.mjs:30:11)
    at Select (file:///Users/juanmunoz/Documents/GitHub/archery-club-hub/node_modules/.pnpm/@radix-ui+react-select@2.2.6_@types+react-dom@18.3.7_@types+react@18.3.28__@types+react_f9b05e8db7247fc075715ae52301583d/node_modules/@radix-ui/react-select/dist/index.mjs:42:5)
    at div
    at form
    at div
    at div
    at MotionDOMComponent (file:///Users/juanmunoz/Documents/GitHub/archery-club-hub/node_modules/.pnpm/framer-motion@12.34.0_react-dom@18.3.1_react@18.3.1__react@18.3.1/node_modules/framer-motion/dist/es/motion/index.mjs:46:16)
    at div
    at RegisterClubPage (/Users/juanmunoz/Documents/GitHub/archery-club-hub/src/pages/RegisterClubPage.tsx:26:59)
    at Router (/Users/juanmunoz/Documents/GitHub/archery-club-hub/node_modules/.pnpm/react-router@6.30.3_react@18.3.1/node_modules/react-router/dist/umd/react-router.development.js:1207:17)
    at BrowserRouter (/Users/juanmunoz/Documents/GitHub/archery-club-hub/node_modules/.pnpm/react-router-dom@6.30.3_react-dom@18.3.1_react@18.3.1__react@18.3.1/node_modules/react-router-dom/dist/umd/react-router-dom.development.js:695:7)
Warning: An update to RegisterClubPage inside a test was not wrapped in act(...).

When testing, code that causes React state updates should be wrapped into act(...):

act(() => {
  /* fire events that update state */
});
/* assert on the output */

This ensures that you're testing the behavior the user would see in the browser. Learn more at https://reactjs.org/link/wrap-tests-with-act
    at RegisterClubPage (/Users/juanmunoz/Documents/GitHub/archery-club-hub/src/pages/RegisterClubPage.tsx:26:59)
    at Router (/Users/juanmunoz/Documents/GitHub/archery-club-hub/node_modules/.pnpm/react-router@6.30.3_react@18.3.1/node_modules/react-router/dist/umd/react-router.development.js:1207:17)
    at BrowserRouter (/Users/juanmunoz/Documents/GitHub/archery-club-hub/node_modules/.pnpm/react-router-dom@6.30.3_react-dom@18.3.1_react@18.3.1__react@18.3.1/node_modules/react-router-dom/dist/umd/react-router-dom.development.js:695:7)
Warning: An update to Select inside a test was not wrapped in act(...).

When testing, code that causes React state updates should be wrapped into act(...):

act(() => {
  /* fire events that update state */
});
/* assert on the output */

This ensures that you're testing the behavior the user would see in the browser. Learn more at https://reactjs.org/link/wrap-tests-with-act
    at Select (file:///Users/juanmunoz/Documents/GitHub/archery-club-hub/node_modules/.pnpm/@radix-ui+react-select@2.2.6_@types+react-dom@18.3.7_@types+react@18.3.28__@types+react_f9b05e8db7247fc075715ae52301583d/node_modules/@radix-ui/react-select/dist/index.mjs:42:5)
    at div
    at form
    at div
    at div
    at MotionDOMComponent (file:///Users/juanmunoz/Documents/GitHub/archery-club-hub/node_modules/.pnpm/framer-motion@12.34.0_react-dom@18.3.1_react@18.3.1__react@18.3.1/node_modules/framer-motion/dist/es/motion/index.mjs:46:16)
    at div
    at RegisterClubPage (/Users/juanmunoz/Documents/GitHub/archery-club-hub/src/pages/RegisterClubPage.tsx:26:59)
    at Router (/Users/juanmunoz/Documents/GitHub/archery-club-hub/node_modules/.pnpm/react-router@6.30.3_react@18.3.1/node_modules/react-router/dist/umd/react-router.development.js:1207:17)
    at BrowserRouter (/Users/juanmunoz/Documents/GitHub/archery-club-hub/node_modules/.pnpm/react-router-dom@6.30.3_react-dom@18.3.1_react@18.3.1__react@18.3.1/node_modules/react-router-dom/dist/umd/react-router-dom.development.js:695:7)
Warning: An update to SelectItemText inside a test was not wrapped in act(...).

When testing, code that causes React state updates should be wrapped into act(...):

act(() => {
  /* fire events that update state */
});
/* assert on the output */

This ensures that you're testing the behavior the user would see in the browser. Learn more at https://reactjs.org/link/wrap-tests-with-act
    at file:///Users/juanmunoz/Documents/GitHub/archery-club-hub/node_modules/.pnpm/@radix-ui+react-select@2.2.6_@types+react-dom@18.3.7_@types+react@18.3.28__@types+react_f9b05e8db7247fc075715ae52301583d/node_modules/@radix-ui/react-select/dist/index.mjs:901:13
    at div
    at file:///Users/juanmunoz/Documents/GitHub/archery-club-hub/node_modules/.pnpm/@radix-ui+react-primitive@2.1.3_@types+react-dom@18.3.7_@types+react@18.3.28__@types+re_8827551f88f8a44c5b480e0d8a5a4518/node_modules/@radix-ui/react-primitive/dist/index.mjs:28:13
    at file:///Users/juanmunoz/Documents/GitHub/archery-club-hub/node_modules/.pnpm/@radix-ui+react-slot@1.2.3_@types+react@18.3.28_react@18.3.1/node_modules/@radix-ui/react-slot/dist/index.mjs:33:13
    at file:///Users/juanmunoz/Documents/GitHub/archery-club-hub/node_modules/.pnpm/@radix-ui+react-slot@1.2.3_@types+react@18.3.28_react@18.3.1/node_modules/@radix-ui/react-slot/dist/index.mjs:9:13
    at file:///Users/juanmunoz/Documents/GitHub/archery-club-hub/node_modules/.pnpm/@radix-ui+react-collection@1.1.7_@types+react-dom@18.3.7_@types+react@18.3.28__@types+r_4e264787f1cadc3b39e6411b3bc7d186/node_modules/@radix-ui/react-collection/dist/index.mjs:39:15
    at Provider (file:///Users/juanmunoz/Documents/GitHub/archery-club-hub/node_modules/.pnpm/@radix-ui+react-context@1.1.2_@types+react@18.3.28_react@18.3.1/node_modules/@radix-ui/react-context/dist/index.mjs:27:15)
    at file:///Users/juanmunoz/Documents/GitHub/archery-club-hub/node_modules/.pnpm/@radix-ui+react-select@2.2.6_@types+react-dom@18.3.7_@types+react@18.3.28__@types+react_f9b05e8db7247fc075715ae52301583d/node_modules/@radix-ui/react-select/dist/index.mjs:800:7
    at /Users/juanmunoz/Documents/GitHub/archery-club-hub/src/components/ui/select.tsx:122:70
    at div
    at file:///Users/juanmunoz/Documents/GitHub/archery-club-hub/node_modules/.pnpm/@radix-ui+react-primitive@2.1.3_@types+react-dom@18.3.7_@types+react@18.3.28__@types+re_8827551f88f8a44c5b480e0d8a5a4518/node_modules/@radix-ui/react-primitive/dist/index.mjs:28:13
    at file:///Users/juanmunoz/Documents/GitHub/archery-club-hub/node_modules/.pnpm/@radix-ui+react-slot@1.2.3_@types+react@18.3.28_react@18.3.1/node_modules/@radix-ui/react-slot/dist/index.mjs:33:13
    at file:///Users/juanmunoz/Documents/GitHub/archery-club-hub/node_modules/.pnpm/@radix-ui+react-slot@1.2.3_@types+react@18.3.28_react@18.3.1/node_modules/@radix-ui/react-slot/dist/index.mjs:9:13
    at file:///Users/juanmunoz/Documents/GitHub/archery-club-hub/node_modules/.pnpm/@radix-ui+react-collection@1.1.7_@types+react-dom@18.3.7_@types+react@18.3.28__@types+r_4e264787f1cadc3b39e6411b3bc7d186/node_modules/@radix-ui/react-collection/dist/index.mjs:27:15
    at file:///Users/juanmunoz/Documents/GitHub/archery-club-hub/node_modules/.pnpm/@radix-ui+react-select@2.2.6_@types+react-dom@18.3.7_@types+react@18.3.28__@types+react_f9b05e8db7247fc075715ae52301583d/node_modules/@radix-ui/react-select/dist/index.mjs:711:13
    at div
    at file:///Users/juanmunoz/Documents/GitHub/archery-club-hub/node_modules/.pnpm/@radix-ui+react-slot@1.2.3_@types+react@18.3.28_react@18.3.1/node_modules/@radix-ui/react-slot/dist/index.mjs:33:13
    at file:///Users/juanmunoz/Documents/GitHub/archery-club-hub/node_modules/.pnpm/@radix-ui+react-slot@1.2.3_@types+react@18.3.28_react@18.3.1/node_modules/@radix-ui/react-slot/dist/index.mjs:9:13
    at file:///Users/juanmunoz/Documents/GitHub/archery-club-hub/node_modules/.pnpm/@radix-ui+react-collection@1.1.7_@types+react-dom@18.3.7_@types+react@18.3.28__@types+r_4e264787f1cadc3b39e6411b3bc7d186/node_modules/@radix-ui/react-collection/dist/index.mjs:27:15
    at Provider (file:///Users/juanmunoz/Documents/GitHub/archery-club-hub/node_modules/.pnpm/@radix-ui+react-context@1.1.2_@types+react@18.3.28_react@18.3.1/node_modules/@radix-ui/react-context/dist/index.mjs:27:15)
    at file:///Users/juanmunoz/Documents/GitHub/archery-club-hub/node_modules/.pnpm/@radix-ui+react-select@2.2.6_@types+react-dom@18.3.7_@types+react@18.3.28__@types+react_f9b05e8db7247fc075715ae52301583d/node_modules/@radix-ui/react-select/dist/index.mjs:256:58
    at file:///Users/juanmunoz/Documents/GitHub/archery-club-hub/node_modules/.pnpm/@radix-ui+react-slot@1.2.3_@types+react@18.3.28_react@18.3.1/node_modules/@radix-ui/react-slot/dist/index.mjs:33:13
    at file:///Users/juanmunoz/Documents/GitHub/archery-club-hub/node_modules/.pnpm/@radix-ui+react-slot@1.2.3_@types+react@18.3.28_react@18.3.1/node_modules/@radix-ui/react-slot/dist/index.mjs:9:13
    at file:///Users/juanmunoz/Documents/GitHub/archery-club-hub/node_modules/.pnpm/@radix-ui+react-primitive@2.1.3_@types+react-dom@18.3.7_@types+react@18.3.28__@types+re_8827551f88f8a44c5b480e0d8a5a4518/node_modules/@radix-ui/react-primitive/dist/index.mjs:28:13
    at file:///Users/juanmunoz/Documents/GitHub/archery-club-hub/node_modules/.pnpm/@radix-ui+react-portal@1.1.9_@types+react-dom@18.3.7_@types+react@18.3.28__@types+react_3d239322f44fd01c1fc3aece7e608026/node_modules/@radix-ui/react-portal/dist/index.mjs:11:22
    at SelectPortal
    at /Users/juanmunoz/Documents/GitHub/archery-club-hub/src/components/ui/select.tsx:75:73
    at Provider (file:///Users/juanmunoz/Documents/GitHub/archery-club-hub/node_modules/.pnpm/@radix-ui+react-context@1.1.2_@types+react@18.3.28_react@18.3.1/node_modules/@radix-ui/react-context/dist/index.mjs:27:15)
    at Provider (file:///Users/juanmunoz/Documents/GitHub/archery-club-hub/node_modules/.pnpm/@radix-ui+react-context@1.1.2_@types+react@18.3.28_react@18.3.1/node_modules/@radix-ui/react-context/dist/index.mjs:27:15)
    at CollectionProvider (file:///Users/juanmunoz/Documents/GitHub/archery-club-hub/node_modules/.pnpm/@radix-ui+react-collection@1.1.7_@types+react-dom@18.3.7_@types+react@18.3.28__@types+r_4e264787f1cadc3b39e6411b3bc7d186/node_modules/@radix-ui/react-collection/dist/index.mjs:17:13)
    at Provider (file:///Users/juanmunoz/Documents/GitHub/archery-club-hub/node_modules/.pnpm/@radix-ui+react-context@1.1.2_@types+react@18.3.28_react@18.3.1/node_modules/@radix-ui/react-context/dist/index.mjs:27:15)
    at Provider (file:///Users/juanmunoz/Documents/GitHub/archery-club-hub/node_modules/.pnpm/@radix-ui+react-context@1.1.2_@types+react@18.3.28_react@18.3.1/node_modules/@radix-ui/react-context/dist/index.mjs:27:15)
    at Popper (file:///Users/juanmunoz/Documents/GitHub/archery-club-hub/node_modules/.pnpm/@radix-ui+react-popper@1.2.8_@types+react-dom@18.3.7_@types+react@18.3.28__@types+react_670e32d9a64ee24e3a22b3ad7ddf00ff/node_modules/@radix-ui/react-popper/dist/index.mjs:30:11)
    at Select (file:///Users/juanmunoz/Documents/GitHub/archery-club-hub/node_modules/.pnpm/@radix-ui+react-select@2.2.6_@types+react-dom@18.3.7_@types+react@18.3.28__@types+react_f9b05e8db7247fc075715ae52301583d/node_modules/@radix-ui/react-select/dist/index.mjs:42:5)
    at div
    at form
    at div
    at div
    at MotionDOMComponent (file:///Users/juanmunoz/Documents/GitHub/archery-club-hub/node_modules/.pnpm/framer-motion@12.34.0_react-dom@18.3.1_react@18.3.1__react@18.3.1/node_modules/framer-motion/dist/es/motion/index.mjs:46:16)
    at div
    at RegisterClubPage (/Users/juanmunoz/Documents/GitHub/archery-club-hub/src/pages/RegisterClubPage.tsx:26:59)
    at Router (/Users/juanmunoz/Documents/GitHub/archery-club-hub/node_modules/.pnpm/react-router@6.30.3_react@18.3.1/node_modules/react-router/dist/umd/react-router.development.js:1207:17)
    at BrowserRouter (/Users/juanmunoz/Documents/GitHub/archery-club-hub/node_modules/.pnpm/react-router-dom@6.30.3_react-dom@18.3.1_react@18.3.1__react@18.3.1/node_modules/react-router-dom/dist/umd/react-router-dom.development.js:695:7)
Warning: An update to SelectItem inside a test was not wrapped in act(...).

When testing, code that causes React state updates should be wrapped into act(...):

act(() => {
  /* fire events that update state */
});
/* assert on the output */

This ensures that you're testing the behavior the user would see in the browser. Learn more at https://reactjs.org/link/wrap-tests-with-act
    at file:///Users/juanmunoz/Documents/GitHub/archery-club-hub/node_modules/.pnpm/@radix-ui+react-select@2.2.6_@types+react-dom@18.3.7_@types+react@18.3.28__@types+react_f9b05e8db7247fc075715ae52301583d/node_modules/@radix-ui/react-select/dist/index.mjs:800:7
    at /Users/juanmunoz/Documents/GitHub/archery-club-hub/src/components/ui/select.tsx:122:70
    at div
    at file:///Users/juanmunoz/Documents/GitHub/archery-club-hub/node_modules/.pnpm/@radix-ui+react-primitive@2.1.3_@types+react-dom@18.3.7_@types+react@18.3.28__@types+re_8827551f88f8a44c5b480e0d8a5a4518/node_modules/@radix-ui/react-primitive/dist/index.mjs:28:13
    at file:///Users/juanmunoz/Documents/GitHub/archery-club-hub/node_modules/.pnpm/@radix-ui+react-slot@1.2.3_@types+react@18.3.28_react@18.3.1/node_modules/@radix-ui/react-slot/dist/index.mjs:33:13
    at file:///Users/juanmunoz/Documents/GitHub/archery-club-hub/node_modules/.pnpm/@radix-ui+react-slot@1.2.3_@types+react@18.3.28_react@18.3.1/node_modules/@radix-ui/react-slot/dist/index.mjs:9:13
    at file:///Users/juanmunoz/Documents/GitHub/archery-club-hub/node_modules/.pnpm/@radix-ui+react-collection@1.1.7_@types+react-dom@18.3.7_@types+react@18.3.28__@types+r_4e264787f1cadc3b39e6411b3bc7d186/node_modules/@radix-ui/react-collection/dist/index.mjs:27:15
    at file:///Users/juanmunoz/Documents/GitHub/archery-club-hub/node_modules/.pnpm/@radix-ui+react-select@2.2.6_@types+react-dom@18.3.7_@types+react@18.3.28__@types+react_f9b05e8db7247fc075715ae52301583d/node_modules/@radix-ui/react-select/dist/index.mjs:711:13
    at div
    at file:///Users/juanmunoz/Documents/GitHub/archery-club-hub/node_modules/.pnpm/@radix-ui+react-slot@1.2.3_@types+react@18.3.28_react@18.3.1/node_modules/@radix-ui/react-slot/dist/index.mjs:33:13
    at file:///Users/juanmunoz/Documents/GitHub/archery-club-hub/node_modules/.pnpm/@radix-ui+react-slot@1.2.3_@types+react@18.3.28_react@18.3.1/node_modules/@radix-ui/react-slot/dist/index.mjs:9:13
    at file:///Users/juanmunoz/Documents/GitHub/archery-club-hub/node_modules/.pnpm/@radix-ui+react-collection@1.1.7_@types+react-dom@18.3.7_@types+react@18.3.28__@types+r_4e264787f1cadc3b39e6411b3bc7d186/node_modules/@radix-ui/react-collection/dist/index.mjs:27:15
    at Provider (file:///Users/juanmunoz/Documents/GitHub/archery-club-hub/node_modules/.pnpm/@radix-ui+react-context@1.1.2_@types+react@18.3.28_react@18.3.1/node_modules/@radix-ui/react-context/dist/index.mjs:27:15)
    at file:///Users/juanmunoz/Documents/GitHub/archery-club-hub/node_modules/.pnpm/@radix-ui+react-select@2.2.6_@types+react-dom@18.3.7_@types+react@18.3.28__@types+react_f9b05e8db7247fc075715ae52301583d/node_modules/@radix-ui/react-select/dist/index.mjs:256:58
    at file:///Users/juanmunoz/Documents/GitHub/archery-club-hub/node_modules/.pnpm/@radix-ui+react-slot@1.2.3_@types+react@18.3.28_react@18.3.1/node_modules/@radix-ui/react-slot/dist/index.mjs:33:13
    at file:///Users/juanmunoz/Documents/GitHub/archery-club-hub/node_modules/.pnpm/@radix-ui+react-slot@1.2.3_@types+react@18.3.28_react@18.3.1/node_modules/@radix-ui/react-slot/dist/index.mjs:9:13
    at file:///Users/juanmunoz/Documents/GitHub/archery-club-hub/node_modules/.pnpm/@radix-ui+react-primitive@2.1.3_@types+react-dom@18.3.7_@types+react@18.3.28__@types+re_8827551f88f8a44c5b480e0d8a5a4518/node_modules/@radix-ui/react-primitive/dist/index.mjs:28:13
    at file:///Users/juanmunoz/Documents/GitHub/archery-club-hub/node_modules/.pnpm/@radix-ui+react-portal@1.1.9_@types+react-dom@18.3.7_@types+react@18.3.28__@types+react_3d239322f44fd01c1fc3aece7e608026/node_modules/@radix-ui/react-portal/dist/index.mjs:11:22
    at SelectPortal
    at /Users/juanmunoz/Documents/GitHub/archery-club-hub/src/components/ui/select.tsx:75:73
    at Provider (file:///Users/juanmunoz/Documents/GitHub/archery-club-hub/node_modules/.pnpm/@radix-ui+react-context@1.1.2_@types+react@18.3.28_react@18.3.1/node_modules/@radix-ui/react-context/dist/index.mjs:27:15)
    at Provider (file:///Users/juanmunoz/Documents/GitHub/archery-club-hub/node_modules/.pnpm/@radix-ui+react-context@1.1.2_@types+react@18.3.28_react@18.3.1/node_modules/@radix-ui/react-context/dist/index.mjs:27:15)
    at CollectionProvider (file:///Users/juanmunoz/Documents/GitHub/archery-club-hub/node_modules/.pnpm/@radix-ui+react-collection@1.1.7_@types+react-dom@18.3.7_@types+react@18.3.28__@types+r_4e264787f1cadc3b39e6411b3bc7d186/node_modules/@radix-ui/react-collection/dist/index.mjs:17:13)
    at Provider (file:///Users/juanmunoz/Documents/GitHub/archery-club-hub/node_modules/.pnpm/@radix-ui+react-context@1.1.2_@types+react@18.3.28_react@18.3.1/node_modules/@radix-ui/react-context/dist/index.mjs:27:15)
    at Provider (file:///Users/juanmunoz/Documents/GitHub/archery-club-hub/node_modules/.pnpm/@radix-ui+react-context@1.1.2_@types+react@18.3.28_react@18.3.1/node_modules/@radix-ui/react-context/dist/index.mjs:27:15)
    at Popper (file:///Users/juanmunoz/Documents/GitHub/archery-club-hub/node_modules/.pnpm/@radix-ui+react-popper@1.2.8_@types+react-dom@18.3.7_@types+react@18.3.28__@types+react_670e32d9a64ee24e3a22b3ad7ddf00ff/node_modules/@radix-ui/react-popper/dist/index.mjs:30:11)
    at Select (file:///Users/juanmunoz/Documents/GitHub/archery-club-hub/node_modules/.pnpm/@radix-ui+react-select@2.2.6_@types+react-dom@18.3.7_@types+react@18.3.28__@types+react_f9b05e8db7247fc075715ae52301583d/node_modules/@radix-ui/react-select/dist/index.mjs:42:5)
    at div
    at form
    at div
    at div
    at MotionDOMComponent (file:///Users/juanmunoz/Documents/GitHub/archery-club-hub/node_modules/.pnpm/framer-motion@12.34.0_react-dom@18.3.1_react@18.3.1__react@18.3.1/node_modules/framer-motion/dist/es/motion/index.mjs:46:16)
    at div
    at RegisterClubPage (/Users/juanmunoz/Documents/GitHub/archery-club-hub/src/pages/RegisterClubPage.tsx:26:59)
    at Router (/Users/juanmunoz/Documents/GitHub/archery-club-hub/node_modules/.pnpm/react-router@6.30.3_react@18.3.1/node_modules/react-router/dist/umd/react-router.development.js:1207:17)
    at BrowserRouter (/Users/juanmunoz/Documents/GitHub/archery-club-hub/node_modules/.pnpm/react-router-dom@6.30.3_react-dom@18.3.1_react@18.3.1__react@18.3.1/node_modules/react-router-dom/dist/umd/react-router-dom.development.js:695:7)
Warning: An update to Select inside a test was not wrapped in act(...).

When testing, code that causes React state updates should be wrapped into act(...):

act(() => {
  /* fire events that update state */
});
/* assert on the output */

This ensures that you're testing the behavior the user would see in the browser. Learn more at https://reactjs.org/link/wrap-tests-with-act
    at Select (file:///Users/juanmunoz/Documents/GitHub/archery-club-hub/node_modules/.pnpm/@radix-ui+react-select@2.2.6_@types+react-dom@18.3.7_@types+react@18.3.28__@types+react_f9b05e8db7247fc075715ae52301583d/node_modules/@radix-ui/react-select/dist/index.mjs:42:5)
    at div
    at form
    at div
    at div
    at MotionDOMComponent (file:///Users/juanmunoz/Documents/GitHub/archery-club-hub/node_modules/.pnpm/framer-motion@12.34.0_react-dom@18.3.1_react@18.3.1__react@18.3.1/node_modules/framer-motion/dist/es/motion/index.mjs:46:16)
    at div
    at RegisterClubPage (/Users/juanmunoz/Documents/GitHub/archery-club-hub/src/pages/RegisterClubPage.tsx:26:59)
    at Router (/Users/juanmunoz/Documents/GitHub/archery-club-hub/node_modules/.pnpm/react-router@6.30.3_react@18.3.1/node_modules/react-router/dist/umd/react-router.development.js:1207:17)
    at BrowserRouter (/Users/juanmunoz/Documents/GitHub/archery-club-hub/node_modules/.pnpm/react-router-dom@6.30.3_react-dom@18.3.1_react@18.3.1__react@18.3.1/node_modules/react-router-dom/dist/umd/react-router-dom.development.js:695:7)
Warning: An update to Select inside a test was not wrapped in act(...).

When testing, code that causes React state updates should be wrapped into act(...):

act(() => {
  /* fire events that update state */
});
/* assert on the output */

This ensures that you're testing the behavior the user would see in the browser. Learn more at https://reactjs.org/link/wrap-tests-with-act
    at Select (file:///Users/juanmunoz/Documents/GitHub/archery-club-hub/node_modules/.pnpm/@radix-ui+react-select@2.2.6_@types+react-dom@18.3.7_@types+react@18.3.28__@types+react_f9b05e8db7247fc075715ae52301583d/node_modules/@radix-ui/react-select/dist/index.mjs:42:5)
    at div
    at form
    at div
    at div
    at MotionDOMComponent (file:///Users/juanmunoz/Documents/GitHub/archery-club-hub/node_modules/.pnpm/framer-motion@12.34.0_react-dom@18.3.1_react@18.3.1__react@18.3.1/node_modules/framer-motion/dist/es/motion/index.mjs:46:16)
    at div
    at RegisterClubPage (/Users/juanmunoz/Documents/GitHub/archery-club-hub/src/pages/RegisterClubPage.tsx:26:59)
    at Router (/Users/juanmunoz/Documents/GitHub/archery-club-hub/node_modules/.pnpm/react-router@6.30.3_react@18.3.1/node_modules/react-router/dist/umd/react-router.development.js:1207:17)
    at BrowserRouter (/Users/juanmunoz/Documents/GitHub/archery-club-hub/node_modules/.pnpm/react-router-dom@6.30.3_react-dom@18.3.1_react@18.3.1__react@18.3.1/node_modules/react-router-dom/dist/umd/react-router-dom.development.js:695:7)
Warning: An update to SelectItemText inside a test was not wrapped in act(...).

When testing, code that causes React state updates should be wrapped into act(...):

act(() => {
  /* fire events that update state */
});
/* assert on the output */

This ensures that you're testing the behavior the user would see in the browser. Learn more at https://reactjs.org/link/wrap-tests-with-act
    at file:///Users/juanmunoz/Documents/GitHub/archery-club-hub/node_modules/.pnpm/@radix-ui+react-select@2.2.6_@types+react-dom@18.3.7_@types+react@18.3.28__@types+react_f9b05e8db7247fc075715ae52301583d/node_modules/@radix-ui/react-select/dist/index.mjs:901:13
    at div
    at file:///Users/juanmunoz/Documents/GitHub/archery-club-hub/node_modules/.pnpm/@radix-ui+react-primitive@2.1.3_@types+react-dom@18.3.7_@types+react@18.3.28__@types+re_8827551f88f8a44c5b480e0d8a5a4518/node_modules/@radix-ui/react-primitive/dist/index.mjs:28:13
    at file:///Users/juanmunoz/Documents/GitHub/archery-club-hub/node_modules/.pnpm/@radix-ui+react-slot@1.2.3_@types+react@18.3.28_react@18.3.1/node_modules/@radix-ui/react-slot/dist/index.mjs:33:13
    at file:///Users/juanmunoz/Documents/GitHub/archery-club-hub/node_modules/.pnpm/@radix-ui+react-slot@1.2.3_@types+react@18.3.28_react@18.3.1/node_modules/@radix-ui/react-slot/dist/index.mjs:9:13
    at file:///Users/juanmunoz/Documents/GitHub/archery-club-hub/node_modules/.pnpm/@radix-ui+react-collection@1.1.7_@types+react-dom@18.3.7_@types+react@18.3.28__@types+r_4e264787f1cadc3b39e6411b3bc7d186/node_modules/@radix-ui/react-collection/dist/index.mjs:39:15
    at Provider (file:///Users/juanmunoz/Documents/GitHub/archery-club-hub/node_modules/.pnpm/@radix-ui+react-context@1.1.2_@types+react@18.3.28_react@18.3.1/node_modules/@radix-ui/react-context/dist/index.mjs:27:15)
    at file:///Users/juanmunoz/Documents/GitHub/archery-club-hub/node_modules/.pnpm/@radix-ui+react-select@2.2.6_@types+react-dom@18.3.7_@types+react@18.3.28__@types+react_f9b05e8db7247fc075715ae52301583d/node_modules/@radix-ui/react-select/dist/index.mjs:800:7
    at /Users/juanmunoz/Documents/GitHub/archery-club-hub/src/components/ui/select.tsx:122:70
    at div
    at file:///Users/juanmunoz/Documents/GitHub/archery-club-hub/node_modules/.pnpm/@radix-ui+react-primitive@2.1.3_@types+react-dom@18.3.7_@types+react@18.3.28__@types+re_8827551f88f8a44c5b480e0d8a5a4518/node_modules/@radix-ui/react-primitive/dist/index.mjs:28:13
    at file:///Users/juanmunoz/Documents/GitHub/archery-club-hub/node_modules/.pnpm/@radix-ui+react-slot@1.2.3_@types+react@18.3.28_react@18.3.1/node_modules/@radix-ui/react-slot/dist/index.mjs:33:13
    at file:///Users/juanmunoz/Documents/GitHub/archery-club-hub/node_modules/.pnpm/@radix-ui+react-slot@1.2.3_@types+react@18.3.28_react@18.3.1/node_modules/@radix-ui/react-slot/dist/index.mjs:9:13
    at file:///Users/juanmunoz/Documents/GitHub/archery-club-hub/node_modules/.pnpm/@radix-ui+react-collection@1.1.7_@types+react-dom@18.3.7_@types+react@18.3.28__@types+r_4e264787f1cadc3b39e6411b3bc7d186/node_modules/@radix-ui/react-collection/dist/index.mjs:27:15
    at file:///Users/juanmunoz/Documents/GitHub/archery-club-hub/node_modules/.pnpm/@radix-ui+react-select@2.2.6_@types+react-dom@18.3.7_@types+react@18.3.28__@types+react_f9b05e8db7247fc075715ae52301583d/node_modules/@radix-ui/react-select/dist/index.mjs:711:13
    at div
    at file:///Users/juanmunoz/Documents/GitHub/archery-club-hub/node_modules/.pnpm/@radix-ui+react-slot@1.2.3_@types+react@18.3.28_react@18.3.1/node_modules/@radix-ui/react-slot/dist/index.mjs:33:13
    at file:///Users/juanmunoz/Documents/GitHub/archery-club-hub/node_modules/.pnpm/@radix-ui+react-slot@1.2.3_@types+react@18.3.28_react@18.3.1/node_modules/@radix-ui/react-slot/dist/index.mjs:9:13
    at file:///Users/juanmunoz/Documents/GitHub/archery-club-hub/node_modules/.pnpm/@radix-ui+react-collection@1.1.7_@types+react-dom@18.3.7_@types+react@18.3.28__@types+r_4e264787f1cadc3b39e6411b3bc7d186/node_modules/@radix-ui/react-collection/dist/index.mjs:27:15
    at Provider (file:///Users/juanmunoz/Documents/GitHub/archery-club-hub/node_modules/.pnpm/@radix-ui+react-context@1.1.2_@types+react@18.3.28_react@18.3.1/node_modules/@radix-ui/react-context/dist/index.mjs:27:15)
    at file:///Users/juanmunoz/Documents/GitHub/archery-club-hub/node_modules/.pnpm/@radix-ui+react-select@2.2.6_@types+react-dom@18.3.7_@types+react@18.3.28__@types+react_f9b05e8db7247fc075715ae52301583d/node_modules/@radix-ui/react-select/dist/index.mjs:256:58
    at file:///Users/juanmunoz/Documents/GitHub/archery-club-hub/node_modules/.pnpm/@radix-ui+react-slot@1.2.3_@types+react@18.3.28_react@18.3.1/node_modules/@radix-ui/react-slot/dist/index.mjs:33:13
    at file:///Users/juanmunoz/Documents/GitHub/archery-club-hub/node_modules/.pnpm/@radix-ui+react-slot@1.2.3_@types+react@18.3.28_react@18.3.1/node_modules/@radix-ui/react-slot/dist/index.mjs:9:13
    at file:///Users/juanmunoz/Documents/GitHub/archery-club-hub/node_modules/.pnpm/@radix-ui+react-primitive@2.1.3_@types+react-dom@18.3.7_@types+react@18.3.28__@types+re_8827551f88f8a44c5b480e0d8a5a4518/node_modules/@radix-ui/react-primitive/dist/index.mjs:28:13
    at file:///Users/juanmunoz/Documents/GitHub/archery-club-hub/node_modules/.pnpm/@radix-ui+react-portal@1.1.9_@types+react-dom@18.3.7_@types+react@18.3.28__@types+react_3d239322f44fd01c1fc3aece7e608026/node_modules/@radix-ui/react-portal/dist/index.mjs:11:22
    at SelectPortal
    at /Users/juanmunoz/Documents/GitHub/archery-club-hub/src/components/ui/select.tsx:75:73
    at Provider (file:///Users/juanmunoz/Documents/GitHub/archery-club-hub/node_modules/.pnpm/@radix-ui+react-context@1.1.2_@types+react@18.3.28_react@18.3.1/node_modules/@radix-ui/react-context/dist/index.mjs:27:15)
    at Provider (file:///Users/juanmunoz/Documents/GitHub/archery-club-hub/node_modules/.pnpm/@radix-ui+react-context@1.1.2_@types+react@18.3.28_react@18.3.1/node_modules/@radix-ui/react-context/dist/index.mjs:27:15)
    at CollectionProvider (file:///Users/juanmunoz/Documents/GitHub/archery-club-hub/node_modules/.pnpm/@radix-ui+react-collection@1.1.7_@types+react-dom@18.3.7_@types+react@18.3.28__@types+r_4e264787f1cadc3b39e6411b3bc7d186/node_modules/@radix-ui/react-collection/dist/index.mjs:17:13)
    at Provider (file:///Users/juanmunoz/Documents/GitHub/archery-club-hub/node_modules/.pnpm/@radix-ui+react-context@1.1.2_@types+react@18.3.28_react@18.3.1/node_modules/@radix-ui/react-context/dist/index.mjs:27:15)
    at Provider (file:///Users/juanmunoz/Documents/GitHub/archery-club-hub/node_modules/.pnpm/@radix-ui+react-context@1.1.2_@types+react@18.3.28_react@18.3.1/node_modules/@radix-ui/react-context/dist/index.mjs:27:15)
    at Popper (file:///Users/juanmunoz/Documents/GitHub/archery-club-hub/node_modules/.pnpm/@radix-ui+react-popper@1.2.8_@types+react-dom@18.3.7_@types+react@18.3.28__@types+react_670e32d9a64ee24e3a22b3ad7ddf00ff/node_modules/@radix-ui/react-popper/dist/index.mjs:30:11)
    at Select (file:///Users/juanmunoz/Documents/GitHub/archery-club-hub/node_modules/.pnpm/@radix-ui+react-select@2.2.6_@types+react-dom@18.3.7_@types+react@18.3.28__@types+react_f9b05e8db7247fc075715ae52301583d/node_modules/@radix-ui/react-select/dist/index.mjs:42:5)
    at div
    at form
    at div
    at div
    at MotionDOMComponent (file:///Users/juanmunoz/Documents/GitHub/archery-club-hub/node_modules/.pnpm/framer-motion@12.34.0_react-dom@18.3.1_react@18.3.1__react@18.3.1/node_modules/framer-motion/dist/es/motion/index.mjs:46:16)
    at div
    at RegisterClubPage (/Users/juanmunoz/Documents/GitHub/archery-club-hub/src/pages/RegisterClubPage.tsx:26:59)
    at Router (/Users/juanmunoz/Documents/GitHub/archery-club-hub/node_modules/.pnpm/react-router@6.30.3_react@18.3.1/node_modules/react-router/dist/umd/react-router.development.js:1207:17)
    at BrowserRouter (/Users/juanmunoz/Documents/GitHub/archery-club-hub/node_modules/.pnpm/react-router-dom@6.30.3_react-dom@18.3.1_react@18.3.1__react@18.3.1/node_modules/react-router-dom/dist/umd/react-router-dom.development.js:695:7)
Warning: An update to SelectItem inside a test was not wrapped in act(...).

When testing, code that causes React state updates should be wrapped into act(...):

act(() => {
  /* fire events that update state */
});
/* assert on the output */

This ensures that you're testing the behavior the user would see in the browser. Learn more at https://reactjs.org/link/wrap-tests-with-act
    at file:///Users/juanmunoz/Documents/GitHub/archery-club-hub/node_modules/.pnpm/@radix-ui+react-select@2.2.6_@types+react-dom@18.3.7_@types+react@18.3.28__@types+react_f9b05e8db7247fc075715ae52301583d/node_modules/@radix-ui/react-select/dist/index.mjs:800:7
    at /Users/juanmunoz/Documents/GitHub/archery-club-hub/src/components/ui/select.tsx:122:70
    at div
    at file:///Users/juanmunoz/Documents/GitHub/archery-club-hub/node_modules/.pnpm/@radix-ui+react-primitive@2.1.3_@types+react-dom@18.3.7_@types+react@18.3.28__@types+re_8827551f88f8a44c5b480e0d8a5a4518/node_modules/@radix-ui/react-primitive/dist/index.mjs:28:13
    at file:///Users/juanmunoz/Documents/GitHub/archery-club-hub/node_modules/.pnpm/@radix-ui+react-slot@1.2.3_@types+react@18.3.28_react@18.3.1/node_modules/@radix-ui/react-slot/dist/index.mjs:33:13
    at file:///Users/juanmunoz/Documents/GitHub/archery-club-hub/node_modules/.pnpm/@radix-ui+react-slot@1.2.3_@types+react@18.3.28_react@18.3.1/node_modules/@radix-ui/react-slot/dist/index.mjs:9:13
    at file:///Users/juanmunoz/Documents/GitHub/archery-club-hub/node_modules/.pnpm/@radix-ui+react-collection@1.1.7_@types+react-dom@18.3.7_@types+react@18.3.28__@types+r_4e264787f1cadc3b39e6411b3bc7d186/node_modules/@radix-ui/react-collection/dist/index.mjs:27:15
    at file:///Users/juanmunoz/Documents/GitHub/archery-club-hub/node_modules/.pnpm/@radix-ui+react-select@2.2.6_@types+react-dom@18.3.7_@types+react@18.3.28__@types+react_f9b05e8db7247fc075715ae52301583d/node_modules/@radix-ui/react-select/dist/index.mjs:711:13
    at div
    at file:///Users/juanmunoz/Documents/GitHub/archery-club-hub/node_modules/.pnpm/@radix-ui+react-slot@1.2.3_@types+react@18.3.28_react@18.3.1/node_modules/@radix-ui/react-slot/dist/index.mjs:33:13
    at file:///Users/juanmunoz/Documents/GitHub/archery-club-hub/node_modules/.pnpm/@radix-ui+react-slot@1.2.3_@types+react@18.3.28_react@18.3.1/node_modules/@radix-ui/react-slot/dist/index.mjs:9:13
    at file:///Users/juanmunoz/Documents/GitHub/archery-club-hub/node_modules/.pnpm/@radix-ui+react-collection@1.1.7_@types+react-dom@18.3.7_@types+react@18.3.28__@types+r_4e264787f1cadc3b39e6411b3bc7d186/node_modules/@radix-ui/react-collection/dist/index.mjs:27:15
    at Provider (file:///Users/juanmunoz/Documents/GitHub/archery-club-hub/node_modules/.pnpm/@radix-ui+react-context@1.1.2_@types+react@18.3.28_react@18.3.1/node_modules/@radix-ui/react-context/dist/index.mjs:27:15)
    at file:///Users/juanmunoz/Documents/GitHub/archery-club-hub/node_modules/.pnpm/@radix-ui+react-select@2.2.6_@types+react-dom@18.3.7_@types+react@18.3.28__@types+react_f9b05e8db7247fc075715ae52301583d/node_modules/@radix-ui/react-select/dist/index.mjs:256:58
    at file:///Users/juanmunoz/Documents/GitHub/archery-club-hub/node_modules/.pnpm/@radix-ui+react-slot@1.2.3_@types+react@18.3.28_react@18.3.1/node_modules/@radix-ui/react-slot/dist/index.mjs:33:13
    at file:///Users/juanmunoz/Documents/GitHub/archery-club-hub/node_modules/.pnpm/@radix-ui+react-slot@1.2.3_@types+react@18.3.28_react@18.3.1/node_modules/@radix-ui/react-slot/dist/index.mjs:9:13
    at file:///Users/juanmunoz/Documents/GitHub/archery-club-hub/node_modules/.pnpm/@radix-ui+react-primitive@2.1.3_@types+react-dom@18.3.7_@types+react@18.3.28__@types+re_8827551f88f8a44c5b480e0d8a5a4518/node_modules/@radix-ui/react-primitive/dist/index.mjs:28:13
    at file:///Users/juanmunoz/Documents/GitHub/archery-club-hub/node_modules/.pnpm/@radix-ui+react-portal@1.1.9_@types+react-dom@18.3.7_@types+react@18.3.28__@types+react_3d239322f44fd01c1fc3aece7e608026/node_modules/@radix-ui/react-portal/dist/index.mjs:11:22
    at SelectPortal
    at /Users/juanmunoz/Documents/GitHub/archery-club-hub/src/components/ui/select.tsx:75:73
    at Provider (file:///Users/juanmunoz/Documents/GitHub/archery-club-hub/node_modules/.pnpm/@radix-ui+react-context@1.1.2_@types+react@18.3.28_react@18.3.1/node_modules/@radix-ui/react-context/dist/index.mjs:27:15)
    at Provider (file:///Users/juanmunoz/Documents/GitHub/archery-club-hub/node_modules/.pnpm/@radix-ui+react-context@1.1.2_@types+react@18.3.28_react@18.3.1/node_modules/@radix-ui/react-context/dist/index.mjs:27:15)
    at CollectionProvider (file:///Users/juanmunoz/Documents/GitHub/archery-club-hub/node_modules/.pnpm/@radix-ui+react-collection@1.1.7_@types+react-dom@18.3.7_@types+react@18.3.28__@types+r_4e264787f1cadc3b39e6411b3bc7d186/node_modules/@radix-ui/react-collection/dist/index.mjs:17:13)
    at Provider (file:///Users/juanmunoz/Documents/GitHub/archery-club-hub/node_modules/.pnpm/@radix-ui+react-context@1.1.2_@types+react@18.3.28_react@18.3.1/node_modules/@radix-ui/react-context/dist/index.mjs:27:15)
    at Provider (file:///Users/juanmunoz/Documents/GitHub/archery-club-hub/node_modules/.pnpm/@radix-ui+react-context@1.1.2_@types+react@18.3.28_react@18.3.1/node_modules/@radix-ui/react-context/dist/index.mjs:27:15)
    at Popper (file:///Users/juanmunoz/Documents/GitHub/archery-club-hub/node_modules/.pnpm/@radix-ui+react-popper@1.2.8_@types+react-dom@18.3.7_@types+react@18.3.28__@types+react_670e32d9a64ee24e3a22b3ad7ddf00ff/node_modules/@radix-ui/react-popper/dist/index.mjs:30:11)
    at Select (file:///Users/juanmunoz/Documents/GitHub/archery-club-hub/node_modules/.pnpm/@radix-ui+react-select@2.2.6_@types+react-dom@18.3.7_@types+react@18.3.28__@types+react_f9b05e8db7247fc075715ae52301583d/node_modules/@radix-ui/react-select/dist/index.mjs:42:5)
    at div
    at form
    at div
    at div
    at MotionDOMComponent (file:///Users/juanmunoz/Documents/GitHub/archery-club-hub/node_modules/.pnpm/framer-motion@12.34.0_react-dom@18.3.1_react@18.3.1__react@18.3.1/node_modules/framer-motion/dist/es/motion/index.mjs:46:16)
    at div
    at RegisterClubPage (/Users/juanmunoz/Documents/GitHub/archery-club-hub/src/pages/RegisterClubPage.tsx:26:59)
    at Router (/Users/juanmunoz/Documents/GitHub/archery-club-hub/node_modules/.pnpm/react-router@6.30.3_react@18.3.1/node_modules/react-router/dist/umd/react-router.development.js:1207:17)
    at BrowserRouter (/Users/juanmunoz/Documents/GitHub/archery-club-hub/node_modules/.pnpm/react-router-dom@6.30.3_react-dom@18.3.1_react@18.3.1__react@18.3.1/node_modules/react-router-dom/dist/umd/react-router-dom.development.js:695:7)
Warning: An update to Select inside a test was not wrapped in act(...).

When testing, code that causes React state updates should be wrapped into act(...):

act(() => {
  /* fire events that update state */
});
/* assert on the output */

This ensures that you're testing the behavior the user would see in the browser. Learn more at https://reactjs.org/link/wrap-tests-with-act
    at Select (file:///Users/juanmunoz/Documents/GitHub/archery-club-hub/node_modules/.pnpm/@radix-ui+react-select@2.2.6_@types+react-dom@18.3.7_@types+react@18.3.28__@types+react_f9b05e8db7247fc075715ae52301583d/node_modules/@radix-ui/react-select/dist/index.mjs:42:5)
    at div
    at form
    at div
    at div
    at MotionDOMComponent (file:///Users/juanmunoz/Documents/GitHub/archery-club-hub/node_modules/.pnpm/framer-motion@12.34.0_react-dom@18.3.1_react@18.3.1__react@18.3.1/node_modules/framer-motion/dist/es/motion/index.mjs:46:16)
    at div
    at RegisterClubPage (/Users/juanmunoz/Documents/GitHub/archery-club-hub/src/pages/RegisterClubPage.tsx:26:59)
    at Router (/Users/juanmunoz/Documents/GitHub/archery-club-hub/node_modules/.pnpm/react-router@6.30.3_react@18.3.1/node_modules/react-router/dist/umd/react-router.development.js:1207:17)
    at BrowserRouter (/Users/juanmunoz/Documents/GitHub/archery-club-hub/node_modules/.pnpm/react-router-dom@6.30.3_react-dom@18.3.1_react@18.3.1__react@18.3.1/node_modules/react-router-dom/dist/umd/react-router-dom.development.js:695:7)

stderr | src/pages/__tests__/RegisterClubPage.test.tsx > RegisterClubPage > debe registrar un club exitosamente y redirigir al dashboard
Warning: An update to RegisterClubPage inside a test was not wrapped in act(...).

When testing, code that causes React state updates should be wrapped into act(...):

act(() => {
  /* fire events that update state */
});
/* assert on the output */

This ensures that you're testing the behavior the user would see in the browser. Learn more at https://reactjs.org/link/wrap-tests-with-act
    at RegisterClubPage (/Users/juanmunoz/Documents/GitHub/archery-club-hub/src/pages/RegisterClubPage.tsx:26:59)
    at Router (/Users/juanmunoz/Documents/GitHub/archery-club-hub/node_modules/.pnpm/react-router@6.30.3_react@18.3.1/node_modules/react-router/dist/umd/react-router.development.js:1207:17)
    at BrowserRouter (/Users/juanmunoz/Documents/GitHub/archery-club-hub/node_modules/.pnpm/react-router-dom@6.30.3_react-dom@18.3.1_react@18.3.1__react@18.3.1/node_modules/react-router-dom/dist/umd/react-router-dom.development.js:695:7)
Warning: An update to RegisterClubPage inside a test was not wrapped in act(...).

When testing, code that causes React state updates should be wrapped into act(...):

act(() => {
  /* fire events that update state */
});
/* assert on the output */

This ensures that you're testing the behavior the user would see in the browser. Learn more at https://reactjs.org/link/wrap-tests-with-act
    at RegisterClubPage (/Users/juanmunoz/Documents/GitHub/archery-club-hub/src/pages/RegisterClubPage.tsx:26:59)
    at Router (/Users/juanmunoz/Documents/GitHub/archery-club-hub/node_modules/.pnpm/react-router@6.30.3_react@18.3.1/node_modules/react-router/dist/umd/react-router.development.js:1207:17)
    at BrowserRouter (/Users/juanmunoz/Documents/GitHub/archery-club-hub/node_modules/.pnpm/react-router-dom@6.30.3_react-dom@18.3.1_react@18.3.1__react@18.3.1/node_modules/react-router-dom/dist/umd/react-router-dom.development.js:695:7)
Warning: An update to Select inside a test was not wrapped in act(...).

When testing, code that causes React state updates should be wrapped into act(...):

act(() => {
  /* fire events that update state */
});
/* assert on the output */

This ensures that you're testing the behavior the user would see in the browser. Learn more at https://reactjs.org/link/wrap-tests-with-act
    at Select (file:///Users/juanmunoz/Documents/GitHub/archery-club-hub/node_modules/.pnpm/@radix-ui+react-select@2.2.6_@types+react-dom@18.3.7_@types+react@18.3.28__@types+react_f9b05e8db7247fc075715ae52301583d/node_modules/@radix-ui/react-select/dist/index.mjs:42:5)
    at div
    at form
    at div
    at div
    at MotionDOMComponent (file:///Users/juanmunoz/Documents/GitHub/archery-club-hub/node_modules/.pnpm/framer-motion@12.34.0_react-dom@18.3.1_react@18.3.1__react@18.3.1/node_modules/framer-motion/dist/es/motion/index.mjs:46:16)
    at div
    at RegisterClubPage (/Users/juanmunoz/Documents/GitHub/archery-club-hub/src/pages/RegisterClubPage.tsx:26:59)
    at Router (/Users/juanmunoz/Documents/GitHub/archery-club-hub/node_modules/.pnpm/react-router@6.30.3_react@18.3.1/node_modules/react-router/dist/umd/react-router.development.js:1207:17)
    at BrowserRouter (/Users/juanmunoz/Documents/GitHub/archery-club-hub/node_modules/.pnpm/react-router-dom@6.30.3_react-dom@18.3.1_react@18.3.1__react@18.3.1/node_modules/react-router-dom/dist/umd/react-router-dom.development.js:695:7)
Warning: An update to Select inside a test was not wrapped in act(...).

When testing, code that causes React state updates should be wrapped into act(...):

act(() => {
  /* fire events that update state */
});
/* assert on the output */

This ensures that you're testing the behavior the user would see in the browser. Learn more at https://reactjs.org/link/wrap-tests-with-act
    at Select (file:///Users/juanmunoz/Documents/GitHub/archery-club-hub/node_modules/.pnpm/@radix-ui+react-select@2.2.6_@types+react-dom@18.3.7_@types+react@18.3.28__@types+react_f9b05e8db7247fc075715ae52301583d/node_modules/@radix-ui/react-select/dist/index.mjs:42:5)
    at div
    at form
    at div
    at div
    at MotionDOMComponent (file:///Users/juanmunoz/Documents/GitHub/archery-club-hub/node_modules/.pnpm/framer-motion@12.34.0_react-dom@18.3.1_react@18.3.1__react@18.3.1/node_modules/framer-motion/dist/es/motion/index.mjs:46:16)
    at div
    at RegisterClubPage (/Users/juanmunoz/Documents/GitHub/archery-club-hub/src/pages/RegisterClubPage.tsx:26:59)
    at Router (/Users/juanmunoz/Documents/GitHub/archery-club-hub/node_modules/.pnpm/react-router@6.30.3_react@18.3.1/node_modules/react-router/dist/umd/react-router.development.js:1207:17)
    at BrowserRouter (/Users/juanmunoz/Documents/GitHub/archery-club-hub/node_modules/.pnpm/react-router-dom@6.30.3_react-dom@18.3.1_react@18.3.1__react@18.3.1/node_modules/react-router-dom/dist/umd/react-router-dom.development.js:695:7)
Warning: An update to SelectItemText inside a test was not wrapped in act(...).

When testing, code that causes React state updates should be wrapped into act(...):

act(() => {
  /* fire events that update state */
});
/* assert on the output */

This ensures that you're testing the behavior the user would see in the browser. Learn more at https://reactjs.org/link/wrap-tests-with-act
    at file:///Users/juanmunoz/Documents/GitHub/archery-club-hub/node_modules/.pnpm/@radix-ui+react-select@2.2.6_@types+react-dom@18.3.7_@types+react@18.3.28__@types+react_f9b05e8db7247fc075715ae52301583d/node_modules/@radix-ui/react-select/dist/index.mjs:901:13
    at div
    at file:///Users/juanmunoz/Documents/GitHub/archery-club-hub/node_modules/.pnpm/@radix-ui+react-primitive@2.1.3_@types+react-dom@18.3.7_@types+react@18.3.28__@types+re_8827551f88f8a44c5b480e0d8a5a4518/node_modules/@radix-ui/react-primitive/dist/index.mjs:28:13
    at file:///Users/juanmunoz/Documents/GitHub/archery-club-hub/node_modules/.pnpm/@radix-ui+react-slot@1.2.3_@types+react@18.3.28_react@18.3.1/node_modules/@radix-ui/react-slot/dist/index.mjs:33:13
    at file:///Users/juanmunoz/Documents/GitHub/archery-club-hub/node_modules/.pnpm/@radix-ui+react-slot@1.2.3_@types+react@18.3.28_react@18.3.1/node_modules/@radix-ui/react-slot/dist/index.mjs:9:13
    at file:///Users/juanmunoz/Documents/GitHub/archery-club-hub/node_modules/.pnpm/@radix-ui+react-collection@1.1.7_@types+react-dom@18.3.7_@types+react@18.3.28__@types+r_4e264787f1cadc3b39e6411b3bc7d186/node_modules/@radix-ui/react-collection/dist/index.mjs:39:15
    at Provider (file:///Users/juanmunoz/Documents/GitHub/archery-club-hub/node_modules/.pnpm/@radix-ui+react-context@1.1.2_@types+react@18.3.28_react@18.3.1/node_modules/@radix-ui/react-context/dist/index.mjs:27:15)
    at file:///Users/juanmunoz/Documents/GitHub/archery-club-hub/node_modules/.pnpm/@radix-ui+react-select@2.2.6_@types+react-dom@18.3.7_@types+react@18.3.28__@types+react_f9b05e8db7247fc075715ae52301583d/node_modules/@radix-ui/react-select/dist/index.mjs:800:7
    at /Users/juanmunoz/Documents/GitHub/archery-club-hub/src/components/ui/select.tsx:122:70
    at div
    at file:///Users/juanmunoz/Documents/GitHub/archery-club-hub/node_modules/.pnpm/@radix-ui+react-primitive@2.1.3_@types+react-dom@18.3.7_@types+react@18.3.28__@types+re_8827551f88f8a44c5b480e0d8a5a4518/node_modules/@radix-ui/react-primitive/dist/index.mjs:28:13
    at file:///Users/juanmunoz/Documents/GitHub/archery-club-hub/node_modules/.pnpm/@radix-ui+react-slot@1.2.3_@types+react@18.3.28_react@18.3.1/node_modules/@radix-ui/react-slot/dist/index.mjs:33:13
    at file:///Users/juanmunoz/Documents/GitHub/archery-club-hub/node_modules/.pnpm/@radix-ui+react-slot@1.2.3_@types+react@18.3.28_react@18.3.1/node_modules/@radix-ui/react-slot/dist/index.mjs:9:13
    at file:///Users/juanmunoz/Documents/GitHub/archery-club-hub/node_modules/.pnpm/@radix-ui+react-collection@1.1.7_@types+react-dom@18.3.7_@types+react@18.3.28__@types+r_4e264787f1cadc3b39e6411b3bc7d186/node_modules/@radix-ui/react-collection/dist/index.mjs:27:15
    at file:///Users/juanmunoz/Documents/GitHub/archery-club-hub/node_modules/.pnpm/@radix-ui+react-select@2.2.6_@types+react-dom@18.3.7_@types+react@18.3.28__@types+react_f9b05e8db7247fc075715ae52301583d/node_modules/@radix-ui/react-select/dist/index.mjs:711:13
    at div
    at file:///Users/juanmunoz/Documents/GitHub/archery-club-hub/node_modules/.pnpm/@radix-ui+react-slot@1.2.3_@types+react@18.3.28_react@18.3.1/node_modules/@radix-ui/react-slot/dist/index.mjs:33:13
    at file:///Users/juanmunoz/Documents/GitHub/archery-club-hub/node_modules/.pnpm/@radix-ui+react-slot@1.2.3_@types+react@18.3.28_react@18.3.1/node_modules/@radix-ui/react-slot/dist/index.mjs:9:13
    at file:///Users/juanmunoz/Documents/GitHub/archery-club-hub/node_modules/.pnpm/@radix-ui+react-collection@1.1.7_@types+react-dom@18.3.7_@types+react@18.3.28__@types+r_4e264787f1cadc3b39e6411b3bc7d186/node_modules/@radix-ui/react-collection/dist/index.mjs:27:15
    at Provider (file:///Users/juanmunoz/Documents/GitHub/archery-club-hub/node_modules/.pnpm/@radix-ui+react-context@1.1.2_@types+react@18.3.28_react@18.3.1/node_modules/@radix-ui/react-context/dist/index.mjs:27:15)
    at file:///Users/juanmunoz/Documents/GitHub/archery-club-hub/node_modules/.pnpm/@radix-ui+react-select@2.2.6_@types+react-dom@18.3.7_@types+react@18.3.28__@types+react_f9b05e8db7247fc075715ae52301583d/node_modules/@radix-ui/react-select/dist/index.mjs:256:58
    at file:///Users/juanmunoz/Documents/GitHub/archery-club-hub/node_modules/.pnpm/@radix-ui+react-slot@1.2.3_@types+react@18.3.28_react@18.3.1/node_modules/@radix-ui/react-slot/dist/index.mjs:33:13
    at file:///Users/juanmunoz/Documents/GitHub/archery-club-hub/node_modules/.pnpm/@radix-ui+react-slot@1.2.3_@types+react@18.3.28_react@18.3.1/node_modules/@radix-ui/react-slot/dist/index.mjs:9:13
    at file:///Users/juanmunoz/Documents/GitHub/archery-club-hub/node_modules/.pnpm/@radix-ui+react-primitive@2.1.3_@types+react-dom@18.3.7_@types+react@18.3.28__@types+re_8827551f88f8a44c5b480e0d8a5a4518/node_modules/@radix-ui/react-primitive/dist/index.mjs:28:13
    at file:///Users/juanmunoz/Documents/GitHub/archery-club-hub/node_modules/.pnpm/@radix-ui+react-portal@1.1.9_@types+react-dom@18.3.7_@types+react@18.3.28__@types+react_3d239322f44fd01c1fc3aece7e608026/node_modules/@radix-ui/react-portal/dist/index.mjs:11:22
    at SelectPortal
    at /Users/juanmunoz/Documents/GitHub/archery-club-hub/src/components/ui/select.tsx:75:73
    at Provider (file:///Users/juanmunoz/Documents/GitHub/archery-club-hub/node_modules/.pnpm/@radix-ui+react-context@1.1.2_@types+react@18.3.28_react@18.3.1/node_modules/@radix-ui/react-context/dist/index.mjs:27:15)
    at Provider (file:///Users/juanmunoz/Documents/GitHub/archery-club-hub/node_modules/.pnpm/@radix-ui+react-context@1.1.2_@types+react@18.3.28_react@18.3.1/node_modules/@radix-ui/react-context/dist/index.mjs:27:15)
    at CollectionProvider (file:///Users/juanmunoz/Documents/GitHub/archery-club-hub/node_modules/.pnpm/@radix-ui+react-collection@1.1.7_@types+react-dom@18.3.7_@types+react@18.3.28__@types+r_4e264787f1cadc3b39e6411b3bc7d186/node_modules/@radix-ui/react-collection/dist/index.mjs:17:13)
    at Provider (file:///Users/juanmunoz/Documents/GitHub/archery-club-hub/node_modules/.pnpm/@radix-ui+react-context@1.1.2_@types+react@18.3.28_react@18.3.1/node_modules/@radix-ui/react-context/dist/index.mjs:27:15)
    at Provider (file:///Users/juanmunoz/Documents/GitHub/archery-club-hub/node_modules/.pnpm/@radix-ui+react-context@1.1.2_@types+react@18.3.28_react@18.3.1/node_modules/@radix-ui/react-context/dist/index.mjs:27:15)
    at Popper (file:///Users/juanmunoz/Documents/GitHub/archery-club-hub/node_modules/.pnpm/@radix-ui+react-popper@1.2.8_@types+react-dom@18.3.7_@types+react@18.3.28__@types+react_670e32d9a64ee24e3a22b3ad7ddf00ff/node_modules/@radix-ui/react-popper/dist/index.mjs:30:11)
    at Select (file:///Users/juanmunoz/Documents/GitHub/archery-club-hub/node_modules/.pnpm/@radix-ui+react-select@2.2.6_@types+react-dom@18.3.7_@types+react@18.3.28__@types+react_f9b05e8db7247fc075715ae52301583d/node_modules/@radix-ui/react-select/dist/index.mjs:42:5)
    at div
    at form
    at div
    at div
    at MotionDOMComponent (file:///Users/juanmunoz/Documents/GitHub/archery-club-hub/node_modules/.pnpm/framer-motion@12.34.0_react-dom@18.3.1_react@18.3.1__react@18.3.1/node_modules/framer-motion/dist/es/motion/index.mjs:46:16)
    at div
    at RegisterClubPage (/Users/juanmunoz/Documents/GitHub/archery-club-hub/src/pages/RegisterClubPage.tsx:26:59)
    at Router (/Users/juanmunoz/Documents/GitHub/archery-club-hub/node_modules/.pnpm/react-router@6.30.3_react@18.3.1/node_modules/react-router/dist/umd/react-router.development.js:1207:17)
    at BrowserRouter (/Users/juanmunoz/Documents/GitHub/archery-club-hub/node_modules/.pnpm/react-router-dom@6.30.3_react-dom@18.3.1_react@18.3.1__react@18.3.1/node_modules/react-router-dom/dist/umd/react-router-dom.development.js:695:7)
Warning: An update to SelectItem inside a test was not wrapped in act(...).

When testing, code that causes React state updates should be wrapped into act(...):

act(() => {
  /* fire events that update state */
});
/* assert on the output */

This ensures that you're testing the behavior the user would see in the browser. Learn more at https://reactjs.org/link/wrap-tests-with-act
    at file:///Users/juanmunoz/Documents/GitHub/archery-club-hub/node_modules/.pnpm/@radix-ui+react-select@2.2.6_@types+react-dom@18.3.7_@types+react@18.3.28__@types+react_f9b05e8db7247fc075715ae52301583d/node_modules/@radix-ui/react-select/dist/index.mjs:800:7
    at /Users/juanmunoz/Documents/GitHub/archery-club-hub/src/components/ui/select.tsx:122:70
    at div
    at file:///Users/juanmunoz/Documents/GitHub/archery-club-hub/node_modules/.pnpm/@radix-ui+react-primitive@2.1.3_@types+react-dom@18.3.7_@types+react@18.3.28__@types+re_8827551f88f8a44c5b480e0d8a5a4518/node_modules/@radix-ui/react-primitive/dist/index.mjs:28:13
    at file:///Users/juanmunoz/Documents/GitHub/archery-club-hub/node_modules/.pnpm/@radix-ui+react-slot@1.2.3_@types+react@18.3.28_react@18.3.1/node_modules/@radix-ui/react-slot/dist/index.mjs:33:13
    at file:///Users/juanmunoz/Documents/GitHub/archery-club-hub/node_modules/.pnpm/@radix-ui+react-slot@1.2.3_@types+react@18.3.28_react@18.3.1/node_modules/@radix-ui/react-slot/dist/index.mjs:9:13
    at file:///Users/juanmunoz/Documents/GitHub/archery-club-hub/node_modules/.pnpm/@radix-ui+react-collection@1.1.7_@types+react-dom@18.3.7_@types+react@18.3.28__@types+r_4e264787f1cadc3b39e6411b3bc7d186/node_modules/@radix-ui/react-collection/dist/index.mjs:27:15
    at file:///Users/juanmunoz/Documents/GitHub/archery-club-hub/node_modules/.pnpm/@radix-ui+react-select@2.2.6_@types+react-dom@18.3.7_@types+react@18.3.28__@types+react_f9b05e8db7247fc075715ae52301583d/node_modules/@radix-ui/react-select/dist/index.mjs:711:13
    at div
    at file:///Users/juanmunoz/Documents/GitHub/archery-club-hub/node_modules/.pnpm/@radix-ui+react-slot@1.2.3_@types+react@18.3.28_react@18.3.1/node_modules/@radix-ui/react-slot/dist/index.mjs:33:13
    at file:///Users/juanmunoz/Documents/GitHub/archery-club-hub/node_modules/.pnpm/@radix-ui+react-slot@1.2.3_@types+react@18.3.28_react@18.3.1/node_modules/@radix-ui/react-slot/dist/index.mjs:9:13
    at file:///Users/juanmunoz/Documents/GitHub/archery-club-hub/node_modules/.pnpm/@radix-ui+react-collection@1.1.7_@types+react-dom@18.3.7_@types+react@18.3.28__@types+r_4e264787f1cadc3b39e6411b3bc7d186/node_modules/@radix-ui/react-collection/dist/index.mjs:27:15
    at Provider (file:///Users/juanmunoz/Documents/GitHub/archery-club-hub/node_modules/.pnpm/@radix-ui+react-context@1.1.2_@types+react@18.3.28_react@18.3.1/node_modules/@radix-ui/react-context/dist/index.mjs:27:15)
    at file:///Users/juanmunoz/Documents/GitHub/archery-club-hub/node_modules/.pnpm/@radix-ui+react-select@2.2.6_@types+react-dom@18.3.7_@types+react@18.3.28__@types+react_f9b05e8db7247fc075715ae52301583d/node_modules/@radix-ui/react-select/dist/index.mjs:256:58
    at file:///Users/juanmunoz/Documents/GitHub/archery-club-hub/node_modules/.pnpm/@radix-ui+react-slot@1.2.3_@types+react@18.3.28_react@18.3.1/node_modules/@radix-ui/react-slot/dist/index.mjs:33:13
    at file:///Users/juanmunoz/Documents/GitHub/archery-club-hub/node_modules/.pnpm/@radix-ui+react-slot@1.2.3_@types+react@18.3.28_react@18.3.1/node_modules/@radix-ui/react-slot/dist/index.mjs:9:13
    at file:///Users/juanmunoz/Documents/GitHub/archery-club-hub/node_modules/.pnpm/@radix-ui+react-primitive@2.1.3_@types+react-dom@18.3.7_@types+react@18.3.28__@types+re_8827551f88f8a44c5b480e0d8a5a4518/node_modules/@radix-ui/react-primitive/dist/index.mjs:28:13
    at file:///Users/juanmunoz/Documents/GitHub/archery-club-hub/node_modules/.pnpm/@radix-ui+react-portal@1.1.9_@types+react-dom@18.3.7_@types+react@18.3.28__@types+react_3d239322f44fd01c1fc3aece7e608026/node_modules/@radix-ui/react-portal/dist/index.mjs:11:22
    at SelectPortal
    at /Users/juanmunoz/Documents/GitHub/archery-club-hub/src/components/ui/select.tsx:75:73
    at Provider (file:///Users/juanmunoz/Documents/GitHub/archery-club-hub/node_modules/.pnpm/@radix-ui+react-context@1.1.2_@types+react@18.3.28_react@18.3.1/node_modules/@radix-ui/react-context/dist/index.mjs:27:15)
    at Provider (file:///Users/juanmunoz/Documents/GitHub/archery-club-hub/node_modules/.pnpm/@radix-ui+react-context@1.1.2_@types+react@18.3.28_react@18.3.1/node_modules/@radix-ui/react-context/dist/index.mjs:27:15)
    at CollectionProvider (file:///Users/juanmunoz/Documents/GitHub/archery-club-hub/node_modules/.pnpm/@radix-ui+react-collection@1.1.7_@types+react-dom@18.3.7_@types+react@18.3.28__@types+r_4e264787f1cadc3b39e6411b3bc7d186/node_modules/@radix-ui/react-collection/dist/index.mjs:17:13)
    at Provider (file:///Users/juanmunoz/Documents/GitHub/archery-club-hub/node_modules/.pnpm/@radix-ui+react-context@1.1.2_@types+react@18.3.28_react@18.3.1/node_modules/@radix-ui/react-context/dist/index.mjs:27:15)
    at Provider (file:///Users/juanmunoz/Documents/GitHub/archery-club-hub/node_modules/.pnpm/@radix-ui+react-context@1.1.2_@types+react@18.3.28_react@18.3.1/node_modules/@radix-ui/react-context/dist/index.mjs:27:15)
    at Popper (file:///Users/juanmunoz/Documents/GitHub/archery-club-hub/node_modules/.pnpm/@radix-ui+react-popper@1.2.8_@types+react-dom@18.3.7_@types+react@18.3.28__@types+react_670e32d9a64ee24e3a22b3ad7ddf00ff/node_modules/@radix-ui/react-popper/dist/index.mjs:30:11)
    at Select (file:///Users/juanmunoz/Documents/GitHub/archery-club-hub/node_modules/.pnpm/@radix-ui+react-select@2.2.6_@types+react-dom@18.3.7_@types+react@18.3.28__@types+react_f9b05e8db7247fc075715ae52301583d/node_modules/@radix-ui/react-select/dist/index.mjs:42:5)
    at div
    at form
    at div
    at div
    at MotionDOMComponent (file:///Users/juanmunoz/Documents/GitHub/archery-club-hub/node_modules/.pnpm/framer-motion@12.34.0_react-dom@18.3.1_react@18.3.1__react@18.3.1/node_modules/framer-motion/dist/es/motion/index.mjs:46:16)
    at div
    at RegisterClubPage (/Users/juanmunoz/Documents/GitHub/archery-club-hub/src/pages/RegisterClubPage.tsx:26:59)
    at Router (/Users/juanmunoz/Documents/GitHub/archery-club-hub/node_modules/.pnpm/react-router@6.30.3_react@18.3.1/node_modules/react-router/dist/umd/react-router.development.js:1207:17)
    at BrowserRouter (/Users/juanmunoz/Documents/GitHub/archery-club-hub/node_modules/.pnpm/react-router-dom@6.30.3_react-dom@18.3.1_react@18.3.1__react@18.3.1/node_modules/react-router-dom/dist/umd/react-router-dom.development.js:695:7)
Warning: An update to Select inside a test was not wrapped in act(...).

When testing, code that causes React state updates should be wrapped into act(...):

act(() => {
  /* fire events that update state */
});
/* assert on the output */

This ensures that you're testing the behavior the user would see in the browser. Learn more at https://reactjs.org/link/wrap-tests-with-act
    at Select (file:///Users/juanmunoz/Documents/GitHub/archery-club-hub/node_modules/.pnpm/@radix-ui+react-select@2.2.6_@types+react-dom@18.3.7_@types+react@18.3.28__@types+react_f9b05e8db7247fc075715ae52301583d/node_modules/@radix-ui/react-select/dist/index.mjs:42:5)
    at div
    at form
    at div
    at div
    at MotionDOMComponent (file:///Users/juanmunoz/Documents/GitHub/archery-club-hub/node_modules/.pnpm/framer-motion@12.34.0_react-dom@18.3.1_react@18.3.1__react@18.3.1/node_modules/framer-motion/dist/es/motion/index.mjs:46:16)
    at div
    at RegisterClubPage (/Users/juanmunoz/Documents/GitHub/archery-club-hub/src/pages/RegisterClubPage.tsx:26:59)
    at Router (/Users/juanmunoz/Documents/GitHub/archery-club-hub/node_modules/.pnpm/react-router@6.30.3_react@18.3.1/node_modules/react-router/dist/umd/react-router.development.js:1207:17)
    at BrowserRouter (/Users/juanmunoz/Documents/GitHub/archery-club-hub/node_modules/.pnpm/react-router-dom@6.30.3_react-dom@18.3.1_react@18.3.1__react@18.3.1/node_modules/react-router-dom/dist/umd/react-router-dom.development.js:695:7)
Warning: An update to SelectItem inside a test was not wrapped in act(...).

When testing, code that causes React state updates should be wrapped into act(...):

act(() => {
  /* fire events that update state */
});
/* assert on the output */

This ensures that you're testing the behavior the user would see in the browser. Learn more at https://reactjs.org/link/wrap-tests-with-act
    at file:///Users/juanmunoz/Documents/GitHub/archery-club-hub/node_modules/.pnpm/@radix-ui+react-select@2.2.6_@types+react-dom@18.3.7_@types+react@18.3.28__@types+react_f9b05e8db7247fc075715ae52301583d/node_modules/@radix-ui/react-select/dist/index.mjs:800:7
    at /Users/juanmunoz/Documents/GitHub/archery-club-hub/src/components/ui/select.tsx:122:70
    at div
    at file:///Users/juanmunoz/Documents/GitHub/archery-club-hub/node_modules/.pnpm/@radix-ui+react-primitive@2.1.3_@types+react-dom@18.3.7_@types+react@18.3.28__@types+re_8827551f88f8a44c5b480e0d8a5a4518/node_modules/@radix-ui/react-primitive/dist/index.mjs:28:13
    at file:///Users/juanmunoz/Documents/GitHub/archery-club-hub/node_modules/.pnpm/@radix-ui+react-slot@1.2.3_@types+react@18.3.28_react@18.3.1/node_modules/@radix-ui/react-slot/dist/index.mjs:33:13
    at file:///Users/juanmunoz/Documents/GitHub/archery-club-hub/node_modules/.pnpm/@radix-ui+react-slot@1.2.3_@types+react@18.3.28_react@18.3.1/node_modules/@radix-ui/react-slot/dist/index.mjs:9:13
    at file:///Users/juanmunoz/Documents/GitHub/archery-club-hub/node_modules/.pnpm/@radix-ui+react-collection@1.1.7_@types+react-dom@18.3.7_@types+react@18.3.28__@types+r_4e264787f1cadc3b39e6411b3bc7d186/node_modules/@radix-ui/react-collection/dist/index.mjs:27:15
    at file:///Users/juanmunoz/Documents/GitHub/archery-club-hub/node_modules/.pnpm/@radix-ui+react-select@2.2.6_@types+react-dom@18.3.7_@types+react@18.3.28__@types+react_f9b05e8db7247fc075715ae52301583d/node_modules/@radix-ui/react-select/dist/index.mjs:711:13
    at div
    at file:///Users/juanmunoz/Documents/GitHub/archery-club-hub/node_modules/.pnpm/@radix-ui+react-slot@1.2.3_@types+react@18.3.28_react@18.3.1/node_modules/@radix-ui/react-slot/dist/index.mjs:33:13
    at file:///Users/juanmunoz/Documents/GitHub/archery-club-hub/node_modules/.pnpm/@radix-ui+react-slot@1.2.3_@types+react@18.3.28_react@18.3.1/node_modules/@radix-ui/react-slot/dist/index.mjs:9:13
    at file:///Users/juanmunoz/Documents/GitHub/archery-club-hub/node_modules/.pnpm/@radix-ui+react-collection@1.1.7_@types+react-dom@18.3.7_@types+react@18.3.28__@types+r_4e264787f1cadc3b39e6411b3bc7d186/node_modules/@radix-ui/react-collection/dist/index.mjs:27:15
    at Provider (file:///Users/juanmunoz/Documents/GitHub/archery-club-hub/node_modules/.pnpm/@radix-ui+react-context@1.1.2_@types+react@18.3.28_react@18.3.1/node_modules/@radix-ui/react-context/dist/index.mjs:27:15)
    at file:///Users/juanmunoz/Documents/GitHub/archery-club-hub/node_modules/.pnpm/@radix-ui+react-select@2.2.6_@types+react-dom@18.3.7_@types+react@18.3.28__@types+react_f9b05e8db7247fc075715ae52301583d/node_modules/@radix-ui/react-select/dist/index.mjs:256:58
    at file:///Users/juanmunoz/Documents/GitHub/archery-club-hub/node_modules/.pnpm/@radix-ui+react-slot@1.2.3_@types+react@18.3.28_react@18.3.1/node_modules/@radix-ui/react-slot/dist/index.mjs:33:13
    at file:///Users/juanmunoz/Documents/GitHub/archery-club-hub/node_modules/.pnpm/@radix-ui+react-slot@1.2.3_@types+react@18.3.28_react@18.3.1/node_modules/@radix-ui/react-slot/dist/index.mjs:9:13
    at file:///Users/juanmunoz/Documents/GitHub/archery-club-hub/node_modules/.pnpm/@radix-ui+react-primitive@2.1.3_@types+react-dom@18.3.7_@types+react@18.3.28__@types+re_8827551f88f8a44c5b480e0d8a5a4518/node_modules/@radix-ui/react-primitive/dist/index.mjs:28:13
    at file:///Users/juanmunoz/Documents/GitHub/archery-club-hub/node_modules/.pnpm/@radix-ui+react-portal@1.1.9_@types+react-dom@18.3.7_@types+react@18.3.28__@types+react_3d239322f44fd01c1fc3aece7e608026/node_modules/@radix-ui/react-portal/dist/index.mjs:11:22
    at SelectPortal
    at /Users/juanmunoz/Documents/GitHub/archery-club-hub/src/components/ui/select.tsx:75:73
    at Provider (file:///Users/juanmunoz/Documents/GitHub/archery-club-hub/node_modules/.pnpm/@radix-ui+react-context@1.1.2_@types+react@18.3.28_react@18.3.1/node_modules/@radix-ui/react-context/dist/index.mjs:27:15)
    at Provider (file:///Users/juanmunoz/Documents/GitHub/archery-club-hub/node_modules/.pnpm/@radix-ui+react-context@1.1.2_@types+react@18.3.28_react@18.3.1/node_modules/@radix-ui/react-context/dist/index.mjs:27:15)
    at CollectionProvider (file:///Users/juanmunoz/Documents/GitHub/archery-club-hub/node_modules/.pnpm/@radix-ui+react-collection@1.1.7_@types+react-dom@18.3.7_@types+react@18.3.28__@types+r_4e264787f1cadc3b39e6411b3bc7d186/node_modules/@radix-ui/react-collection/dist/index.mjs:17:13)
    at Provider (file:///Users/juanmunoz/Documents/GitHub/archery-club-hub/node_modules/.pnpm/@radix-ui+react-context@1.1.2_@types+react@18.3.28_react@18.3.1/node_modules/@radix-ui/react-context/dist/index.mjs:27:15)
    at Provider (file:///Users/juanmunoz/Documents/GitHub/archery-club-hub/node_modules/.pnpm/@radix-ui+react-context@1.1.2_@types+react@18.3.28_react@18.3.1/node_modules/@radix-ui/react-context/dist/index.mjs:27:15)
    at Popper (file:///Users/juanmunoz/Documents/GitHub/archery-club-hub/node_modules/.pnpm/@radix-ui+react-popper@1.2.8_@types+react-dom@18.3.7_@types+react@18.3.28__@types+react_670e32d9a64ee24e3a22b3ad7ddf00ff/node_modules/@radix-ui/react-popper/dist/index.mjs:30:11)
    at Select (file:///Users/juanmunoz/Documents/GitHub/archery-club-hub/node_modules/.pnpm/@radix-ui+react-select@2.2.6_@types+react-dom@18.3.7_@types+react@18.3.28__@types+react_f9b05e8db7247fc075715ae52301583d/node_modules/@radix-ui/react-select/dist/index.mjs:42:5)
    at div
    at form
    at div
    at div
    at MotionDOMComponent (file:///Users/juanmunoz/Documents/GitHub/archery-club-hub/node_modules/.pnpm/framer-motion@12.34.0_react-dom@18.3.1_react@18.3.1__react@18.3.1/node_modules/framer-motion/dist/es/motion/index.mjs:46:16)
    at div
    at RegisterClubPage (/Users/juanmunoz/Documents/GitHub/archery-club-hub/src/pages/RegisterClubPage.tsx:26:59)
    at Router (/Users/juanmunoz/Documents/GitHub/archery-club-hub/node_modules/.pnpm/react-router@6.30.3_react@18.3.1/node_modules/react-router/dist/umd/react-router.development.js:1207:17)
    at BrowserRouter (/Users/juanmunoz/Documents/GitHub/archery-club-hub/node_modules/.pnpm/react-router-dom@6.30.3_react-dom@18.3.1_react@18.3.1__react@18.3.1/node_modules/react-router-dom/dist/umd/react-router-dom.development.js:695:7)
Warning: An update to RegisterClubPage inside a test was not wrapped in act(...).

When testing, code that causes React state updates should be wrapped into act(...):

act(() => {
  /* fire events that update state */
});
/* assert on the output */

This ensures that you're testing the behavior the user would see in the browser. Learn more at https://reactjs.org/link/wrap-tests-with-act
    at RegisterClubPage (/Users/juanmunoz/Documents/GitHub/archery-club-hub/src/pages/RegisterClubPage.tsx:26:59)
    at Router (/Users/juanmunoz/Documents/GitHub/archery-club-hub/node_modules/.pnpm/react-router@6.30.3_react@18.3.1/node_modules/react-router/dist/umd/react-router.development.js:1207:17)
    at BrowserRouter (/Users/juanmunoz/Documents/GitHub/archery-club-hub/node_modules/.pnpm/react-router-dom@6.30.3_react-dom@18.3.1_react@18.3.1__react@18.3.1/node_modules/react-router-dom/dist/umd/react-router-dom.development.js:695:7)
Warning: An update to Select inside a test was not wrapped in act(...).

When testing, code that causes React state updates should be wrapped into act(...):

act(() => {
  /* fire events that update state */
});
/* assert on the output */

This ensures that you're testing the behavior the user would see in the browser. Learn more at https://reactjs.org/link/wrap-tests-with-act
    at Select (file:///Users/juanmunoz/Documents/GitHub/archery-club-hub/node_modules/.pnpm/@radix-ui+react-select@2.2.6_@types+react-dom@18.3.7_@types+react@18.3.28__@types+react_f9b05e8db7247fc075715ae52301583d/node_modules/@radix-ui/react-select/dist/index.mjs:42:5)
    at div
    at form
    at div
    at div
    at MotionDOMComponent (file:///Users/juanmunoz/Documents/GitHub/archery-club-hub/node_modules/.pnpm/framer-motion@12.34.0_react-dom@18.3.1_react@18.3.1__react@18.3.1/node_modules/framer-motion/dist/es/motion/index.mjs:46:16)
    at div
    at RegisterClubPage (/Users/juanmunoz/Documents/GitHub/archery-club-hub/src/pages/RegisterClubPage.tsx:26:59)
    at Router (/Users/juanmunoz/Documents/GitHub/archery-club-hub/node_modules/.pnpm/react-router@6.30.3_react@18.3.1/node_modules/react-router/dist/umd/react-router.development.js:1207:17)
    at BrowserRouter (/Users/juanmunoz/Documents/GitHub/archery-club-hub/node_modules/.pnpm/react-router-dom@6.30.3_react-dom@18.3.1_react@18.3.1__react@18.3.1/node_modules/react-router-dom/dist/umd/react-router-dom.development.js:695:7)
Warning: An update to SelectItemText inside a test was not wrapped in act(...).

When testing, code that causes React state updates should be wrapped into act(...):

act(() => {
  /* fire events that update state */
});
/* assert on the output */

This ensures that you're testing the behavior the user would see in the browser. Learn more at https://reactjs.org/link/wrap-tests-with-act
    at file:///Users/juanmunoz/Documents/GitHub/archery-club-hub/node_modules/.pnpm/@radix-ui+react-select@2.2.6_@types+react-dom@18.3.7_@types+react@18.3.28__@types+react_f9b05e8db7247fc075715ae52301583d/node_modules/@radix-ui/react-select/dist/index.mjs:901:13
    at div
    at file:///Users/juanmunoz/Documents/GitHub/archery-club-hub/node_modules/.pnpm/@radix-ui+react-primitive@2.1.3_@types+react-dom@18.3.7_@types+react@18.3.28__@types+re_8827551f88f8a44c5b480e0d8a5a4518/node_modules/@radix-ui/react-primitive/dist/index.mjs:28:13
    at file:///Users/juanmunoz/Documents/GitHub/archery-club-hub/node_modules/.pnpm/@radix-ui+react-slot@1.2.3_@types+react@18.3.28_react@18.3.1/node_modules/@radix-ui/react-slot/dist/index.mjs:33:13
    at file:///Users/juanmunoz/Documents/GitHub/archery-club-hub/node_modules/.pnpm/@radix-ui+react-slot@1.2.3_@types+react@18.3.28_react@18.3.1/node_modules/@radix-ui/react-slot/dist/index.mjs:9:13
    at file:///Users/juanmunoz/Documents/GitHub/archery-club-hub/node_modules/.pnpm/@radix-ui+react-collection@1.1.7_@types+react-dom@18.3.7_@types+react@18.3.28__@types+r_4e264787f1cadc3b39e6411b3bc7d186/node_modules/@radix-ui/react-collection/dist/index.mjs:39:15
    at Provider (file:///Users/juanmunoz/Documents/GitHub/archery-club-hub/node_modules/.pnpm/@radix-ui+react-context@1.1.2_@types+react@18.3.28_react@18.3.1/node_modules/@radix-ui/react-context/dist/index.mjs:27:15)
    at file:///Users/juanmunoz/Documents/GitHub/archery-club-hub/node_modules/.pnpm/@radix-ui+react-select@2.2.6_@types+react-dom@18.3.7_@types+react@18.3.28__@types+react_f9b05e8db7247fc075715ae52301583d/node_modules/@radix-ui/react-select/dist/index.mjs:800:7
    at /Users/juanmunoz/Documents/GitHub/archery-club-hub/src/components/ui/select.tsx:122:70
    at div
    at file:///Users/juanmunoz/Documents/GitHub/archery-club-hub/node_modules/.pnpm/@radix-ui+react-primitive@2.1.3_@types+react-dom@18.3.7_@types+react@18.3.28__@types+re_8827551f88f8a44c5b480e0d8a5a4518/node_modules/@radix-ui/react-primitive/dist/index.mjs:28:13
    at file:///Users/juanmunoz/Documents/GitHub/archery-club-hub/node_modules/.pnpm/@radix-ui+react-slot@1.2.3_@types+react@18.3.28_react@18.3.1/node_modules/@radix-ui/react-slot/dist/index.mjs:33:13
    at file:///Users/juanmunoz/Documents/GitHub/archery-club-hub/node_modules/.pnpm/@radix-ui+react-slot@1.2.3_@types+react@18.3.28_react@18.3.1/node_modules/@radix-ui/react-slot/dist/index.mjs:9:13
    at file:///Users/juanmunoz/Documents/GitHub/archery-club-hub/node_modules/.pnpm/@radix-ui+react-collection@1.1.7_@types+react-dom@18.3.7_@types+react@18.3.28__@types+r_4e264787f1cadc3b39e6411b3bc7d186/node_modules/@radix-ui/react-collection/dist/index.mjs:27:15
    at file:///Users/juanmunoz/Documents/GitHub/archery-club-hub/node_modules/.pnpm/@radix-ui+react-select@2.2.6_@types+react-dom@18.3.7_@types+react@18.3.28__@types+react_f9b05e8db7247fc075715ae52301583d/node_modules/@radix-ui/react-select/dist/index.mjs:711:13
    at div
    at file:///Users/juanmunoz/Documents/GitHub/archery-club-hub/node_modules/.pnpm/@radix-ui+react-slot@1.2.3_@types+react@18.3.28_react@18.3.1/node_modules/@radix-ui/react-slot/dist/index.mjs:33:13
    at file:///Users/juanmunoz/Documents/GitHub/archery-club-hub/node_modules/.pnpm/@radix-ui+react-slot@1.2.3_@types+react@18.3.28_react@18.3.1/node_modules/@radix-ui/react-slot/dist/index.mjs:9:13
    at file:///Users/juanmunoz/Documents/GitHub/archery-club-hub/node_modules/.pnpm/@radix-ui+react-collection@1.1.7_@types+react-dom@18.3.7_@types+react@18.3.28__@types+r_4e264787f1cadc3b39e6411b3bc7d186/node_modules/@radix-ui/react-collection/dist/index.mjs:27:15
    at Provider (file:///Users/juanmunoz/Documents/GitHub/archery-club-hub/node_modules/.pnpm/@radix-ui+react-context@1.1.2_@types+react@18.3.28_react@18.3.1/node_modules/@radix-ui/react-context/dist/index.mjs:27:15)
    at file:///Users/juanmunoz/Documents/GitHub/archery-club-hub/node_modules/.pnpm/@radix-ui+react-select@2.2.6_@types+react-dom@18.3.7_@types+react@18.3.28__@types+react_f9b05e8db7247fc075715ae52301583d/node_modules/@radix-ui/react-select/dist/index.mjs:256:58
    at file:///Users/juanmunoz/Documents/GitHub/archery-club-hub/node_modules/.pnpm/@radix-ui+react-slot@1.2.3_@types+react@18.3.28_react@18.3.1/node_modules/@radix-ui/react-slot/dist/index.mjs:33:13
    at file:///Users/juanmunoz/Documents/GitHub/archery-club-hub/node_modules/.pnpm/@radix-ui+react-slot@1.2.3_@types+react@18.3.28_react@18.3.1/node_modules/@radix-ui/react-slot/dist/index.mjs:9:13
    at file:///Users/juanmunoz/Documents/GitHub/archery-club-hub/node_modules/.pnpm/@radix-ui+react-primitive@2.1.3_@types+react-dom@18.3.7_@types+react@18.3.28__@types+re_8827551f88f8a44c5b480e0d8a5a4518/node_modules/@radix-ui/react-primitive/dist/index.mjs:28:13
    at file:///Users/juanmunoz/Documents/GitHub/archery-club-hub/node_modules/.pnpm/@radix-ui+react-portal@1.1.9_@types+react-dom@18.3.7_@types+react@18.3.28__@types+react_3d239322f44fd01c1fc3aece7e608026/node_modules/@radix-ui/react-portal/dist/index.mjs:11:22
    at SelectPortal
    at /Users/juanmunoz/Documents/GitHub/archery-club-hub/src/components/ui/select.tsx:75:73
    at Provider (file:///Users/juanmunoz/Documents/GitHub/archery-club-hub/node_modules/.pnpm/@radix-ui+react-context@1.1.2_@types+react@18.3.28_react@18.3.1/node_modules/@radix-ui/react-context/dist/index.mjs:27:15)
    at Provider (file:///Users/juanmunoz/Documents/GitHub/archery-club-hub/node_modules/.pnpm/@radix-ui+react-context@1.1.2_@types+react@18.3.28_react@18.3.1/node_modules/@radix-ui/react-context/dist/index.mjs:27:15)
    at CollectionProvider (file:///Users/juanmunoz/Documents/GitHub/archery-club-hub/node_modules/.pnpm/@radix-ui+react-collection@1.1.7_@types+react-dom@18.3.7_@types+react@18.3.28__@types+r_4e264787f1cadc3b39e6411b3bc7d186/node_modules/@radix-ui/react-collection/dist/index.mjs:17:13)
    at Provider (file:///Users/juanmunoz/Documents/GitHub/archery-club-hub/node_modules/.pnpm/@radix-ui+react-context@1.1.2_@types+react@18.3.28_react@18.3.1/node_modules/@radix-ui/react-context/dist/index.mjs:27:15)
    at Provider (file:///Users/juanmunoz/Documents/GitHub/archery-club-hub/node_modules/.pnpm/@radix-ui+react-context@1.1.2_@types+react@18.3.28_react@18.3.1/node_modules/@radix-ui/react-context/dist/index.mjs:27:15)
    at Popper (file:///Users/juanmunoz/Documents/GitHub/archery-club-hub/node_modules/.pnpm/@radix-ui+react-popper@1.2.8_@types+react-dom@18.3.7_@types+react@18.3.28__@types+react_670e32d9a64ee24e3a22b3ad7ddf00ff/node_modules/@radix-ui/react-popper/dist/index.mjs:30:11)
    at Select (file:///Users/juanmunoz/Documents/GitHub/archery-club-hub/node_modules/.pnpm/@radix-ui+react-select@2.2.6_@types+react-dom@18.3.7_@types+react@18.3.28__@types+react_f9b05e8db7247fc075715ae52301583d/node_modules/@radix-ui/react-select/dist/index.mjs:42:5)
    at div
    at form
    at div
    at div
    at MotionDOMComponent (file:///Users/juanmunoz/Documents/GitHub/archery-club-hub/node_modules/.pnpm/framer-motion@12.34.0_react-dom@18.3.1_react@18.3.1__react@18.3.1/node_modules/framer-motion/dist/es/motion/index.mjs:46:16)
    at div
    at RegisterClubPage (/Users/juanmunoz/Documents/GitHub/archery-club-hub/src/pages/RegisterClubPage.tsx:26:59)
    at Router (/Users/juanmunoz/Documents/GitHub/archery-club-hub/node_modules/.pnpm/react-router@6.30.3_react@18.3.1/node_modules/react-router/dist/umd/react-router.development.js:1207:17)
    at BrowserRouter (/Users/juanmunoz/Documents/GitHub/archery-club-hub/node_modules/.pnpm/react-router-dom@6.30.3_react-dom@18.3.1_react@18.3.1__react@18.3.1/node_modules/react-router-dom/dist/umd/react-router-dom.development.js:695:7)
Warning: An update to SelectItem inside a test was not wrapped in act(...).

When testing, code that causes React state updates should be wrapped into act(...):

act(() => {
  /* fire events that update state */
});
/* assert on the output */

This ensures that you're testing the behavior the user would see in the browser. Learn more at https://reactjs.org/link/wrap-tests-with-act
    at file:///Users/juanmunoz/Documents/GitHub/archery-club-hub/node_modules/.pnpm/@radix-ui+react-select@2.2.6_@types+react-dom@18.3.7_@types+react@18.3.28__@types+react_f9b05e8db7247fc075715ae52301583d/node_modules/@radix-ui/react-select/dist/index.mjs:800:7
    at /Users/juanmunoz/Documents/GitHub/archery-club-hub/src/components/ui/select.tsx:122:70
    at div
    at file:///Users/juanmunoz/Documents/GitHub/archery-club-hub/node_modules/.pnpm/@radix-ui+react-primitive@2.1.3_@types+react-dom@18.3.7_@types+react@18.3.28__@types+re_8827551f88f8a44c5b480e0d8a5a4518/node_modules/@radix-ui/react-primitive/dist/index.mjs:28:13
    at file:///Users/juanmunoz/Documents/GitHub/archery-club-hub/node_modules/.pnpm/@radix-ui+react-slot@1.2.3_@types+react@18.3.28_react@18.3.1/node_modules/@radix-ui/react-slot/dist/index.mjs:33:13
    at file:///Users/juanmunoz/Documents/GitHub/archery-club-hub/node_modules/.pnpm/@radix-ui+react-slot@1.2.3_@types+react@18.3.28_react@18.3.1/node_modules/@radix-ui/react-slot/dist/index.mjs:9:13
    at file:///Users/juanmunoz/Documents/GitHub/archery-club-hub/node_modules/.pnpm/@radix-ui+react-collection@1.1.7_@types+react-dom@18.3.7_@types+react@18.3.28__@types+r_4e264787f1cadc3b39e6411b3bc7d186/node_modules/@radix-ui/react-collection/dist/index.mjs:27:15
    at file:///Users/juanmunoz/Documents/GitHub/archery-club-hub/node_modules/.pnpm/@radix-ui+react-select@2.2.6_@types+react-dom@18.3.7_@types+react@18.3.28__@types+react_f9b05e8db7247fc075715ae52301583d/node_modules/@radix-ui/react-select/dist/index.mjs:711:13
    at div
    at file:///Users/juanmunoz/Documents/GitHub/archery-club-hub/node_modules/.pnpm/@radix-ui+react-slot@1.2.3_@types+react@18.3.28_react@18.3.1/node_modules/@radix-ui/react-slot/dist/index.mjs:33:13
    at file:///Users/juanmunoz/Documents/GitHub/archery-club-hub/node_modules/.pnpm/@radix-ui+react-slot@1.2.3_@types+react@18.3.28_react@18.3.1/node_modules/@radix-ui/react-slot/dist/index.mjs:9:13
    at file:///Users/juanmunoz/Documents/GitHub/archery-club-hub/node_modules/.pnpm/@radix-ui+react-collection@1.1.7_@types+react-dom@18.3.7_@types+react@18.3.28__@types+r_4e264787f1cadc3b39e6411b3bc7d186/node_modules/@radix-ui/react-collection/dist/index.mjs:27:15
    at Provider (file:///Users/juanmunoz/Documents/GitHub/archery-club-hub/node_modules/.pnpm/@radix-ui+react-context@1.1.2_@types+react@18.3.28_react@18.3.1/node_modules/@radix-ui/react-context/dist/index.mjs:27:15)
    at file:///Users/juanmunoz/Documents/GitHub/archery-club-hub/node_modules/.pnpm/@radix-ui+react-select@2.2.6_@types+react-dom@18.3.7_@types+react@18.3.28__@types+react_f9b05e8db7247fc075715ae52301583d/node_modules/@radix-ui/react-select/dist/index.mjs:256:58
    at file:///Users/juanmunoz/Documents/GitHub/archery-club-hub/node_modules/.pnpm/@radix-ui+react-slot@1.2.3_@types+react@18.3.28_react@18.3.1/node_modules/@radix-ui/react-slot/dist/index.mjs:33:13
    at file:///Users/juanmunoz/Documents/GitHub/archery-club-hub/node_modules/.pnpm/@radix-ui+react-slot@1.2.3_@types+react@18.3.28_react@18.3.1/node_modules/@radix-ui/react-slot/dist/index.mjs:9:13
    at file:///Users/juanmunoz/Documents/GitHub/archery-club-hub/node_modules/.pnpm/@radix-ui+react-primitive@2.1.3_@types+react-dom@18.3.7_@types+react@18.3.28__@types+re_8827551f88f8a44c5b480e0d8a5a4518/node_modules/@radix-ui/react-primitive/dist/index.mjs:28:13
    at file:///Users/juanmunoz/Documents/GitHub/archery-club-hub/node_modules/.pnpm/@radix-ui+react-portal@1.1.9_@types+react-dom@18.3.7_@types+react@18.3.28__@types+react_3d239322f44fd01c1fc3aece7e608026/node_modules/@radix-ui/react-portal/dist/index.mjs:11:22
    at SelectPortal
    at /Users/juanmunoz/Documents/GitHub/archery-club-hub/src/components/ui/select.tsx:75:73
    at Provider (file:///Users/juanmunoz/Documents/GitHub/archery-club-hub/node_modules/.pnpm/@radix-ui+react-context@1.1.2_@types+react@18.3.28_react@18.3.1/node_modules/@radix-ui/react-context/dist/index.mjs:27:15)
    at Provider (file:///Users/juanmunoz/Documents/GitHub/archery-club-hub/node_modules/.pnpm/@radix-ui+react-context@1.1.2_@types+react@18.3.28_react@18.3.1/node_modules/@radix-ui/react-context/dist/index.mjs:27:15)
    at CollectionProvider (file:///Users/juanmunoz/Documents/GitHub/archery-club-hub/node_modules/.pnpm/@radix-ui+react-collection@1.1.7_@types+react-dom@18.3.7_@types+react@18.3.28__@types+r_4e264787f1cadc3b39e6411b3bc7d186/node_modules/@radix-ui/react-collection/dist/index.mjs:17:13)
    at Provider (file:///Users/juanmunoz/Documents/GitHub/archery-club-hub/node_modules/.pnpm/@radix-ui+react-context@1.1.2_@types+react@18.3.28_react@18.3.1/node_modules/@radix-ui/react-context/dist/index.mjs:27:15)
    at Provider (file:///Users/juanmunoz/Documents/GitHub/archery-club-hub/node_modules/.pnpm/@radix-ui+react-context@1.1.2_@types+react@18.3.28_react@18.3.1/node_modules/@radix-ui/react-context/dist/index.mjs:27:15)
    at Popper (file:///Users/juanmunoz/Documents/GitHub/archery-club-hub/node_modules/.pnpm/@radix-ui+react-popper@1.2.8_@types+react-dom@18.3.7_@types+react@18.3.28__@types+react_670e32d9a64ee24e3a22b3ad7ddf00ff/node_modules/@radix-ui/react-popper/dist/index.mjs:30:11)
    at Select (file:///Users/juanmunoz/Documents/GitHub/archery-club-hub/node_modules/.pnpm/@radix-ui+react-select@2.2.6_@types+react-dom@18.3.7_@types+react@18.3.28__@types+react_f9b05e8db7247fc075715ae52301583d/node_modules/@radix-ui/react-select/dist/index.mjs:42:5)
    at div
    at form
    at div
    at div
    at MotionDOMComponent (file:///Users/juanmunoz/Documents/GitHub/archery-club-hub/node_modules/.pnpm/framer-motion@12.34.0_react-dom@18.3.1_react@18.3.1__react@18.3.1/node_modules/framer-motion/dist/es/motion/index.mjs:46:16)
    at div
    at RegisterClubPage (/Users/juanmunoz/Documents/GitHub/archery-club-hub/src/pages/RegisterClubPage.tsx:26:59)
    at Router (/Users/juanmunoz/Documents/GitHub/archery-club-hub/node_modules/.pnpm/react-router@6.30.3_react@18.3.1/node_modules/react-router/dist/umd/react-router.development.js:1207:17)
    at BrowserRouter (/Users/juanmunoz/Documents/GitHub/archery-club-hub/node_modules/.pnpm/react-router-dom@6.30.3_react-dom@18.3.1_react@18.3.1__react@18.3.1/node_modules/react-router-dom/dist/umd/react-router-dom.development.js:695:7)
Warning: An update to Select inside a test was not wrapped in act(...).

When testing, code that causes React state updates should be wrapped into act(...):

act(() => {
  /* fire events that update state */
});
/* assert on the output */

This ensures that you're testing the behavior the user would see in the browser. Learn more at https://reactjs.org/link/wrap-tests-with-act
    at Select (file:///Users/juanmunoz/Documents/GitHub/archery-club-hub/node_modules/.pnpm/@radix-ui+react-select@2.2.6_@types+react-dom@18.3.7_@types+react@18.3.28__@types+react_f9b05e8db7247fc075715ae52301583d/node_modules/@radix-ui/react-select/dist/index.mjs:42:5)
    at div
    at form
    at div
    at div
    at MotionDOMComponent (file:///Users/juanmunoz/Documents/GitHub/archery-club-hub/node_modules/.pnpm/framer-motion@12.34.0_react-dom@18.3.1_react@18.3.1__react@18.3.1/node_modules/framer-motion/dist/es/motion/index.mjs:46:16)
    at div
    at RegisterClubPage (/Users/juanmunoz/Documents/GitHub/archery-club-hub/src/pages/RegisterClubPage.tsx:26:59)
    at Router (/Users/juanmunoz/Documents/GitHub/archery-club-hub/node_modules/.pnpm/react-router@6.30.3_react@18.3.1/node_modules/react-router/dist/umd/react-router.development.js:1207:17)
    at BrowserRouter (/Users/juanmunoz/Documents/GitHub/archery-club-hub/node_modules/.pnpm/react-router-dom@6.30.3_react-dom@18.3.1_react@18.3.1__react@18.3.1/node_modules/react-router-dom/dist/umd/react-router-dom.development.js:695:7)
Warning: An update to Select inside a test was not wrapped in act(...).

When testing, code that causes React state updates should be wrapped into act(...):

act(() => {
  /* fire events that update state */
});
/* assert on the output */

This ensures that you're testing the behavior the user would see in the browser. Learn more at https://reactjs.org/link/wrap-tests-with-act
    at Select (file:///Users/juanmunoz/Documents/GitHub/archery-club-hub/node_modules/.pnpm/@radix-ui+react-select@2.2.6_@types+react-dom@18.3.7_@types+react@18.3.28__@types+react_f9b05e8db7247fc075715ae52301583d/node_modules/@radix-ui/react-select/dist/index.mjs:42:5)
    at div
    at form
    at div
    at div
    at MotionDOMComponent (file:///Users/juanmunoz/Documents/GitHub/archery-club-hub/node_modules/.pnpm/framer-motion@12.34.0_react-dom@18.3.1_react@18.3.1__react@18.3.1/node_modules/framer-motion/dist/es/motion/index.mjs:46:16)
    at div
    at RegisterClubPage (/Users/juanmunoz/Documents/GitHub/archery-club-hub/src/pages/RegisterClubPage.tsx:26:59)
    at Router (/Users/juanmunoz/Documents/GitHub/archery-club-hub/node_modules/.pnpm/react-router@6.30.3_react@18.3.1/node_modules/react-router/dist/umd/react-router.development.js:1207:17)
    at BrowserRouter (/Users/juanmunoz/Documents/GitHub/archery-club-hub/node_modules/.pnpm/react-router-dom@6.30.3_react-dom@18.3.1_react@18.3.1__react@18.3.1/node_modules/react-router-dom/dist/umd/react-router-dom.development.js:695:7)
Warning: An update to SelectItemText inside a test was not wrapped in act(...).

When testing, code that causes React state updates should be wrapped into act(...):

act(() => {
  /* fire events that update state */
});
/* assert on the output */

This ensures that you're testing the behavior the user would see in the browser. Learn more at https://reactjs.org/link/wrap-tests-with-act
    at file:///Users/juanmunoz/Documents/GitHub/archery-club-hub/node_modules/.pnpm/@radix-ui+react-select@2.2.6_@types+react-dom@18.3.7_@types+react@18.3.28__@types+react_f9b05e8db7247fc075715ae52301583d/node_modules/@radix-ui/react-select/dist/index.mjs:901:13
    at div
    at file:///Users/juanmunoz/Documents/GitHub/archery-club-hub/node_modules/.pnpm/@radix-ui+react-primitive@2.1.3_@types+react-dom@18.3.7_@types+react@18.3.28__@types+re_8827551f88f8a44c5b480e0d8a5a4518/node_modules/@radix-ui/react-primitive/dist/index.mjs:28:13
    at file:///Users/juanmunoz/Documents/GitHub/archery-club-hub/node_modules/.pnpm/@radix-ui+react-slot@1.2.3_@types+react@18.3.28_react@18.3.1/node_modules/@radix-ui/react-slot/dist/index.mjs:33:13
    at file:///Users/juanmunoz/Documents/GitHub/archery-club-hub/node_modules/.pnpm/@radix-ui+react-slot@1.2.3_@types+react@18.3.28_react@18.3.1/node_modules/@radix-ui/react-slot/dist/index.mjs:9:13
    at file:///Users/juanmunoz/Documents/GitHub/archery-club-hub/node_modules/.pnpm/@radix-ui+react-collection@1.1.7_@types+react-dom@18.3.7_@types+react@18.3.28__@types+r_4e264787f1cadc3b39e6411b3bc7d186/node_modules/@radix-ui/react-collection/dist/index.mjs:39:15
    at Provider (file:///Users/juanmunoz/Documents/GitHub/archery-club-hub/node_modules/.pnpm/@radix-ui+react-context@1.1.2_@types+react@18.3.28_react@18.3.1/node_modules/@radix-ui/react-context/dist/index.mjs:27:15)
    at file:///Users/juanmunoz/Documents/GitHub/archery-club-hub/node_modules/.pnpm/@radix-ui+react-select@2.2.6_@types+react-dom@18.3.7_@types+react@18.3.28__@types+react_f9b05e8db7247fc075715ae52301583d/node_modules/@radix-ui/react-select/dist/index.mjs:800:7
    at /Users/juanmunoz/Documents/GitHub/archery-club-hub/src/components/ui/select.tsx:122:70
    at div
    at file:///Users/juanmunoz/Documents/GitHub/archery-club-hub/node_modules/.pnpm/@radix-ui+react-primitive@2.1.3_@types+react-dom@18.3.7_@types+react@18.3.28__@types+re_8827551f88f8a44c5b480e0d8a5a4518/node_modules/@radix-ui/react-primitive/dist/index.mjs:28:13
    at file:///Users/juanmunoz/Documents/GitHub/archery-club-hub/node_modules/.pnpm/@radix-ui+react-slot@1.2.3_@types+react@18.3.28_react@18.3.1/node_modules/@radix-ui/react-slot/dist/index.mjs:33:13
    at file:///Users/juanmunoz/Documents/GitHub/archery-club-hub/node_modules/.pnpm/@radix-ui+react-slot@1.2.3_@types+react@18.3.28_react@18.3.1/node_modules/@radix-ui/react-slot/dist/index.mjs:9:13
    at file:///Users/juanmunoz/Documents/GitHub/archery-club-hub/node_modules/.pnpm/@radix-ui+react-collection@1.1.7_@types+react-dom@18.3.7_@types+react@18.3.28__@types+r_4e264787f1cadc3b39e6411b3bc7d186/node_modules/@radix-ui/react-collection/dist/index.mjs:27:15
    at file:///Users/juanmunoz/Documents/GitHub/archery-club-hub/node_modules/.pnpm/@radix-ui+react-select@2.2.6_@types+react-dom@18.3.7_@types+react@18.3.28__@types+react_f9b05e8db7247fc075715ae52301583d/node_modules/@radix-ui/react-select/dist/index.mjs:711:13
    at div
    at file:///Users/juanmunoz/Documents/GitHub/archery-club-hub/node_modules/.pnpm/@radix-ui+react-slot@1.2.3_@types+react@18.3.28_react@18.3.1/node_modules/@radix-ui/react-slot/dist/index.mjs:33:13
    at file:///Users/juanmunoz/Documents/GitHub/archery-club-hub/node_modules/.pnpm/@radix-ui+react-slot@1.2.3_@types+react@18.3.28_react@18.3.1/node_modules/@radix-ui/react-slot/dist/index.mjs:9:13
    at file:///Users/juanmunoz/Documents/GitHub/archery-club-hub/node_modules/.pnpm/@radix-ui+react-collection@1.1.7_@types+react-dom@18.3.7_@types+react@18.3.28__@types+r_4e264787f1cadc3b39e6411b3bc7d186/node_modules/@radix-ui/react-collection/dist/index.mjs:27:15
    at Provider (file:///Users/juanmunoz/Documents/GitHub/archery-club-hub/node_modules/.pnpm/@radix-ui+react-context@1.1.2_@types+react@18.3.28_react@18.3.1/node_modules/@radix-ui/react-context/dist/index.mjs:27:15)
    at file:///Users/juanmunoz/Documents/GitHub/archery-club-hub/node_modules/.pnpm/@radix-ui+react-select@2.2.6_@types+react-dom@18.3.7_@types+react@18.3.28__@types+react_f9b05e8db7247fc075715ae52301583d/node_modules/@radix-ui/react-select/dist/index.mjs:256:58
    at file:///Users/juanmunoz/Documents/GitHub/archery-club-hub/node_modules/.pnpm/@radix-ui+react-slot@1.2.3_@types+react@18.3.28_react@18.3.1/node_modules/@radix-ui/react-slot/dist/index.mjs:33:13
    at file:///Users/juanmunoz/Documents/GitHub/archery-club-hub/node_modules/.pnpm/@radix-ui+react-slot@1.2.3_@types+react@18.3.28_react@18.3.1/node_modules/@radix-ui/react-slot/dist/index.mjs:9:13
    at file:///Users/juanmunoz/Documents/GitHub/archery-club-hub/node_modules/.pnpm/@radix-ui+react-primitive@2.1.3_@types+react-dom@18.3.7_@types+react@18.3.28__@types+re_8827551f88f8a44c5b480e0d8a5a4518/node_modules/@radix-ui/react-primitive/dist/index.mjs:28:13
    at file:///Users/juanmunoz/Documents/GitHub/archery-club-hub/node_modules/.pnpm/@radix-ui+react-portal@1.1.9_@types+react-dom@18.3.7_@types+react@18.3.28__@types+react_3d239322f44fd01c1fc3aece7e608026/node_modules/@radix-ui/react-portal/dist/index.mjs:11:22
    at SelectPortal
    at /Users/juanmunoz/Documents/GitHub/archery-club-hub/src/components/ui/select.tsx:75:73
    at Provider (file:///Users/juanmunoz/Documents/GitHub/archery-club-hub/node_modules/.pnpm/@radix-ui+react-context@1.1.2_@types+react@18.3.28_react@18.3.1/node_modules/@radix-ui/react-context/dist/index.mjs:27:15)
    at Provider (file:///Users/juanmunoz/Documents/GitHub/archery-club-hub/node_modules/.pnpm/@radix-ui+react-context@1.1.2_@types+react@18.3.28_react@18.3.1/node_modules/@radix-ui/react-context/dist/index.mjs:27:15)
    at CollectionProvider (file:///Users/juanmunoz/Documents/GitHub/archery-club-hub/node_modules/.pnpm/@radix-ui+react-collection@1.1.7_@types+react-dom@18.3.7_@types+react@18.3.28__@types+r_4e264787f1cadc3b39e6411b3bc7d186/node_modules/@radix-ui/react-collection/dist/index.mjs:17:13)
    at Provider (file:///Users/juanmunoz/Documents/GitHub/archery-club-hub/node_modules/.pnpm/@radix-ui+react-context@1.1.2_@types+react@18.3.28_react@18.3.1/node_modules/@radix-ui/react-context/dist/index.mjs:27:15)
    at Provider (file:///Users/juanmunoz/Documents/GitHub/archery-club-hub/node_modules/.pnpm/@radix-ui+react-context@1.1.2_@types+react@18.3.28_react@18.3.1/node_modules/@radix-ui/react-context/dist/index.mjs:27:15)
    at Popper (file:///Users/juanmunoz/Documents/GitHub/archery-club-hub/node_modules/.pnpm/@radix-ui+react-popper@1.2.8_@types+react-dom@18.3.7_@types+react@18.3.28__@types+react_670e32d9a64ee24e3a22b3ad7ddf00ff/node_modules/@radix-ui/react-popper/dist/index.mjs:30:11)
    at Select (file:///Users/juanmunoz/Documents/GitHub/archery-club-hub/node_modules/.pnpm/@radix-ui+react-select@2.2.6_@types+react-dom@18.3.7_@types+react@18.3.28__@types+react_f9b05e8db7247fc075715ae52301583d/node_modules/@radix-ui/react-select/dist/index.mjs:42:5)
    at div
    at form
    at div
    at div
    at MotionDOMComponent (file:///Users/juanmunoz/Documents/GitHub/archery-club-hub/node_modules/.pnpm/framer-motion@12.34.0_react-dom@18.3.1_react@18.3.1__react@18.3.1/node_modules/framer-motion/dist/es/motion/index.mjs:46:16)
    at div
    at RegisterClubPage (/Users/juanmunoz/Documents/GitHub/archery-club-hub/src/pages/RegisterClubPage.tsx:26:59)
    at Router (/Users/juanmunoz/Documents/GitHub/archery-club-hub/node_modules/.pnpm/react-router@6.30.3_react@18.3.1/node_modules/react-router/dist/umd/react-router.development.js:1207:17)
    at BrowserRouter (/Users/juanmunoz/Documents/GitHub/archery-club-hub/node_modules/.pnpm/react-router-dom@6.30.3_react-dom@18.3.1_react@18.3.1__react@18.3.1/node_modules/react-router-dom/dist/umd/react-router-dom.development.js:695:7)
Warning: An update to SelectItem inside a test was not wrapped in act(...).

When testing, code that causes React state updates should be wrapped into act(...):

act(() => {
  /* fire events that update state */
});
/* assert on the output */

This ensures that you're testing the behavior the user would see in the browser. Learn more at https://reactjs.org/link/wrap-tests-with-act
    at file:///Users/juanmunoz/Documents/GitHub/archery-club-hub/node_modules/.pnpm/@radix-ui+react-select@2.2.6_@types+react-dom@18.3.7_@types+react@18.3.28__@types+react_f9b05e8db7247fc075715ae52301583d/node_modules/@radix-ui/react-select/dist/index.mjs:800:7
    at /Users/juanmunoz/Documents/GitHub/archery-club-hub/src/components/ui/select.tsx:122:70
    at div
    at file:///Users/juanmunoz/Documents/GitHub/archery-club-hub/node_modules/.pnpm/@radix-ui+react-primitive@2.1.3_@types+react-dom@18.3.7_@types+react@18.3.28__@types+re_8827551f88f8a44c5b480e0d8a5a4518/node_modules/@radix-ui/react-primitive/dist/index.mjs:28:13
    at file:///Users/juanmunoz/Documents/GitHub/archery-club-hub/node_modules/.pnpm/@radix-ui+react-slot@1.2.3_@types+react@18.3.28_react@18.3.1/node_modules/@radix-ui/react-slot/dist/index.mjs:33:13
    at file:///Users/juanmunoz/Documents/GitHub/archery-club-hub/node_modules/.pnpm/@radix-ui+react-slot@1.2.3_@types+react@18.3.28_react@18.3.1/node_modules/@radix-ui/react-slot/dist/index.mjs:9:13
    at file:///Users/juanmunoz/Documents/GitHub/archery-club-hub/node_modules/.pnpm/@radix-ui+react-collection@1.1.7_@types+react-dom@18.3.7_@types+react@18.3.28__@types+r_4e264787f1cadc3b39e6411b3bc7d186/node_modules/@radix-ui/react-collection/dist/index.mjs:27:15
    at file:///Users/juanmunoz/Documents/GitHub/archery-club-hub/node_modules/.pnpm/@radix-ui+react-select@2.2.6_@types+react-dom@18.3.7_@types+react@18.3.28__@types+react_f9b05e8db7247fc075715ae52301583d/node_modules/@radix-ui/react-select/dist/index.mjs:711:13
    at div
    at file:///Users/juanmunoz/Documents/GitHub/archery-club-hub/node_modules/.pnpm/@radix-ui+react-slot@1.2.3_@types+react@18.3.28_react@18.3.1/node_modules/@radix-ui/react-slot/dist/index.mjs:33:13
    at file:///Users/juanmunoz/Documents/GitHub/archery-club-hub/node_modules/.pnpm/@radix-ui+react-slot@1.2.3_@types+react@18.3.28_react@18.3.1/node_modules/@radix-ui/react-slot/dist/index.mjs:9:13
    at file:///Users/juanmunoz/Documents/GitHub/archery-club-hub/node_modules/.pnpm/@radix-ui+react-collection@1.1.7_@types+react-dom@18.3.7_@types+react@18.3.28__@types+r_4e264787f1cadc3b39e6411b3bc7d186/node_modules/@radix-ui/react-collection/dist/index.mjs:27:15
    at Provider (file:///Users/juanmunoz/Documents/GitHub/archery-club-hub/node_modules/.pnpm/@radix-ui+react-context@1.1.2_@types+react@18.3.28_react@18.3.1/node_modules/@radix-ui/react-context/dist/index.mjs:27:15)
    at file:///Users/juanmunoz/Documents/GitHub/archery-club-hub/node_modules/.pnpm/@radix-ui+react-select@2.2.6_@types+react-dom@18.3.7_@types+react@18.3.28__@types+react_f9b05e8db7247fc075715ae52301583d/node_modules/@radix-ui/react-select/dist/index.mjs:256:58
    at file:///Users/juanmunoz/Documents/GitHub/archery-club-hub/node_modules/.pnpm/@radix-ui+react-slot@1.2.3_@types+react@18.3.28_react@18.3.1/node_modules/@radix-ui/react-slot/dist/index.mjs:33:13
    at file:///Users/juanmunoz/Documents/GitHub/archery-club-hub/node_modules/.pnpm/@radix-ui+react-slot@1.2.3_@types+react@18.3.28_react@18.3.1/node_modules/@radix-ui/react-slot/dist/index.mjs:9:13
    at file:///Users/juanmunoz/Documents/GitHub/archery-club-hub/node_modules/.pnpm/@radix-ui+react-primitive@2.1.3_@types+react-dom@18.3.7_@types+react@18.3.28__@types+re_8827551f88f8a44c5b480e0d8a5a4518/node_modules/@radix-ui/react-primitive/dist/index.mjs:28:13
    at file:///Users/juanmunoz/Documents/GitHub/archery-club-hub/node_modules/.pnpm/@radix-ui+react-portal@1.1.9_@types+react-dom@18.3.7_@types+react@18.3.28__@types+react_3d239322f44fd01c1fc3aece7e608026/node_modules/@radix-ui/react-portal/dist/index.mjs:11:22
    at SelectPortal
    at /Users/juanmunoz/Documents/GitHub/archery-club-hub/src/components/ui/select.tsx:75:73
    at Provider (file:///Users/juanmunoz/Documents/GitHub/archery-club-hub/node_modules/.pnpm/@radix-ui+react-context@1.1.2_@types+react@18.3.28_react@18.3.1/node_modules/@radix-ui/react-context/dist/index.mjs:27:15)
    at Provider (file:///Users/juanmunoz/Documents/GitHub/archery-club-hub/node_modules/.pnpm/@radix-ui+react-context@1.1.2_@types+react@18.3.28_react@18.3.1/node_modules/@radix-ui/react-context/dist/index.mjs:27:15)
    at CollectionProvider (file:///Users/juanmunoz/Documents/GitHub/archery-club-hub/node_modules/.pnpm/@radix-ui+react-collection@1.1.7_@types+react-dom@18.3.7_@types+react@18.3.28__@types+r_4e264787f1cadc3b39e6411b3bc7d186/node_modules/@radix-ui/react-collection/dist/index.mjs:17:13)
    at Provider (file:///Users/juanmunoz/Documents/GitHub/archery-club-hub/node_modules/.pnpm/@radix-ui+react-context@1.1.2_@types+react@18.3.28_react@18.3.1/node_modules/@radix-ui/react-context/dist/index.mjs:27:15)
    at Provider (file:///Users/juanmunoz/Documents/GitHub/archery-club-hub/node_modules/.pnpm/@radix-ui+react-context@1.1.2_@types+react@18.3.28_react@18.3.1/node_modules/@radix-ui/react-context/dist/index.mjs:27:15)
    at Popper (file:///Users/juanmunoz/Documents/GitHub/archery-club-hub/node_modules/.pnpm/@radix-ui+react-popper@1.2.8_@types+react-dom@18.3.7_@types+react@18.3.28__@types+react_670e32d9a64ee24e3a22b3ad7ddf00ff/node_modules/@radix-ui/react-popper/dist/index.mjs:30:11)
    at Select (file:///Users/juanmunoz/Documents/GitHub/archery-club-hub/node_modules/.pnpm/@radix-ui+react-select@2.2.6_@types+react-dom@18.3.7_@types+react@18.3.28__@types+react_f9b05e8db7247fc075715ae52301583d/node_modules/@radix-ui/react-select/dist/index.mjs:42:5)
    at div
    at form
    at div
    at div
    at MotionDOMComponent (file:///Users/juanmunoz/Documents/GitHub/archery-club-hub/node_modules/.pnpm/framer-motion@12.34.0_react-dom@18.3.1_react@18.3.1__react@18.3.1/node_modules/framer-motion/dist/es/motion/index.mjs:46:16)
    at div
    at RegisterClubPage (/Users/juanmunoz/Documents/GitHub/archery-club-hub/src/pages/RegisterClubPage.tsx:26:59)
    at Router (/Users/juanmunoz/Documents/GitHub/archery-club-hub/node_modules/.pnpm/react-router@6.30.3_react@18.3.1/node_modules/react-router/dist/umd/react-router.development.js:1207:17)
    at BrowserRouter (/Users/juanmunoz/Documents/GitHub/archery-club-hub/node_modules/.pnpm/react-router-dom@6.30.3_react-dom@18.3.1_react@18.3.1__react@18.3.1/node_modules/react-router-dom/dist/umd/react-router-dom.development.js:695:7)
Warning: An update to Select inside a test was not wrapped in act(...).

When testing, code that causes React state updates should be wrapped into act(...):

act(() => {
  /* fire events that update state */
});
/* assert on the output */

This ensures that you're testing the behavior the user would see in the browser. Learn more at https://reactjs.org/link/wrap-tests-with-act
    at Select (file:///Users/juanmunoz/Documents/GitHub/archery-club-hub/node_modules/.pnpm/@radix-ui+react-select@2.2.6_@types+react-dom@18.3.7_@types+react@18.3.28__@types+react_f9b05e8db7247fc075715ae52301583d/node_modules/@radix-ui/react-select/dist/index.mjs:42:5)
    at div
    at form
    at div
    at div
    at MotionDOMComponent (file:///Users/juanmunoz/Documents/GitHub/archery-club-hub/node_modules/.pnpm/framer-motion@12.34.0_react-dom@18.3.1_react@18.3.1__react@18.3.1/node_modules/framer-motion/dist/es/motion/index.mjs:46:16)
    at div
    at RegisterClubPage (/Users/juanmunoz/Documents/GitHub/archery-club-hub/src/pages/RegisterClubPage.tsx:26:59)
    at Router (/Users/juanmunoz/Documents/GitHub/archery-club-hub/node_modules/.pnpm/react-router@6.30.3_react@18.3.1/node_modules/react-router/dist/umd/react-router.development.js:1207:17)
    at BrowserRouter (/Users/juanmunoz/Documents/GitHub/archery-club-hub/node_modules/.pnpm/react-router-dom@6.30.3_react-dom@18.3.1_react@18.3.1__react@18.3.1/node_modules/react-router-dom/dist/umd/react-router-dom.development.js:695:7)

 ✓ src/pages/__tests__/RegisterClubPage.test.tsx > RegisterClubPage > debe cargar los planes al iniciar 109ms
 ✓ src/pages/__tests__/RegisterClubPage.test.tsx > RegisterClubPage > no debe mostrar los campos de montos de inscripción y mensualidad 54ms
 × src/pages/__tests__/RegisterClubPage.test.tsx > RegisterClubPage > debe registrar un club exitosamente y redirigir al dashboard 50ms
   → Found a label with the text of: /^Contraseña$/i, however no form control was found associated to that label. Make sure you're using the "for" attribute or "aria-labelledby" attribute correctly.

Ignored nodes: comments, script, style
[36m<body>[39m
  [36m<div>[39m
    [36m<div[39m
      [33mclass[39m=[32m"flex min-h-screen items-center justify-center bg-background p-4 py-12"[39m
    [36m>[39m
      [36m<div[39m
        [33mclass[39m=[32m"w-full max-w-lg"[39m
        [33mstyle[39m=[32m"opacity: 0; transform: translateY(20px);"[39m
      [36m>[39m
        [36m<div[39m
          [33mclass[39m=[32m"mb-8 text-center"[39m
        [36m>[39m
          [36m<div[39m
            [33mclass[39m=[32m"mb-4 flex justify-center"[39m
          [36m>[39m
            [36m<div[39m
              [33mclass[39m=[32m"flex h-14 w-14 items-center justify-center rounded-xl bg-primary/10"[39m
            [36m>[39m
              [36m<svg[39m
                [33mclass[39m=[32m"lucide lucide-building2 h-7 w-7 text-primary"[39m
                [33mfill[39m=[32m"none"[39m
                [33mheight[39m=[32m"24"[39m
                [33mstroke[39m=[32m"currentColor"[39m
                [33mstroke-linecap[39m=[32m"round"[39m
                [33mstroke-linejoin[39m=[32m"round"[39m
                [33mstroke-width[39m=[32m"2"[39m
                [33mviewBox[39m=[32m"0 0 24 24"[39m
                [33mwidth[39m=[32m"24"[39m
                [33mxmlns[39m=[32m"http://www.w3.org/2000/svg"[39m
              [36m>[39m
                [36m<path[39m
                  [33md[39m=[32m"M6 22V4a2 2 0 0 1 2-2h8a2 2 0 0 1 2 2v18Z"[39m
                [36m/>[39m
                [36m<path[39m
                  [33md[39m=[32m"M6 12H4a2 2 0 0 0-2 2v6a2 2 0 0 0 2 2h2"[39m
                [36m/>[39m
                [36m<path[39m
                  [33md[39m=[32m"M18 9h2a2 2 0 0 1 2 2v9a2 2 0 0 1-2 2h-2"[39m
                [36m/>[39m
                [36m<path[39m
                  [33md[39m=[32m"M10 6h4"[39m
                [36m/>[39m
                [36m<path[39m
                  [33md[39m=[32m"M10 10h4"[39m
                [36m/>[39m
                [36m<path[39m
                  [33md[39m=[32m"M10 14h4"[39m
                [36m/>[39m
                [36m<path[39m
                  [33md[39m=[32m"M10 18h4"[39m
                [36m/>[39m
              [36m</svg>[39m
            [36m</div>[39m
          [36m</div>[39m
          [36m<h1[39m
            [33mclass[39m=[32m"text-2xl font-display font-bold text-foreground"[39m
          [36m>[39m
            [0mRegistrar Club[0m
          [36m</h1>[39m
          [36m<p[39m
            [33mclass[39m=[32m"text-muted-foreground"[39m
          [36m>[39m
            [0mCrea tu club y elige un plan SaaS[0m
          [36m</p>[39m
        [36m</div>[39m
        [36m<div[39m
          [33mclass[39m=[32m"glass rounded-xl p-6"[39m
        [36m>[39m
          [36m<form[39m
            [33mclass[39m=[32m"space-y-4"[39m
          [36m>[39m
            [36m<div[39m
              [33mclass[39m=[32m"grid gap-4 sm:grid-cols-2"[39m
            [36m>[39m
              [36m<div[39m
                [33mclass[39m=[32m"space-y-2 sm:col-span-2"[39m
              [36m>[39m
                [36m<label[39m
                  [33mclass[39m=[32m"text-sm font-medium leading-none peer-disabled:cursor-not-allowed peer-disabled:opacity-70"[39m
                [36m>[39m
                  [0mNombre del club[0m
                [36m</label>[39m
                [36m<input[39m
                  [33mclass[39m=[32m"flex h-10 w-full rounded-md border border-input bg-background px-3 py-2 text-base ring-offset-background file:border-0 file:bg-transparent file:text-sm file:font-medium file:text-foreground placeholder:text-muted-foreground focus-visible:outline-none focus-visible:ring-2 focus-visible:ring-ring focus-visible:ring-offset-2 disabled:cursor-not-allowed disabled:opacity-50 md:text-sm"[39m
                  [33mplaceholder[39m=[32m"Club de Arquería..."[39m
                  [33mrequired[39m=[32m""[39m
                  [33mvalue[39m=[32m"Test Club"[39m
                [36m/>[39m
              [36m</div>[39m
              [36m<div[39m
                [33mclass[39m=[32m"space-y-2"[39m
              [36m>[39m
                [36m<label[39m
                  [33mclass[39m=[32m"text-sm font-medium leading-none peer-disabled:cursor-not-allowed peer-disabled:opacity-70"[39m
                [36m>[39m
                  [0mCiudad[0m
                [36m</label>[39m
                [36m<input[39m
                  [33mclass[39m=[32m"flex h-10 w-full rounded-md border border-input bg-background px-3 py-2 text-base ring-offset-background file:border-0 file:bg-transparent file:text-sm file:font-medium file:text-foreground placeholder:text-muted-foreground focus-visible:outline-none focus-visible:ring-2 focus-visible:ring-ring focus-visible:ring-offset-2 disabled:cursor-not-allowed disabled:opacity-50 md:text-sm"[39m
                  [33mplaceholder[39m=[32m"Santiago"[39m
                  [33mvalue[39m=[32m""[39m
                [36m/>[39m
              [36m</div>[39m
              [36m<div[39m
                [33mclass[39m=[32m"space-y-2"[39m
              [36m>[39m
                [36m<label[39m
                  [33mclass[39m=[32m"text-sm font-medium leading-none peer-disabled:cursor-not-allowed peer-disabled:opacity-70"[39m
                [36m>[39m
                  [0mPaís[0m
                [36m</label>[39m
                [36m<input[39m
                  [33mclass[39m=[32m"flex h-10 w-full rounded-md border border-input bg-background px-3 py-2 text-base ring-offset-background file:border-0 file:bg-transparent file:text-sm file:font-medium file:text-foreground placeholder:text-muted-foreground focus-visible:outline-none focus-visible:ring-2 focus-visible:ring-ring focus-visible:ring-offset-2 disabled:cursor-not-allowed disabled:opacity-50 md:text-sm"[39m
                  [33mplaceholder[39m=[32m"Chile"[39m
                  [33mvalue[39m=[32m""[39m
                [36m/>[39m
              [36m</div>[39m
            [36m</div>[39m
            [36m<div[39m
              [33mclass[39m=[32m"space-y-2"[39m
            [36m>[39m
              [36m<label[39m
                [33mclass[39m=[32m"text-sm font-medium leading-none peer-disabled:cursor-not-allowed peer-disabled:opacity-70"[39m
              [36m>[39m
                [0mPlan SaaS[0m
              [36m</label>[39m
              [36m<button[39m
                [33maria-autocomplete[39m=[32m"none"[39m
                [33maria-controls[39m=[32m"radix-:r4:"[39m
                [33maria-expanded[39m=[32m"false"[39m
                [33mclass[39m=[32m"flex h-10 w-full items-center justify-between rounded-md border border-input bg-background px-3 py-2 text-sm ring-offset-background placeholder:text-muted-foreground focus:outline-none focus:ring-2 focus:ring-ring focus:ring-offset-2 disabled:cursor-not-allowed disabled:opacity-50 [&>span]:line-clamp-1"[39m
                [33mdata-placeholder[39m=[32m""[39m
                [33mdata-state[39m=[32m"closed"[39m
                [33mdir[39m=[32m"ltr"[39m
                [33mrole[39m=[32m"combobox"[39m
                [33mtype[39m=[32m"button"[39m
              [36m>[39m
                [36m<span[39m
                  [33mstyle[39m=[32m"pointer-events: none;"[39m
                [36m>[39m
                  [0mSeleccionar plan[0m
                [36m</span>[39m
                [36m<svg[39m
                  [33maria-hidden[39m=[32m"true"[39m
                  [33mclass[39m=[32m"lucide lucide-chevron-down h-4 w-4 opacity-50"[39m
                  [33mfill[39m=[32m"none"[39m
                  [33mheight[39m=[32m"24"[39m
                  [33mstroke[39m=[32m"currentColor"[39m
                  [33mstroke-linecap[39m=[32m"round"[39m
                  [33mstroke-linejoin[39m=[32m"round"[39m
                  [33mstroke-width[39m=[32m"2"[39m
                  [33mviewBox[39m=[32m"0 0 24 24"[39m
                  [33mwidth[39m=[32m"24"[39m
                  [33mxmlns[39m=[32m"http://www.w3.org/2000/svg"[39m
                [36m>[39m
                  [36m<path[39m
                    [33md[39m=[32m"m6 9 6 6 6-6"[39m
                  [36m/>[39m
                [36m</svg>[39m
              [36m</button>[39m
              [36m<select[39m
                [33maria-hidden[39m=[32m"true"[39m
                [33mstyle[39m=[32m"position: absolute; border: 0px; width: 1px; height: 1px; padding: 0px; margin: -1px; overflow: hidden; clip: rect(0px, 0px, 0px, 0px); white-space: nowrap; word-wrap: normal;"[39m
                [33mtabindex[39m=[32m"-1"[39m
              [36m/>[39m
            [36m</div>[39m
            [36m<div[39m
              [33mclass[39m=[32m"border-t border-border my-4"[39m
            [36m/>[39m
            [36m<h3[39m
              [33mclass[39m=[32m"font-display font-semibold text-foreground"[39m
            [36m>[39m
              [0mCuenta del Administrador[0m
            [36m</h3>[39m
            [36m<div[39m
              [33mclass[39m=[32m"space-y-4"[39m
            [36m>[39m
              [36m<div[39m
                [33mclass[39m=[32m"space-y-2"[39m
              [36m>[39m
                [36m<label[39m
                  [33mclass[39m=[32m"text-sm font-medium leading-none peer-disabled:cursor-not-allowed peer-disabled:opacity-70"[39m
                [36m>[39m
                  [0mNombre completo[0m
                [36m</label>[39m
                [36m<input[39m
                  [33mclass[39m=[32m"flex h-10 w-full rounded-md border border-input bg-background px-3 py-2 text-base ring-offset-background file:border-0 file:bg-transparent file:text-sm file:font-medium file:text-foreground placeholder:text-muted-foreground focus-visible:outline-none focus-visible:ring-2 focus-visible:ring-ring focus-visible:ring-offset-2 disabled:cursor-not-allowed disabled:opacity-50 md:text-sm"[39m
                  [33mplaceholder[39m=[32m"Juan Pérez"[39m
                  [33mrequired[39m=[32m""[39m
                  [33mvalue[39m=[32m"Admin Name"[39m
                [36m/>[39m
              [36m</div>[39m
              [36m<div[39m
                [33mclass[39m=[32m"space-y-2"[39m
              [36m>[39m
                [36m<label[39m
                  [33mclass[39m=[32m"text-sm font-medium leading-none peer-disabled:cursor-not-allowed peer-disabled:opacity-70"[39m
                [36m>[39m
                  [0mCorreo electrónico[0m
                [36m</label>[39m
                [36m<input[39m
                  [33mclass[39m=[32m"flex h-10 w-full rounded-md border border-input bg-background px-3 py-2 text-base ring-offset-background file:border-0 file:bg-transparent file:text-sm file:font-medium file:text-foreground placeholder:text-muted-foreground focus-visible:outline-none focus-visible:ring-2 focus-visible:ring-ring focus-visible:ring-offset-2 disabled:cursor-not-allowed disabled:opacity-50 md:text-sm"[39m
                  [33mplaceholder[39m=[32m"admin@club.com"[39m
                  [33mrequired[39m=[32m""[39m
                  [33mtype[39m=[32m"email"[39m
                  [33mvalue[39m=[32m"test@club.com"[39m
                [36m/>[39m
              [36m</div>[39m
              [36m<div[39m
                [33mclass[39m=[32m"space-y-2"[39m
              [36m>[39m
                [36m<label[39m
                  [33mclass[39m=[32m"text-sm font-medium leading-none peer-disabled:cursor-not-allowed peer-disabled:opacity-70"[39m
                [36m>[39m
                  [0mContraseña[0m
                [36m</label>[39m
                [36m<input[39m
                  [33mclass[39m=[32m"flex h-10 w-full rounded-md border border-input bg-background px-3 py-2 text-base ring-offset-background file:border-0 file:bg-transparent file:text-sm file:font-medium file:text-foreground placeholder:text-muted-foreground focus-visible:outline-none focus-visible:ring-2 focus-visible:ring-ring focus-visible:ring-offset-2 disabled:cursor-not-allowed disabled:opacity-50 md:text-sm"[39m
                  [33mminlength[39m=[32m"6"[39m
                  [33mplaceholder[39m=[32m"••••••••"[39m
                  [33mrequired[39m=[32m""[39m
                  [33mtype[39m=[32m"password"[39m
                  [33mvalue[39m=[32m""[39m
                [36m/>[39m
              [36m</div>[39m
            [36m</div>[39m
            [36m<button[39m
              [33mclass[39m=[32m"inline-flex items-center justify-center gap-2 whitespace-nowrap rounded-md text-sm font-medium ring-offset-background transition-colors focus-visible:outline-none focus-visible:ring-2 focus-visible:ring-ring focus-visible:ring-offset-2 disabled:pointer-events-none disabled:opacity-50 [&_svg]:pointer-events-none [&_svg]:size-4 [&_svg]:shrink-0 bg-primary text-primary-foreground hover:bg-primary/90 h-10 px-4 py-2 w-full mt-2"[39m
              [33mtype[39m=[32m"submit"[39m
            [36m>[39m
              [0mRegistrar Club[0m
            [36m</button>[39m
          [36m</form>[39m
        [36m</div>[39m
        [36m<p[39m
          [33mclass[39m=[32m"mt-4 text-center text-sm text-muted-foreground"[39m
        [36m>[39m
          [0m¿Ya tienes cuenta?[0m
          [0m [0m
          [36m<a[39m
            [33mclass[39m=[32m"text-primary font-medium hover:underline"[39m
            [33mhref[39m=[32m"/login"[39m
          [36m>[39m
            [0mIniciar sesión[0m
          [36m</a>[39m
        [36m</p>[39m
      [36m</div>[39m
    [36m</div>[39m
  [36m</div>[39m
[36m</body>[39m
stderr | src/pages/__tests__/InvitationRegisterPage.test.tsx > InvitationRegisterPage > debe mostrar error si hay un problema de permisos (RPC error)
Error loading invitation: { message: [32m'permission denied'[39m, code: [32m'42501'[39m }

 × src/pages/__tests__/InvitationRegisterPage.test.tsx > InvitationRegisterPage > debe cargar los datos del club e invitación si el token es válido 1007ms
   → Unable to find an element with the text: /Archer Club/i. This could be because the text is broken up by multiple elements. In this case, you can provide a function for your text matcher to make your matcher more flexible.

Ignored nodes: comments, script, style
[36m<body>[39m
  [36m<div />[39m
[36m</body>[39m

Ignored nodes: comments, script, style
[36m<html>[39m
  [36m<head />[39m
  [36m<body>[39m
    [36m<div />[39m
  [36m</body>[39m
[36m</html>[39m
 ✓ src/pages/__tests__/InvitationRegisterPage.test.tsx > InvitationRegisterPage > debe mostrar error si hay un problema de permisos (RPC error) 9ms

⎯⎯⎯⎯⎯⎯⎯ Failed Tests 2 ⎯⎯⎯⎯⎯⎯⎯

 FAIL  src/pages/__tests__/InvitationRegisterPage.test.tsx > InvitationRegisterPage > debe cargar los datos del club e invitación si el token es válido
TestingLibraryElementError: Unable to find an element with the text: /Archer Club/i. This could be because the text is broken up by multiple elements. In this case, you can provide a function for your text matcher to make your matcher more flexible.

Ignored nodes: comments, script, style
[36m<body>[39m
  [36m<div />[39m
[36m</body>[39m

Ignored nodes: comments, script, style
[36m<html>[39m
  [36m<head />[39m
  [36m<body>[39m
    [36m<div />[39m
  [36m</body>[39m
[36m</html>[39m
 ❯ Proxy.waitFor node_modules/.pnpm/@testing-library+dom@10.4.1/node_modules/@testing-library/dom/dist/wait-for.js:163:27
 ❯ src/pages/__tests__/InvitationRegisterPage.test.tsx:72:15
     70|         renderPage();
     71| 
     72|         await waitFor(() => {
       |               ^
     73|             expect(screen.getByText(/Archer Club/i)).toBeInTheDocument…
     74|             expect(screen.getByText(/Inscripción/i)).toBeInTheDocument…

⎯⎯⎯⎯⎯⎯⎯⎯⎯⎯⎯⎯⎯⎯⎯⎯⎯⎯⎯⎯⎯⎯⎯⎯[1/2]⎯

 FAIL  src/pages/__tests__/RegisterClubPage.test.tsx > RegisterClubPage > debe registrar un club exitosamente y redirigir al dashboard
TestingLibraryElementError: Found a label with the text of: /^Contraseña$/i, however no form control was found associated to that label. Make sure you're using the "for" attribute or "aria-labelledby" attribute correctly.

Ignored nodes: comments, script, style
[36m<body>[39m
  [36m<div>[39m
    [36m<div[39m
      [33mclass[39m=[32m"flex min-h-screen items-center justify-center bg-background p-4 py-12"[39m
    [36m>[39m
      [36m<div[39m
        [33mclass[39m=[32m"w-full max-w-lg"[39m
        [33mstyle[39m=[32m"opacity: 0; transform: translateY(20px);"[39m
      [36m>[39m
        [36m<div[39m
          [33mclass[39m=[32m"mb-8 text-center"[39m
        [36m>[39m
          [36m<div[39m
            [33mclass[39m=[32m"mb-4 flex justify-center"[39m
          [36m>[39m
            [36m<div[39m
              [33mclass[39m=[32m"flex h-14 w-14 items-center justify-center rounded-xl bg-primary/10"[39m
            [36m>[39m
              [36m<svg[39m
                [33mclass[39m=[32m"lucide lucide-building2 h-7 w-7 text-primary"[39m
                [33mfill[39m=[32m"none"[39m
                [33mheight[39m=[32m"24"[39m
                [33mstroke[39m=[32m"currentColor"[39m
                [33mstroke-linecap[39m=[32m"round"[39m
                [33mstroke-linejoin[39m=[32m"round"[39m
                [33mstroke-width[39m=[32m"2"[39m
                [33mviewBox[39m=[32m"0 0 24 24"[39m
                [33mwidth[39m=[32m"24"[39m
                [33mxmlns[39m=[32m"http://www.w3.org/2000/svg"[39m
              [36m>[39m
                [36m<path[39m
                  [33md[39m=[32m"M6 22V4a2 2 0 0 1 2-2h8a2 2 0 0 1 2 2v18Z"[39m
                [36m/>[39m
                [36m<path[39m
                  [33md[39m=[32m"M6 12H4a2 2 0 0 0-2 2v6a2 2 0 0 0 2 2h2"[39m
                [36m/>[39m
                [36m<path[39m
                  [33md[39m=[32m"M18 9h2a2 2 0 0 1 2 2v9a2 2 0 0 1-2 2h-2"[39m
                [36m/>[39m
                [36m<path[39m
                  [33md[39m=[32m"M10 6h4"[39m
                [36m/>[39m
                [36m<path[39m
                  [33md[39m=[32m"M10 10h4"[39m
                [36m/>[39m
                [36m<path[39m
                  [33md[39m=[32m"M10 14h4"[39m
                [36m/>[39m
                [36m<path[39m
                  [33md[39m=[32m"M10 18h4"[39m
                [36m/>[39m
              [36m</svg>[39m
            [36m</div>[39m
          [36m</div>[39m
          [36m<h1[39m
            [33mclass[39m=[32m"text-2xl font-display font-bold text-foreground"[39m
          [36m>[39m
            [0mRegistrar Club[0m
          [36m</h1>[39m
          [36m<p[39m
            [33mclass[39m=[32m"text-muted-foreground"[39m
          [36m>[39m
            [0mCrea tu club y elige un plan SaaS[0m
          [36m</p>[39m
        [36m</div>[39m
        [36m<div[39m
          [33mclass[39m=[32m"glass rounded-xl p-6"[39m
        [36m>[39m
          [36m<form[39m
            [33mclass[39m=[32m"space-y-4"[39m
          [36m>[39m
            [36m<div[39m
              [33mclass[39m=[32m"grid gap-4 sm:grid-cols-2"[39m
            [36m>[39m
              [36m<div[39m
                [33mclass[39m=[32m"space-y-2 sm:col-span-2"[39m
              [36m>[39m
                [36m<label[39m
                  [33mclass[39m=[32m"text-sm font-medium leading-none peer-disabled:cursor-not-allowed peer-disabled:opacity-70"[39m
                [36m>[39m
                  [0mNombre del club[0m
                [36m</label>[39m
                [36m<input[39m
                  [33mclass[39m=[32m"flex h-10 w-full rounded-md border border-input bg-background px-3 py-2 text-base ring-offset-background file:border-0 file:bg-transparent file:text-sm file:font-medium file:text-foreground placeholder:text-muted-foreground focus-visible:outline-none focus-visible:ring-2 focus-visible:ring-ring focus-visible:ring-offset-2 disabled:cursor-not-allowed disabled:opacity-50 md:text-sm"[39m
                  [33mplaceholder[39m=[32m"Club de Arquería..."[39m
                  [33mrequired[39m=[32m""[39m
                  [33mvalue[39m=[32m"Test Club"[39m
                [36m/>[39m
              [36m</div>[39m
              [36m<div[39m
                [33mclass[39m=[32m"space-y-2"[39m
              [36m>[39m
                [36m<label[39m
                  [33mclass[39m=[32m"text-sm font-medium leading-none peer-disabled:cursor-not-allowed peer-disabled:opacity-70"[39m
                [36m>[39m
                  [0mCiudad[0m
                [36m</label>[39m
                [36m<input[39m
                  [33mclass[39m=[32m"flex h-10 w-full rounded-md border border-input bg-background px-3 py-2 text-base ring-offset-background file:border-0 file:bg-transparent file:text-sm file:font-medium file:text-foreground placeholder:text-muted-foreground focus-visible:outline-none focus-visible:ring-2 focus-visible:ring-ring focus-visible:ring-offset-2 disabled:cursor-not-allowed disabled:opacity-50 md:text-sm"[39m
                  [33mplaceholder[39m=[32m"Santiago"[39m
                  [33mvalue[39m=[32m""[39m
                [36m/>[39m
              [36m</div>[39m
              [36m<div[39m
                [33mclass[39m=[32m"space-y-2"[39m
              [36m>[39m
                [36m<label[39m
                  [33mclass[39m=[32m"text-sm font-medium leading-none peer-disabled:cursor-not-allowed peer-disabled:opacity-70"[39m
                [36m>[39m
                  [0mPaís[0m
                [36m</label>[39m
                [36m<input[39m
                  [33mclass[39m=[32m"flex h-10 w-full rounded-md border border-input bg-background px-3 py-2 text-base ring-offset-background file:border-0 file:bg-transparent file:text-sm file:font-medium file:text-foreground placeholder:text-muted-foreground focus-visible:outline-none focus-visible:ring-2 focus-visible:ring-ring focus-visible:ring-offset-2 disabled:cursor-not-allowed disabled:opacity-50 md:text-sm"[39m
                  [33mplaceholder[39m=[32m"Chile"[39m
                  [33mvalue[39m=[32m""[39m
                [36m/>[39m
              [36m</div>[39m
            [36m</div>[39m
            [36m<div[39m
              [33mclass[39m=[32m"space-y-2"[39m
            [36m>[39m
              [36m<label[39m
                [33mclass[39m=[32m"text-sm font-medium leading-none peer-disabled:cursor-not-allowed peer-disabled:opacity-70"[39m
              [36m>[39m
                [0mPlan SaaS[0m
              [36m</label>[39m
              [36m<button[39m
                [33maria-autocomplete[39m=[32m"none"[39m
                [33maria-controls[39m=[32m"radix-:r4:"[39m
                [33maria-expanded[39m=[32m"false"[39m
                [33mclass[39m=[32m"flex h-10 w-full items-center justify-between rounded-md border border-input bg-background px-3 py-2 text-sm ring-offset-background placeholder:text-muted-foreground focus:outline-none focus:ring-2 focus:ring-ring focus:ring-offset-2 disabled:cursor-not-allowed disabled:opacity-50 [&>span]:line-clamp-1"[39m
                [33mdata-placeholder[39m=[32m""[39m
                [33mdata-state[39m=[32m"closed"[39m
                [33mdir[39m=[32m"ltr"[39m
                [33mrole[39m=[32m"combobox"[39m
                [33mtype[39m=[32m"button"[39m
              [36m>[39m
                [36m<span[39m
                  [33mstyle[39m=[32m"pointer-events: none;"[39m
                [36m>[39m
                  [0mSeleccionar plan[0m
                [36m</span>[39m
                [36m<svg[39m
                  [33maria-hidden[39m=[32m"true"[39m
                  [33mclass[39m=[32m"lucide lucide-chevron-down h-4 w-4 opacity-50"[39m
                  [33mfill[39m=[32m"none"[39m
                  [33mheight[39m=[32m"24"[39m
                  [33mstroke[39m=[32m"currentColor"[39m
                  [33mstroke-linecap[39m=[32m"round"[39m
                  [33mstroke-linejoin[39m=[32m"round"[39m
                  [33mstroke-width[39m=[32m"2"[39m
                  [33mviewBox[39m=[32m"0 0 24 24"[39m
                  [33mwidth[39m=[32m"24"[39m
                  [33mxmlns[39m=[32m"http://www.w3.org/2000/svg"[39m
                [36m>[39m
                  [36m<path[39m
                    [33md[39m=[32m"m6 9 6 6 6-6"[39m
                  [36m/>[39m
                [36m</svg>[39m
              [36m</button>[39m
              [36m<select[39m
                [33maria-hidden[39m=[32m"true"[39m
                [33mstyle[39m=[32m"position: absolute; border: 0px; width: 1px; height: 1px; padding: 0px; margin: -1px; overflow: hidden; clip: rect(0px, 0px, 0px, 0px); white-space: nowrap; word-wrap: normal;"[39m
                [33mtabindex[39m=[32m"-1"[39m
              [36m/>[39m
            [36m</div>[39m
            [36m<div[39m
              [33mclass[39m=[32m"border-t border-border my-4"[39m
            [36m/>[39m
            [36m<h3[39m
              [33mclass[39m=[32m"font-display font-semibold text-foreground"[39m
            [36m>[39m
              [0mCuenta del Administrador[0m
            [36m</h3>[39m
            [36m<div[39m
              [33mclass[39m=[32m"space-y-4"[39m
            [36m>[39m
              [36m<div[39m
                [33mclass[39m=[32m"space-y-2"[39m
              [36m>[39m
                [36m<label[39m
                  [33mclass[39m=[32m"text-sm font-medium leading-none peer-disabled:cursor-not-allowed peer-disabled:opacity-70"[39m
                [36m>[39m
                  [0mNombre completo[0m
                [36m</label>[39m
                [36m<input[39m
                  [33mclass[39m=[32m"flex h-10 w-full rounded-md border border-input bg-background px-3 py-2 text-base ring-offset-background file:border-0 file:bg-transparent file:text-sm file:font-medium file:text-foreground placeholder:text-muted-foreground focus-visible:outline-none focus-visible:ring-2 focus-visible:ring-ring focus-visible:ring-offset-2 disabled:cursor-not-allowed disabled:opacity-50 md:text-sm"[39m
                  [33mplaceholder[39m=[32m"Juan Pérez"[39m
                  [33mrequired[39m=[32m""[39m
                  [33mvalue[39m=[32m"Admin Name"[39m
                [36m/>[39m
              [36m</div>[39m
              [36m<div[39m
                [33mclass[39m=[32m"space-y-2"[39m
              [36m>[39m
                [36m<label[39m
                  [33mclass[39m=[32m"text-sm font-medium leading-none peer-disabled:cursor-not-allowed peer-disabled:opacity-70"[39m
                [36m>[39m
                  [0mCorreo electrónico[0m
                [36m</label>[39m
                [36m<input[39m
                  [33mclass[39m=[32m"flex h-10 w-full rounded-md border border-input bg-background px-3 py-2 text-base ring-offset-background file:border-0 file:bg-transparent file:text-sm file:font-medium file:text-foreground placeholder:text-muted-foreground focus-visible:outline-none focus-visible:ring-2 focus-visible:ring-ring focus-visible:ring-offset-2 disabled:cursor-not-allowed disabled:opacity-50 md:text-sm"[39m
                  [33mplaceholder[39m=[32m"admin@club.com"[39m
                  [33mrequired[39m=[32m""[39m
                  [33mtype[39m=[32m"email"[39m
                  [33mvalue[39m=[32m"test@club.com"[39m
                [36m/>[39m
              [36m</div>[39m
              [36m<div[39m
                [33mclass[39m=[32m"space-y-2"[39m
              [36m>[39m
                [36m<label[39m
                  [33mclass[39m=[32m"text-sm font-medium leading-none peer-disabled:cursor-not-allowed peer-disabled:opacity-70"[39m
                [36m>[39m
                  [0mContraseña[0m
                [36m</label>[39m
                [36m<input[39m
                  [33mclass[39m=[32m"flex h-10 w-full rounded-md border border-input bg-background px-3 py-2 text-base ring-offset-background file:border-0 file:bg-transparent file:text-sm file:font-medium file:text-foreground placeholder:text-muted-foreground focus-visible:outline-none focus-visible:ring-2 focus-visible:ring-ring focus-visible:ring-offset-2 disabled:cursor-not-allowed disabled:opacity-50 md:text-sm"[39m
                  [33mminlength[39m=[32m"6"[39m
                  [33mplaceholder[39m=[32m"••••••••"[39m
                  [33mrequired[39m=[32m""[39m
                  [33mtype[39m=[32m"password"[39m
                  [33mvalue[39m=[32m""[39m
                [36m/>[39m
              [36m</div>[39m
            [36m</div>[39m
            [36m<button[39m
              [33mclass[39m=[32m"inline-flex items-center justify-center gap-2 whitespace-nowrap rounded-md text-sm font-medium ring-offset-background transition-colors focus-visible:outline-none focus-visible:ring-2 focus-visible:ring-ring focus-visible:ring-offset-2 disabled:pointer-events-none disabled:opacity-50 [&_svg]:pointer-events-none [&_svg]:size-4 [&_svg]:shrink-0 bg-primary text-primary-foreground hover:bg-primary/90 h-10 px-4 py-2 w-full mt-2"[39m
              [33mtype[39m=[32m"submit"[39m
            [36m>[39m
              [0mRegistrar Club[0m
            [36m</button>[39m
          [36m</form>[39m
        [36m</div>[39m
        [36m<p[39m
          [33mclass[39m=[32m"mt-4 text-center text-sm text-muted-foreground"[39m
        [36m>[39m
          [0m¿Ya tienes cuenta?[0m
          [0m [0m
          [36m<a[39m
            [33mclass[39m=[32m"text-primary font-medium hover:underline"[39m
            [33mhref[39m=[32m"/login"[39m
          [36m>[39m
            [0mIniciar sesión[0m
          [36m</a>[39m
        [36m</p>[39m
      [36m</div>[39m
    [36m</div>[39m
  [36m</div>[39m
[36m</body>[39m
 ❯ Object.getElementError node_modules/.pnpm/@testing-library+dom@10.4.1/node_modules/@testing-library/dom/dist/config.js:37:19
 ❯ getAllByLabelText node_modules/.pnpm/@testing-library+dom@10.4.1/node_modules/@testing-library/dom/dist/queries/label-text.js:108:40
 ❯ node_modules/.pnpm/@testing-library+dom@10.4.1/node_modules/@testing-library/dom/dist/query-helpers.js:52:17
 ❯ getByLabelText node_modules/.pnpm/@testing-library+dom@10.4.1/node_modules/@testing-library/dom/dist/query-helpers.js:95:19
 ❯ src/pages/__tests__/RegisterClubPage.test.tsx:91:33
     89|         fireEvent.change(screen.getByPlaceholderText(/Juan Pérez/i), {…
     90|         fireEvent.change(screen.getByPlaceholderText(/admin@club.com/i…
     91|         fireEvent.change(screen.getByLabelText(/^Contraseña$/i), { tar…
       |                                 ^
     92| 
     93|         const submitBtn = screen.getByRole("button", { name: /Registra…

⎯⎯⎯⎯⎯⎯⎯⎯⎯⎯⎯⎯⎯⎯⎯⎯⎯⎯⎯⎯⎯⎯⎯⎯[2/2]⎯

⎯⎯⎯⎯⎯⎯ Unhandled Errors ⎯⎯⎯⎯⎯⎯

Vitest caught 1 unhandled error during the test run.
This might cause false positive tests. Resolve unhandled errors to make sure your tests are not affected.

⎯⎯⎯⎯⎯ Uncaught Exception ⎯⎯⎯⎯⎯
ReferenceError: ResizeObserver is not defined
 ❯ node_modules/.pnpm/@radix-ui+react-use-size@1.1.1_@types+react@18.3.28_react@18.3.1/node_modules/@radix-ui/react-use-size/src/use-size.tsx:14:30
 ❯ commitHookEffectListMount node_modules/.pnpm/react-dom@18.3.1_react@18.3.1/node_modules/react-dom/cjs/react-dom.development.js:23189:26
 ❯ commitLayoutEffectOnFiber node_modules/.pnpm/react-dom@18.3.1_react@18.3.1/node_modules/react-dom/cjs/react-dom.development.js:23312:15
 ❯ commitLayoutMountEffects_complete node_modules/.pnpm/react-dom@18.3.1_react@18.3.1/node_modules/react-dom/cjs/react-dom.development.js:24727:9
 ❯ commitLayoutEffects_begin node_modules/.pnpm/react-dom@18.3.1_react@18.3.1/node_modules/react-dom/cjs/react-dom.development.js:24713:7
 ❯ commitLayoutEffects node_modules/.pnpm/react-dom@18.3.1_react@18.3.1/node_modules/react-dom/cjs/react-dom.development.js:24651:3
 ❯ commitRootImpl node_modules/.pnpm/react-dom@18.3.1_react@18.3.1/node_modules/react-dom/cjs/react-dom.development.js:26862:5
 ❯ commitRoot node_modules/.pnpm/react-dom@18.3.1_react@18.3.1/node_modules/react-dom/cjs/react-dom.development.js:26721:5
 ❯ performSyncWorkOnRoot node_modules/.pnpm/react-dom@18.3.1_react@18.3.1/node_modules/react-dom/cjs/react-dom.development.js:26156:3
 ❯ flushSyncCallbacks node_modules/.pnpm/react-dom@18.3.1_react@18.3.1/node_modules/react-dom/cjs/react-dom.development.js:12042:22

This error originated in "src/pages/__tests__/InvitationRegisterPage.test.tsx" test file. It doesn't mean the error was thrown inside the file itself, but while it was running.
The latest test that might've caused the error is "debe cargar los datos del club e invitación si el token es válido". It might mean one of the following:
- The error was thrown, while Vitest was running this test.
- If the error occurred after the test had been completed, this was the last documented test before it was thrown.
⎯⎯⎯⎯⎯⎯⎯⎯⎯⎯⎯⎯⎯⎯⎯⎯⎯⎯⎯⎯⎯⎯⎯⎯⎯⎯⎯⎯⎯⎯


 Test Files  2 failed | 1 passed (3)
      Tests  2 failed | 5 passed (7)
     Errors  1 error
   Start at  21:49:58
   Duration  3.39s (transform 242ms, setup 269ms, collect 1.29s, tests 1.29s, environment 1.85s, prepare 917ms)

